
R version 3.6.1 (2019-07-05) -- "Action of the Toes"
Copyright (C) 2019 The R Foundation for Statistical Computing
Platform: x86_64-apple-darwin15.6.0 (64-bit)

R is free software and comes with ABSOLUTELY NO WARRANTY.
You are welcome to redistribute it under certain conditions.
Type 'license()' or 'licence()' for distribution details.

  Natural language support but running in an English locale

R is a collaborative project with many contributors.
Type 'contributors()' for more information and
'citation()' on how to cite R or R packages in publications.

Type 'demo()' for some demos, 'help()' for on-line help, or
'help.start()' for an HTML browser interface to help.
Type 'q()' to quit R.

[Previously saved workspace restored]

> 
> ##Titanic data analysis
> 
> library(ggplot2) # Data visualization
Warning message:
package â€˜ggplot2â€™ was built under R version 3.6.2 
> 
> 
> library(dplyr)

Attaching package: â€˜dplyrâ€™

The following objects are masked from â€˜package:statsâ€™:

    filter, lag

The following objects are masked from â€˜package:baseâ€™:

    intersect, setdiff, setequal, union

Warning message:
package â€˜dplyrâ€™ was built under R version 3.6.2 
> library(ggthemes)
> 
> ##### Input the data sets
> Titanic_train <- read.csv('../input/train.csv')
> Titanic_test <- read.csv('../input/test.csv')
> 
> ##### Initial EDA
> glimpse(Titanic_train)
Rows: 891
Columns: 12
$ PassengerId [3m[90m<int>[39m[23m 1, 2, 3, 4, 5, 6, 7, 8, 9, 10, 11, 12, 13, 14, 15, 16, 17â€¦
$ Survived    [3m[90m<int>[39m[23m 0, 1, 1, 1, 0, 0, 0, 0, 1, 1, 1, 1, 0, 0, 0, 1, 0, 1, 0, â€¦
$ Pclass      [3m[90m<int>[39m[23m 3, 1, 3, 1, 3, 3, 1, 3, 3, 2, 3, 1, 3, 3, 3, 2, 3, 2, 3, â€¦
$ Name        [3m[90m<fct>[39m[23m "Braund, Mr. Owen Harris", "Cumings, Mrs. John Bradley (Fâ€¦
$ Sex         [3m[90m<fct>[39m[23m male, female, female, female, male, male, male, male, femâ€¦
$ Age         [3m[90m<dbl>[39m[23m 22, 38, 26, 35, 35, NA, 54, 2, 27, 14, 4, 58, 20, 39, 14,â€¦
$ SibSp       [3m[90m<int>[39m[23m 1, 1, 0, 1, 0, 0, 0, 3, 0, 1, 1, 0, 0, 1, 0, 0, 4, 0, 1, â€¦
$ Parch       [3m[90m<int>[39m[23m 0, 0, 0, 0, 0, 0, 0, 1, 2, 0, 1, 0, 0, 5, 0, 0, 1, 0, 0, â€¦
$ Ticket      [3m[90m<fct>[39m[23m A/5 21171, PC 17599, STON/O2. 3101282, 113803, 373450, 33â€¦
$ Fare        [3m[90m<dbl>[39m[23m 7.2500, 71.2833, 7.9250, 53.1000, 8.0500, 8.4583, 51.8625â€¦
$ Cabin       [3m[90m<fct>[39m[23m , C85, , C123, , , E46, , , , G6, C103, , , , , , , , , ,â€¦
$ Embarked    [3m[90m<fct>[39m[23m S, C, S, S, S, Q, S, S, S, C, S, S, S, S, S, S, Q, S, S, â€¦
> 
> ### Transform Pclass to levels
> Titanic_train$Pclass <- as.factor(Titanic_train$Pclass)
> levels(Titanic_train$Pclass) <- c('Upper', 'Middle', 'Lower')
> glimpse(Titanic_train)
Rows: 891
Columns: 12
$ PassengerId [3m[90m<int>[39m[23m 1, 2, 3, 4, 5, 6, 7, 8, 9, 10, 11, 12, 13, 14, 15, 16, 17â€¦
$ Survived    [3m[90m<int>[39m[23m 0, 1, 1, 1, 0, 0, 0, 0, 1, 1, 1, 1, 0, 0, 0, 1, 0, 1, 0, â€¦
$ Pclass      [3m[90m<fct>[39m[23m Lower, Upper, Lower, Upper, Lower, Lower, Upper, Lower, Lâ€¦
$ Name        [3m[90m<fct>[39m[23m "Braund, Mr. Owen Harris", "Cumings, Mrs. John Bradley (Fâ€¦
$ Sex         [3m[90m<fct>[39m[23m male, female, female, female, male, male, male, male, femâ€¦
$ Age         [3m[90m<dbl>[39m[23m 22, 38, 26, 35, 35, NA, 54, 2, 27, 14, 4, 58, 20, 39, 14,â€¦
$ SibSp       [3m[90m<int>[39m[23m 1, 1, 0, 1, 0, 0, 0, 3, 0, 1, 1, 0, 0, 1, 0, 0, 4, 0, 1, â€¦
$ Parch       [3m[90m<int>[39m[23m 0, 0, 0, 0, 0, 0, 0, 1, 2, 0, 1, 0, 0, 5, 0, 0, 1, 0, 0, â€¦
$ Ticket      [3m[90m<fct>[39m[23m A/5 21171, PC 17599, STON/O2. 3101282, 113803, 373450, 33â€¦
$ Fare        [3m[90m<dbl>[39m[23m 7.2500, 71.2833, 7.9250, 53.1000, 8.0500, 8.4583, 51.8625â€¦
$ Cabin       [3m[90m<fct>[39m[23m , C85, , C123, , , E46, , , , G6, C103, , , , , , , , , ,â€¦
$ Embarked    [3m[90m<fct>[39m[23m S, C, S, S, S, Q, S, S, S, C, S, S, S, S, S, S, Q, S, S, â€¦
> 
> ### Transform Sex to male and female
> Titanic_train$Sex <- as.factor(Titanic_train$Sex)
> levels(Titanic_train$Sex) <- c('Female', 'Male')
> glimpse(Titanic_train)
Rows: 891
Columns: 12
$ PassengerId [3m[90m<int>[39m[23m 1, 2, 3, 4, 5, 6, 7, 8, 9, 10, 11, 12, 13, 14, 15, 16, 17â€¦
$ Survived    [3m[90m<int>[39m[23m 0, 1, 1, 1, 0, 0, 0, 0, 1, 1, 1, 1, 0, 0, 0, 1, 0, 1, 0, â€¦
$ Pclass      [3m[90m<fct>[39m[23m Lower, Upper, Lower, Upper, Lower, Lower, Upper, Lower, Lâ€¦
$ Name        [3m[90m<fct>[39m[23m "Braund, Mr. Owen Harris", "Cumings, Mrs. John Bradley (Fâ€¦
$ Sex         [3m[90m<fct>[39m[23m Male, Female, Female, Female, Male, Male, Male, Male, Femâ€¦
$ Age         [3m[90m<dbl>[39m[23m 22, 38, 26, 35, 35, NA, 54, 2, 27, 14, 4, 58, 20, 39, 14,â€¦
$ SibSp       [3m[90m<int>[39m[23m 1, 1, 0, 1, 0, 0, 0, 3, 0, 1, 1, 0, 0, 1, 0, 0, 4, 0, 1, â€¦
$ Parch       [3m[90m<int>[39m[23m 0, 0, 0, 0, 0, 0, 0, 1, 2, 0, 1, 0, 0, 5, 0, 0, 1, 0, 0, â€¦
$ Ticket      [3m[90m<fct>[39m[23m A/5 21171, PC 17599, STON/O2. 3101282, 113803, 373450, 33â€¦
$ Fare        [3m[90m<dbl>[39m[23m 7.2500, 71.2833, 7.9250, 53.1000, 8.0500, 8.4583, 51.8625â€¦
$ Cabin       [3m[90m<fct>[39m[23m , C85, , C123, , , E46, , , , G6, C103, , , , , , , , , ,â€¦
$ Embarked    [3m[90m<fct>[39m[23m S, C, S, S, S, Q, S, S, S, C, S, S, S, S, S, S, Q, S, S, â€¦
> 
> ### 342 passengers are survived, 549 passengers are dead
> sum(Titanic_train$Survived == 1)
[1] 342
> sum(Titanic_train$Survived == 0)
[1] 549
> 
> ### Sex distribution
> Sex_Distribution <- ggplot(data = Titanic_train, aes(x=Sex)) + geom_bar(fill='green', width = 0.7) + ylab('num_of_passenger') + ggtitle('Sex and passenger numbers relationship')
> Sex_Distribution
> 
> ### 233 Female and 109 Males are survived; 81 Female and 468 Males are dead
> sum(Titanic_train$Survived == 1 & Titanic_train$Sex == 'Female')
[1] 233
> sum(Titanic_train$Survived == 1 & Titanic_train$Sex == 'Male')
[1] 109
> sum(Titanic_train$Survived == 0 & Titanic_train$Sex == 'Female')
[1] 81
> sum(Titanic_train$Survived == 0 & Titanic_train$Sex == 'Male')
[1] 468
> 
> ### Age calculation and distribution
> Titanic_train1 <- Titanic_train %>%
+   select(Survived, Pclass, Sex, Age) %>%
+   filter(Age >= 0)
> Age_Distribution <- ggplot() + geom_density(data = Titanic_train1, aes(x=Age), fill='yellow', alpha=0.7)
> Age_Distribution
> 
> 
> 
> ### 61.29% passengers younger than 10 years old survived, 36.65% passengers between 10 and 30 years old survived, 41.80% passengers between 30 and 50 years old survived, 36.49% over 50 years old survived.
> max(Titanic_train$Age, na.rm = TRUE)
[1] 80
> min(Titanic_train$Age, na.rm = TRUE)
[1] 0.42
> sum(Titanic_train1$Age < 10 & Titanic_train1$Survived == 1) / sum(Titanic_train1$Age < 10)
[1] 0.6129032
> sum(Titanic_train1$Age >= 10 & Titanic_train1$Age < 30 & Titanic_train1$Survived == 1) / sum(Titanic_train1$Age >= 10 & Titanic_train1$Age < 30)
[1] 0.3664596
> sum(Titanic_train1$Age >= 30 & Titanic_train1$Age < 50 & Titanic_train1$Survived == 1) / sum(Titanic_train1$Age >= 30 & Titanic_train1$Age < 50)
[1] 0.4179688
> sum(Titanic_train1$Age >= 50 & Titanic_train1$Survived == 1) / sum(Titanic_train1$Age >= 50)
[1] 0.3648649
> 
> ### Pclass distribution
> Pclass_Distribution <- ggplot(data = Titanic_train, aes(x=Pclass)) + geom_bar(fill='blue', width = 0.7) + ylab('num_of_passenger') + ggtitle('Relationship between Pclass and passenger numbers')
> Pclass_Distribution
> 
> 
> 
> ### 62.96% passengers with Upper class survived, 47.28% passengers with Middle class Survived, 24.24% passengers with Lower class Survived
> sum(Titanic_train$Pclass == 'Upper' & Titanic_train$Survived == 1) / sum(Titanic_train$Pclass == 'Upper')
[1] 0.6296296
> sum(Titanic_train$Pclass == 'Middle' & Titanic_train$Survived == 1) / sum(Titanic_train$Pclass == 'Middle')
[1] 0.4728261
> sum(Titanic_train$Pclass == 'Lower' & Titanic_train$Survived == 1) / sum(Titanic_train$Pclass == 'Lower')
[1] 0.2423625
> 
> ### Family Size distribution
> Titanic_train$FamilySize <- ifelse(Titanic_train$SibSp + Titanic_train$Parch + 1 == 1, "Single", ifelse(Titanic_train$SibSp + Titanic_train$Parch + 1 < 4, "Small", "Large"))
> FamilySize_Distribution <- ggplot(Titanic_train, aes(FamilySize)) + geom_bar(position="dodge", fill = 'orange') +  scale_x_discrete(limits=c("Single", "Small", "Large")) + ylab('num_of_passenger') + ggtitle('Family size and passenger numbers')
> FamilySize_Distribution
> 
> ### Data Visualization for Familysize vs Survived
> Familysize_Survived <- ggplot(Titanic_train, aes(FamilySize, fill = factor(Survived))) + geom_bar() + theme_few() + xlab("Familysize") + ylab("num_of_passengers") + scale_fill_discrete(name = "Survived") + theme_few()+ ggtitle("Relationship between Familysize and Survived")
> Familysize_Survived
> 
> ### 30.35% passengers with Single family size survived, 56.27% passengers with Small family size survived, 34.07% passengers with Large family size survived
> sum(Titanic_train$FamilySize == 'Single' & Titanic_train$Survived == 1) / sum(Titanic_train$FamilySize == 'Single')
[1] 0.3035382
> sum(Titanic_train$FamilySize == 'Small' & Titanic_train$Survived == 1) / sum(Titanic_train$FamilySize == 'Small')
[1] 0.5627376
> sum(Titanic_train$FamilySize == 'Large' & Titanic_train$Survived == 1) / sum(Titanic_train$FamilySize == 'Large')
[1] 0.3406593
> 
> ##### Linear Model: Survived = 1.014245 - 0.489949*SexMale - 0.006252*Age - 0.209941*PclassMiddle - 0.400391*PclassLower + 0.148970*FamilySizeSingle + 0.166486*FamilySizeSmall
> Titanic_train_model <- Titanic_train %>%
+   filter(Age >= 0) %>%
+   select(Sex, Age, Pclass, FamilySize, Survived)
> Titanic_model <- lm(Survived ~ Sex + Age + Pclass + FamilySize, data = Titanic_train_model)
> summary(Titanic_model)

Call:
lm(formula = Survived ~ Sex + Age + Pclass + FamilySize, data = Titanic_train_model)

Residuals:
     Min       1Q   Median       3Q      Max 
-1.00174 -0.23825 -0.07281  0.22178  1.00846 

Coefficients:
                  Estimate Std. Error t value Pr(>|t|)    
(Intercept)       1.014245   0.060983  16.632  < 2e-16 ***
SexMale          -0.489949   0.031422 -15.593  < 2e-16 ***
Age              -0.006252   0.001127  -5.550 4.05e-08 ***
PclassMiddle     -0.209941   0.041666  -5.039 5.96e-07 ***
PclassLower      -0.400391   0.038976 -10.273  < 2e-16 ***
FamilySizeSingle  0.148970   0.050591   2.945  0.00334 ** 
FamilySizeSmall   0.166486   0.051740   3.218  0.00135 ** 
---
Signif. codes:  0 â€˜***â€™ 0.001 â€˜**â€™ 0.01 â€˜*â€™ 0.05 â€˜.â€™ 0.1 â€˜ â€™ 1

Residual standard error: 0.3825 on 707 degrees of freedom
Multiple R-squared:  0.3994,	Adjusted R-squared:  0.3943 
F-statistic: 78.34 on 6 and 707 DF,  p-value: < 2.2e-16

> 
> Titanic_test$FamilySize <- ifelse(Titanic_test$SibSp + Titanic_test$Parch + 1 == 1, "Single", ifelse(Titanic_test$SibSp + Titanic_test$Parch + 1 < 4, "Small", "Large"))
> Titanic_test$Pclass <- as.factor(Titanic_test$Pclass)
> levels(Titanic_test$Pclass) <- c('Upper', 'Middle', 'Lower')
> Titanic_test$Sex <- as.factor(Titanic_test$Sex)
> levels(Titanic_test$Sex) <- c('Female', 'Male')
> 
> submission <- Titanic_test %>%
+ mutate(Survived = round(predict(Titanic_model, Titanic_test))) %>%
+ select(PassengerId, Survived)
> submission[is.na(submission)] <- 0
> submission
    PassengerId Survived
1           892        0
2           893        0
3           894        0
4           895        0
5           896        1
6           897        0
7           898        1
8           899        0
9           900        1
10          901        0
11          902        0
12          903        0
13          904        1
14          905        0
15          906        1
16          907        1
17          908        0
18          909        0
19          910        1
20          911        0
21          912        0
22          913        0
23          914        0
24          915        1
25          916        1
26          917        0
27          918        1
28          919        0
29          920        0
30          921        0
31          922        0
32          923        0
33          924        0
34          925        0
35          926        1
36          927        0
37          928        0
38          929        1
39          930        0
40          931        0
41          932        0
42          933        0
43          934        0
44          935        1
45          936        1
46          937        0
47          938        0
48          939        0
49          940        1
50          941        1
51          942        1
52          943        0
53          944        1
54          945        1
55          946        0
56          947        0
57          948        0
58          949        0
59          950        0
60          951        1
61          952        0
62          953        0
63          954        0
64          955        1
65          956        0
66          957        0
67          958        1
68          959        0
69          960        0
70          961        1
71          962        1
72          963        0
73          964        1
74          965        0
75          966        1
76          967        0
77          968        0
78          969        1
79          970        0
80          971        1
81          972        0
82          973        0
83          974        0
84          975        0
85          976        0
86          977        0
87          978        1
88          979        1
89          980        0
90          981        0
91          982        1
92          983        0
93          984        1
94          985        0
95          986        1
96          987        0
97          988        1
98          989        0
99          990        1
100         991        0
101         992        1
102         993        0
103         994        0
104         995        0
105         996        1
106         997        0
107         998        0
108         999        0
109        1000        0
110        1001        0
111        1002        0
112        1003        0
113        1004        1
114        1005        1
115        1006        1
116        1007        0
117        1008        0
118        1009        1
119        1010        0
120        1011        1
121        1012        1
122        1013        0
123        1014        1
124        1015        0
125        1016        0
126        1017        1
127        1018        0
128        1019        0
129        1020        0
130        1021        0
131        1022        0
132        1023        0
133        1024        0
134        1025        0
135        1026        0
136        1027        0
137        1028        0
138        1029        0
139        1030        1
140        1031        0
141        1032        1
142        1033        1
143        1034        0
144        1035        0
145        1036        0
146        1037        0
147        1038        0
148        1039        0
149        1040        0
150        1041        0
151        1042        1
152        1043        0
153        1044        0
154        1045        1
155        1046        0
156        1047        0
157        1048        1
158        1049        1
159        1050        0
160        1051        1
161        1052        0
162        1053        0
163        1054        1
164        1055        0
165        1056        0
166        1057        1
167        1058        0
168        1059        0
169        1060        0
170        1061        1
171        1062        0
172        1063        0
173        1064        0
174        1065        0
175        1066        0
176        1067        1
177        1068        1
178        1069        0
179        1070        1
180        1071        1
181        1072        0
182        1073        0
183        1074        1
184        1075        0
185        1076        1
186        1077        0
187        1078        1
188        1079        0
189        1080        0
190        1081        0
191        1082        0
192        1083        0
193        1084        0
194        1085        0
195        1086        0
196        1087        0
197        1088        1
198        1089        1
199        1090        0
200        1091        0
201        1092        0
202        1093        0
203        1094        0
204        1095        1
205        1096        0
206        1097        0
207        1098        1
208        1099        0
209        1100        1
210        1101        0
211        1102        0
212        1103        0
213        1104        0
214        1105        1
215        1106        0
216        1107        0
217        1108        0
218        1109        0
219        1110        1
220        1111        0
221        1112        1
222        1113        0
223        1114        1
224        1115        0
225        1116        1
226        1117        0
227        1118        0
228        1119        0
229        1120        0
230        1121        0
231        1122        0
232        1123        1
233        1124        0
234        1125        0
235        1126        0
236        1127        0
237        1128        0
238        1129        0
239        1130        1
240        1131        1
241        1132        1
242        1133        1
243        1134        0
244        1135        0
245        1136        0
246        1137        0
247        1138        1
248        1139        0
249        1140        1
250        1141        0
251        1142        1
252        1143        0
253        1144        1
254        1145        0
255        1146        0
256        1147        0
257        1148        0
258        1149        0
259        1150        1
260        1151        0
261        1152        0
262        1153        0
263        1154        1
264        1155        1
265        1156        0
266        1157        0
267        1158        0
268        1159        0
269        1160        0
270        1161        0
271        1162        0
272        1163        0
273        1164        1
274        1165        0
275        1166        0
276        1167        1
277        1168        0
278        1169        0
279        1170        0
280        1171        0
281        1172        1
282        1173        0
283        1174        0
284        1175        1
285        1176        1
286        1177        0
287        1178        0
288        1179        1
289        1180        0
290        1181        0
291        1182        0
292        1183        1
293        1184        0
294        1185        0
295        1186        0
296        1187        0
297        1188        1
298        1189        0
299        1190        0
300        1191        0
301        1192        0
302        1193        0
303        1194        0
304        1195        0
305        1196        0
306        1197        1
307        1198        0
308        1199        0
309        1200        0
310        1201        0
311        1202        0
312        1203        0
313        1204        0
314        1205        1
315        1206        1
316        1207        1
317        1208        0
318        1209        0
319        1210        0
320        1211        0
321        1212        0
322        1213        0
323        1214        0
324        1215        0
325        1216        1
326        1217        0
327        1218        1
328        1219        0
329        1220        0
330        1221        0
331        1222        1
332        1223        0
333        1224        0
334        1225        1
335        1226        0
336        1227        0
337        1228        0
338        1229        0
339        1230        0
340        1231        0
341        1232        0
342        1233        0
343        1234        0
344        1235        1
345        1236        0
346        1237        1
347        1238        0
348        1239        1
349        1240        0
350        1241        1
351        1242        1
352        1243        0
353        1244        0
354        1245        0
355        1246        1
356        1247        0
357        1248        1
358        1249        0
359        1250        0
360        1251        1
361        1252        0
362        1253        1
363        1254        1
364        1255        0
365        1256        1
366        1257        0
367        1258        0
368        1259        1
369        1260        1
370        1261        0
371        1262        0
372        1263        1
373        1264        0
374        1265        0
375        1266        1
376        1267        1
377        1268        1
378        1269        0
379        1270        0
380        1271        0
381        1272        0
382        1273        0
383        1274        0
384        1275        1
385        1276        0
386        1277        1
387        1278        0
388        1279        0
389        1280        0
390        1281        0
391        1282        1
392        1283        1
393        1284        0
394        1285        0
395        1286        0
396        1287        1
397        1288        0
398        1289        1
399        1290        0
400        1291        0
401        1292        1
402        1293        0
403        1294        1
404        1295        1
405        1296        0
406        1297        0
407        1298        0
408        1299        0
409        1300        0
410        1301        1
411        1302        0
412        1303        1
413        1304        1
414        1305        0
415        1306        1
416        1307        0
417        1308        0
418        1309        0
> 
> write.csv(submission, file = 'Titanic.csv', row.names = F)
> 
> 
> 
> proc.time()
   user  system elapsed 
  1.430   0.124   1.588 
