
R version 3.6.1 (2019-07-05) -- "Action of the Toes"
Copyright (C) 2019 The R Foundation for Statistical Computing
Platform: x86_64-apple-darwin15.6.0 (64-bit)

R is free software and comes with ABSOLUTELY NO WARRANTY.
You are welcome to redistribute it under certain conditions.
Type 'license()' or 'licence()' for distribution details.

  Natural language support but running in an English locale

R is a collaborative project with many contributors.
Type 'contributors()' for more information and
'citation()' on how to cite R or R packages in publications.

Type 'demo()' for some demos, 'help()' for on-line help, or
'help.start()' for an HTML browser interface to help.
Type 'q()' to quit R.

> ## ----setup, include=FALSE--------------------------------------------------------------------------------------------------------------------------------------------------------------------------------------------------------
> knitr::opts_chunk$set(echo = TRUE)
> 
> 
> ## ----message=FALSE---------------------------------------------------------------------------------------------------------------------------------------------------------------------------------------------------------------
> library(ggplot2)
Warning message:
package ‘ggplot2’ was built under R version 3.6.2 
> library(dplyr)

Attaching package: ‘dplyr’

The following objects are masked from ‘package:stats’:

    filter, lag

The following objects are masked from ‘package:base’:

    intersect, setdiff, setequal, union

Warning message:
package ‘dplyr’ was built under R version 3.6.2 
> library(caret)
Loading required package: lattice
> allData <- read.csv("../input/train.csv", stringsAsFactors = FALSE)
> str(allData)
'data.frame':	891 obs. of  12 variables:
 $ PassengerId: int  1 2 3 4 5 6 7 8 9 10 ...
 $ Survived   : int  0 1 1 1 0 0 0 0 1 1 ...
 $ Pclass     : int  3 1 3 1 3 3 1 3 3 2 ...
 $ Name       : chr  "Braund, Mr. Owen Harris" "Cumings, Mrs. John Bradley (Florence Briggs Thayer)" "Heikkinen, Miss. Laina" "Futrelle, Mrs. Jacques Heath (Lily May Peel)" ...
 $ Sex        : chr  "male" "female" "female" "female" ...
 $ Age        : num  22 38 26 35 35 NA 54 2 27 14 ...
 $ SibSp      : int  1 1 0 1 0 0 0 3 0 1 ...
 $ Parch      : int  0 0 0 0 0 0 0 1 2 0 ...
 $ Ticket     : chr  "A/5 21171" "PC 17599" "STON/O2. 3101282" "113803" ...
 $ Fare       : num  7.25 71.28 7.92 53.1 8.05 ...
 $ Cabin      : chr  "" "C85" "" "C123" ...
 $ Embarked   : chr  "S" "C" "S" "S" ...
> 
> 
> ## --------------------------------------------------------------------------------------------------------------------------------------------------------------------------------------------------------------------------------
> head(allData$Name)
[1] "Braund, Mr. Owen Harris"                            
[2] "Cumings, Mrs. John Bradley (Florence Briggs Thayer)"
[3] "Heikkinen, Miss. Laina"                             
[4] "Futrelle, Mrs. Jacques Heath (Lily May Peel)"       
[5] "Allen, Mr. William Henry"                           
[6] "Moran, Mr. James"                                   
> 
> 
> ## --------------------------------------------------------------------------------------------------------------------------------------------------------------------------------------------------------------------------------
> table(is.na(allData$Age))

FALSE  TRUE 
  714   177 
> 
> 
> ## --------------------------------------------------------------------------------------------------------------------------------------------------------------------------------------------------------------------------------
> table(allData$Cabin=="")

FALSE  TRUE 
  204   687 
> 
> 
> ## --------------------------------------------------------------------------------------------------------------------------------------------------------------------------------------------------------------------------------
> preProcess <- function(x) {
+         temp <- strsplit(as.character(x$Name), ", ")
+         #Title
+         title <- NULL
+         for (i in 1:length(temp)) {
+                 temp2 <- strsplit(temp[[i]][2], " ")
+                 temp3 <- temp2[[1]][1]
+                 title <- c(title, temp3)
+         }
+         
+         wom <- c("Mme.|Ms.")
+         title <- gsub(wom, "Mrs.", title)
+         title <- gsub("Mlle.","Miss.", title)
+         highGrade <- c("Master.|Don.|Rev.|Dr.|Major.|Lady.|Sir.|Col.|Capt.|
+                        Jonkheer.|the")
+         title <- gsub(highGrade, "Noble.", title)
+         
+         x <- cbind(x, title)
+         
+         #Age
+         index <- is.na(x$Age)
+         x$Age[index] <- median(x$Age, na.rm=TRUE)
+         
+         #Cabin
+         x <- select(x, -c(Cabin, Ticket, Name))
+         
+         #classes
+         x$title <- as.character(x$title)
+         x
+ }
> 
> allData <- preProcess(allData)
> 
> 
> ## --------------------------------------------------------------------------------------------------------------------------------------------------------------------------------------------------------------------------------
> set.seed(12345)
> inTrain <- createDataPartition(allData$PassengerId, p=.7, list=FALSE)
> training <- allData[inTrain,]
> testing <- allData[-inTrain,]
> 
> 
> ## --------------------------------------------------------------------------------------------------------------------------------------------------------------------------------------------------------------------------------
> training$Survived <- as.factor(training$Survived)
> test1 <- select(testing, -Survived)
> #random forest model
> control <- trainControl(method="cv", number=3, verboseIter=FALSE)
> fit1 <- train(Survived~., data=training, method="rf", trControl=control)
> pred1 <- predict(fit1, test1)
> accu1 <- confusionMatrix(testing$Survived, pred1)
Error: `data` and `reference` should be factors with the same levels.
Execution halted
