
R version 3.6.1 (2019-07-05) -- "Action of the Toes"
Copyright (C) 2019 The R Foundation for Statistical Computing
Platform: x86_64-apple-darwin15.6.0 (64-bit)

R is free software and comes with ABSOLUTELY NO WARRANTY.
You are welcome to redistribute it under certain conditions.
Type 'license()' or 'licence()' for distribution details.

  Natural language support but running in an English locale

R is a collaborative project with many contributors.
Type 'contributors()' for more information and
'citation()' on how to cite R or R packages in publications.

Type 'demo()' for some demos, 'help()' for on-line help, or
'help.start()' for an HTML browser interface to help.
Type 'q()' to quit R.

> 
> # load packages for visualization 
> library('ggplot2')
Warning message:
package ‘ggplot2’ was built under R version 3.6.2 
> #install.packages('ggthemes')
> library('ggthemes')
> library('scales')
Warning message:
package ‘scales’ was built under R version 3.6.2 
> library('dplyr')

Attaching package: ‘dplyr’

The following objects are masked from ‘package:stats’:

    filter, lag

The following objects are masked from ‘package:base’:

    intersect, setdiff, setequal, union

Warning message:
package ‘dplyr’ was built under R version 3.6.2 
> #install.packages("mice")
> library('mice')

Attaching package: ‘mice’

The following objects are masked from ‘package:base’:

    cbind, rbind

Warning message:
package ‘mice’ was built under R version 3.6.2 
> library('randomForest')
randomForest 4.6-14
Type rfNews() to see new features/changes/bug fixes.

Attaching package: ‘randomForest’

The following object is masked from ‘package:dplyr’:

    combine

The following object is masked from ‘package:ggplot2’:

    margin

> 
> # load classifier package 
> install.packages("randomForest")
trying URL 'https://cran.rstudio.com/bin/macosx/el-capitan/contrib/3.6/randomForest_4.6-14.tgz'
Content type 'application/x-gzip' length 253893 bytes (247 KB)
==================================================
downloaded 247 KB


The downloaded binary packages are in
	/var/folders/z8/75snmrgn3n3cyk89jxrwc4dc0000gn/T//Rtmp80KWO3/downloaded_packages
> 
> ## LOADING THE DATA ### 
> 
> train <- read.csv("train.csv")
Error in file(file, "rt") : cannot open the connection
Calls: read.csv -> read.table -> file
In addition: Warning message:
In file(file, "rt") :
  cannot open file 'train.csv': No such file or directory
Execution halted
