
R version 3.6.1 (2019-07-05) -- "Action of the Toes"
Copyright (C) 2019 The R Foundation for Statistical Computing
Platform: x86_64-apple-darwin15.6.0 (64-bit)

R is free software and comes with ABSOLUTELY NO WARRANTY.
You are welcome to redistribute it under certain conditions.
Type 'license()' or 'licence()' for distribution details.

  Natural language support but running in an English locale

R is a collaborative project with many contributors.
Type 'contributors()' for more information and
'citation()' on how to cite R or R packages in publications.

Type 'demo()' for some demos, 'help()' for on-line help, or
'help.start()' for an HTML browser interface to help.
Type 'q()' to quit R.

[Previously saved workspace restored]

> ## ---- message = FALSE------------------------------------------------------------------------------------------------------------------------------------------------------------------------------------------------------------
> 
> library('ggplot2')
Warning message:
package ‘ggplot2’ was built under R version 3.6.2 
> library('ggthemes') 
> library('scales')
Warning message:
package ‘scales’ was built under R version 3.6.2 
> library('dplyr') 

Attaching package: ‘dplyr’

The following objects are masked from ‘package:stats’:

    filter, lag

The following objects are masked from ‘package:base’:

    intersect, setdiff, setequal, union

Warning message:
package ‘dplyr’ was built under R version 3.6.2 
> library('mice')

Attaching package: ‘mice’

The following objects are masked from ‘package:base’:

    cbind, rbind

Warning message:
package ‘mice’ was built under R version 3.6.2 
> library('randomForest') 
randomForest 4.6-14
Type rfNews() to see new features/changes/bug fixes.

Attaching package: ‘randomForest’

The following object is masked from ‘package:dplyr’:

    combine

The following object is masked from ‘package:ggplot2’:

    margin

> library('readr') 

Attaching package: ‘readr’

The following object is masked from ‘package:scales’:

    col_factor

> 
> 
> ## ---- message=FALSE, warning=FALSE-----------------------------------------------------------------------------------------------------------------------------------------------------------------------------------------------
> 
> train <-read.csv('../input/train.csv', stringsAsFactors = F)
> test  <-read.csv('../input/test.csv', stringsAsFactors = F)
> 
> 
> ## ---- message=FALSE, warning=FALSE-----------------------------------------------------------------------------------------------------------------------------------------------------------------------------------------------
> titanic<-bind_rows(train,test)
> 
> ## Data check
> 
> str(titanic)
'data.frame':	1309 obs. of  12 variables:
 $ PassengerId: int  1 2 3 4 5 6 7 8 9 10 ...
 $ Survived   : int  0 1 1 1 0 0 0 0 1 1 ...
 $ Pclass     : int  3 1 3 1 3 3 1 3 3 2 ...
 $ Name       : chr  "Braund, Mr. Owen Harris" "Cumings, Mrs. John Bradley (Florence Briggs Thayer)" "Heikkinen, Miss. Laina" "Futrelle, Mrs. Jacques Heath (Lily May Peel)" ...
 $ Sex        : chr  "male" "female" "female" "female" ...
 $ Age        : num  22 38 26 35 35 NA 54 2 27 14 ...
 $ SibSp      : int  1 1 0 1 0 0 0 3 0 1 ...
 $ Parch      : int  0 0 0 0 0 0 0 1 2 0 ...
 $ Ticket     : chr  "A/5 21171" "PC 17599" "STON/O2. 3101282" "113803" ...
 $ Fare       : num  7.25 71.28 7.92 53.1 8.05 ...
 $ Cabin      : chr  "" "C85" "" "C123" ...
 $ Embarked   : chr  "S" "C" "S" "S" ...
> summary(titanic)
  PassengerId      Survived          Pclass          Name          
 Min.   :   1   Min.   :0.0000   Min.   :1.000   Length:1309       
 1st Qu.: 328   1st Qu.:0.0000   1st Qu.:2.000   Class :character  
 Median : 655   Median :0.0000   Median :3.000   Mode  :character  
 Mean   : 655   Mean   :0.3838   Mean   :2.295                     
 3rd Qu.: 982   3rd Qu.:1.0000   3rd Qu.:3.000                     
 Max.   :1309   Max.   :1.0000   Max.   :3.000                     
                NA's   :418                                        
     Sex                 Age            SibSp            Parch      
 Length:1309        Min.   : 0.17   Min.   :0.0000   Min.   :0.000  
 Class :character   1st Qu.:21.00   1st Qu.:0.0000   1st Qu.:0.000  
 Mode  :character   Median :28.00   Median :0.0000   Median :0.000  
                    Mean   :29.88   Mean   :0.4989   Mean   :0.385  
                    3rd Qu.:39.00   3rd Qu.:1.0000   3rd Qu.:0.000  
                    Max.   :80.00   Max.   :8.0000   Max.   :9.000  
                    NA's   :263                                     
    Ticket               Fare            Cabin             Embarked        
 Length:1309        Min.   :  0.000   Length:1309        Length:1309       
 Class :character   1st Qu.:  7.896   Class :character   Class :character  
 Mode  :character   Median : 14.454   Mode  :character   Mode  :character  
                    Mean   : 33.295                                        
                    3rd Qu.: 31.275                                        
                    Max.   :512.329                                        
                    NA's   :1                                              
> head(titanic)
  PassengerId Survived Pclass
1           1        0      3
2           2        1      1
3           3        1      3
4           4        1      1
5           5        0      3
6           6        0      3
                                                 Name    Sex Age SibSp Parch
1                             Braund, Mr. Owen Harris   male  22     1     0
2 Cumings, Mrs. John Bradley (Florence Briggs Thayer) female  38     1     0
3                              Heikkinen, Miss. Laina female  26     0     0
4        Futrelle, Mrs. Jacques Heath (Lily May Peel) female  35     1     0
5                            Allen, Mr. William Henry   male  35     0     0
6                                    Moran, Mr. James   male  NA     0     0
            Ticket    Fare Cabin Embarked
1        A/5 21171  7.2500              S
2         PC 17599 71.2833   C85        C
3 STON/O2. 3101282  7.9250              S
4           113803 53.1000  C123        S
5           373450  8.0500              S
6           330877  8.4583              Q
> 
> 
> ## ---- message=FALSE, warning=FALSE-----------------------------------------------------------------------------------------------------------------------------------------------------------------------------------------------
> colnames(titanic)
 [1] "PassengerId" "Survived"    "Pclass"      "Name"        "Sex"        
 [6] "Age"         "SibSp"       "Parch"       "Ticket"      "Fare"       
[11] "Cabin"       "Embarked"   
> 
> ### Retrieve title from passenger names
> 
> titanic$title<-gsub('(.*, )|(\\..*)', '', titanic$Name)
> 
> # Show title counts by sex
> 
> table(titanic$Sex, titanic$title)
        
         Capt Col Don Dona  Dr Jonkheer Lady Major Master Miss Mlle Mme  Mr Mrs
  female    0   0   0    1   1        0    1     0      0  260    2   1   0 197
  male      1   4   1    0   7        1    0     2     61    0    0   0 757   0
        
          Ms Rev Sir the Countess
  female   2   0   0            1
  male     0   8   1            0
> 
> ## Convert title with low count into new title
> 
> unusual_title<-c('Dona', 'Lady', 'the Countess','Capt', 'Col', 'Don', 
+                  'Dr', 'Major', 'Rev', 'Sir', 'Jonkheer')
> 
> ## Rename/reassign  Mlle, Ms, and Mme
> 
> titanic$title[titanic$title=='Mlle']<-'Miss'
> titanic$title[titanic$title=='Ms']<-'Miss'
> titanic$title[titanic$title=='Mme']<-'Mrs'
> titanic$title[titanic$title %in% unusual_title]<-'Unusual Title'
> 
> ## Check the title count again
> 
> table(titanic$Sex, titanic$title)
        
         Master Miss  Mr Mrs Unusual Title
  female      0  264   0 198             4
  male       61    0 757   0            25
> 
> ## Create variable which contain surnames of passenger name
> 
> titanic$surname<-sapply(titanic$Name, function(x) strsplit(x,split='[,.]')[[1]][1])
> nlevels(factor(titanic$surname)) ## 875 unique sirname
[1] 875
> 
> 
> ## --------------------------------------------------------------------------------------------------------------------------------------------------------------------------------------------------------------------------------
> titanic$famsize <- titanic$SibSp + titanic$Parch + 1
> 
> # Create a family variable 
> 
> titanic$family <- paste(titanic$surname, titanic$famsize, sep='_')
> 
> 
> ## ---- message=FALSE, warning=FALSE-----------------------------------------------------------------------------------------------------------------------------------------------------------------------------------------------
> ggplot(titanic[1:891,], aes(x = famsize, fill = factor(Survived))) +
+   geom_bar(stat='count', position='dodge') +
+   scale_x_continuous(breaks=c(1:11)) +
+   labs(x = 'Family Size') +
+   theme_few()
> 
> 
> ## --------------------------------------------------------------------------------------------------------------------------------------------------------------------------------------------------------------------------------
> # Discretize family size
> 
> titanic$fsizeD[titanic$famsize == 1] <- 'single'
> titanic$fsizeD[titanic$famsize < 5 & titanic$famsize> 1] <- 'small'
> titanic$fsizeD[titanic$famsize> 4] <- 'large'
> 
> 
> ## --------------------------------------------------------------------------------------------------------------------------------------------------------------------------------------------------------------------------------
> titanic$Cabin[1:28]
 [1] ""            "C85"         ""            "C123"        ""           
 [6] ""            "E46"         ""            ""            ""           
[11] "G6"          "C103"        ""            ""            ""           
[16] ""            ""            ""            ""            ""           
[21] ""            "D56"         ""            "A6"          ""           
[26] ""            ""            "C23 C25 C27"
> 
> # The first character is the deck:
> 
> strsplit(titanic$Cabin[2], NULL) [[1]] 
[1] "C" "8" "5"
> 
> # Deck variable
> 
> titanic$deck<-factor(sapply(titanic$Cabin, function(x) strsplit(x, NULL)[[1]][1]))
> 
> 
> ## --------------------------------------------------------------------------------------------------------------------------------------------------------------------------------------------------------------------------------
> summary(titanic) 
  PassengerId      Survived          Pclass          Name          
 Min.   :   1   Min.   :0.0000   Min.   :1.000   Length:1309       
 1st Qu.: 328   1st Qu.:0.0000   1st Qu.:2.000   Class :character  
 Median : 655   Median :0.0000   Median :3.000   Mode  :character  
 Mean   : 655   Mean   :0.3838   Mean   :2.295                     
 3rd Qu.: 982   3rd Qu.:1.0000   3rd Qu.:3.000                     
 Max.   :1309   Max.   :1.0000   Max.   :3.000                     
                NA's   :418                                        
     Sex                 Age            SibSp            Parch      
 Length:1309        Min.   : 0.17   Min.   :0.0000   Min.   :0.000  
 Class :character   1st Qu.:21.00   1st Qu.:0.0000   1st Qu.:0.000  
 Mode  :character   Median :28.00   Median :0.0000   Median :0.000  
                    Mean   :29.88   Mean   :0.4989   Mean   :0.385  
                    3rd Qu.:39.00   3rd Qu.:1.0000   3rd Qu.:0.000  
                    Max.   :80.00   Max.   :8.0000   Max.   :9.000  
                    NA's   :263                                     
    Ticket               Fare            Cabin             Embarked        
 Length:1309        Min.   :  0.000   Length:1309        Length:1309       
 Class :character   1st Qu.:  7.896   Class :character   Class :character  
 Mode  :character   Median : 14.454   Mode  :character   Mode  :character  
                    Mean   : 33.295                                        
                    3rd Qu.: 31.275                                        
                    Max.   :512.329                                        
                    NA's   :1                                              
    title             surname             famsize          family         
 Length:1309        Length:1309        Min.   : 1.000   Length:1309       
 Class :character   Class :character   1st Qu.: 1.000   Class :character  
 Mode  :character   Mode  :character   Median : 1.000   Mode  :character  
                                       Mean   : 1.884                     
                                       3rd Qu.: 2.000                     
                                       Max.   :11.000                     
                                                                          
    fsizeD               deck     
 Length:1309        C      :  94  
 Class :character   B      :  65  
 Mode  :character   D      :  46  
                    E      :  41  
                    A      :  22  
                    (Other):  27  
                    NA's   :1014  
> 
> 
> ## ---- message=FALSE, warning=FALSE-----------------------------------------------------------------------------------------------------------------------------------------------------------------------------------------------
> titanic$Embarked[titanic$Embarked == ""] <- NA 
> 
> titanic[(which(is.na(titanic$Embarked))), 1] 
[1]  62 830
> 
> 
> ## ---- message=FALSE, warning=FALSE-----------------------------------------------------------------------------------------------------------------------------------------------------------------------------------------------
> titanic[c(62, 830), 'Embarked']
[1] NA NA
> 
> 
> ## ---- message=FALSE, warning=FALSE-----------------------------------------------------------------------------------------------------------------------------------------------------------------------------------------------
> titanic[c(62, 830), c(1,3,10)]
    PassengerId Pclass Fare
62           62      1   80
830         830      1   80
> 
> 
> ## ---- message=FALSE, warning=FALSE-----------------------------------------------------------------------------------------------------------------------------------------------------------------------------------------------
> titanic%>%
+   group_by(Embarked, Pclass) %>%
+   filter(Pclass == "1") %>%
+   summarise(mfare = median(Fare),n = n())
`summarise()` regrouping output by 'Embarked' (override with `.groups` argument)
[90m# A tibble: 4 x 4[39m
[90m# Groups:   Embarked [4][39m
  Embarked Pclass mfare     n
  [3m[90m<chr>[39m[23m     [3m[90m<int>[39m[23m [3m[90m<dbl>[39m[23m [3m[90m<int>[39m[23m
[90m1[39m C             1  76.7   141
[90m2[39m Q             1  90       3
[90m3[39m S             1  52     177
[90m4[39m [31mNA[39m            1  80       2
> 
> 
> ## ---- message=FALSE, warning=FALSE-----------------------------------------------------------------------------------------------------------------------------------------------------------------------------------------------
> embark_fare <- titanic %>%
+   filter(PassengerId != 62 & PassengerId != 830)
> 
> # Use ggplot2 to visualize embarkment, passenger class, & median fare
> 
> ggplot(embark_fare, aes(x = Embarked, y = Fare, fill = factor(Pclass))) +
+   geom_boxplot() +
+   geom_hline(aes(yintercept=80), 
+              colour='red', linetype='dashed', lwd=2) +
+   scale_y_continuous(labels=dollar_format()) +
+   theme_few()
Warning message:
Removed 1 rows containing non-finite values (stat_boxplot). 
> 
> 
> ## --------------------------------------------------------------------------------------------------------------------------------------------------------------------------------------------------------------------------------
> # Since their fare was $80 for 1st class, they most likely embarked from 'C'
> 
> titanic$Embarked[c(62, 830)] <- 'C'
> 
> 
> ## ---- message=FALSE, warning=FALSE-----------------------------------------------------------------------------------------------------------------------------------------------------------------------------------------------
> ## ## to know Which passenger has no fare information 
> 
> titanic[(which(is.na(titanic$Fare))) , 1] 
[1] 1044
> 
> 
> ## ---- message=FALSE, warning=FALSE-----------------------------------------------------------------------------------------------------------------------------------------------------------------------------------------------
> titanic[1044, c(3, 12)]
     Pclass Embarked
1044      3        S
> 
> 
> ## ---- message=FALSE, warning=FALSE-----------------------------------------------------------------------------------------------------------------------------------------------------------------------------------------------
> titanic[1044, ]
     PassengerId Survived Pclass               Name  Sex  Age SibSp Parch
1044        1044       NA      3 Storey, Mr. Thomas male 60.5     0     0
     Ticket Fare Cabin Embarked title surname famsize   family fsizeD deck
1044   3701   NA              S    Mr  Storey       1 Storey_1 single <NA>
> 
> 
> ## ---- message=FALSE, warning=FALSE-----------------------------------------------------------------------------------------------------------------------------------------------------------------------------------------------
> ## First way:
> 
> titanic%>%
+ filter(Pclass == '3' & Embarked == 'S') %>%
+ summarise(missing_fare = median(Fare, na.rm = TRUE))
  missing_fare
1         8.05
> 
> 
> ## ---- message=FALSE, warning=FALSE-----------------------------------------------------------------------------------------------------------------------------------------------------------------------------------------------
> ## Second way:
> 
> ggplot(titanic[titanic$Pclass == '3' & titanic$Embarked == 'S', ], 
+ aes(x = Fare)) +
+ geom_density(fill = '#99d6ff', alpha=0.4) + 
+ geom_vline(aes(xintercept=median(Fare, na.rm=T)),
+            colour='red', linetype='dashed', lwd=1) +
+   scale_x_continuous(labels=dollar_format()) +
+   theme_few()
Warning message:
Removed 1 rows containing non-finite values (stat_density). 
> 
> 
> ## --------------------------------------------------------------------------------------------------------------------------------------------------------------------------------------------------------------------------------
> titanic$Fare[1044] <- 8.05
> 
> 
> ## --------------------------------------------------------------------------------------------------------------------------------------------------------------------------------------------------------------------------------
> titanic$Fare[1044] <- median(titanic[titanic$Pclass == '3' & titanic$Embarked == 'S', ]$Fare, na.rm = TRUE)
> 
> 
> ## --------------------------------------------------------------------------------------------------------------------------------------------------------------------------------------------------------------------------------
> # Show number of missing Age values
> 
> sum(is.na(titanic$Age))
[1] 263
> 
> 
> ## ---- message=FALSE, warning=FALSE-----------------------------------------------------------------------------------------------------------------------------------------------------------------------------------------------
> 
> # Set a random seed
> 
> set.seed(129)
> 
> # Perform mice imputation, excluding certain less-than-useful variables:
> 
> mice_mod <- mice(titanic[, !names(titanic) %in% c('PassengerId','Name','Ticket','Cabin','Family','Surname','Survived')], method='rf') 

 iter imp variable
  1   1  Age  deck
  1   2  Age  deck
  1   3  Age  deck
  1   4  Age  deck
  1   5  Age  deck
  2   1  Age  deck
  2   2  Age  deck
  2   3  Age  deck
  2   4  Age  deck
  2   5  Age  deck
  3   1  Age  deck
  3   2  Age  deck
  3   3  Age  deck
  3   4  Age  deck
  3   5  Age  deck
  4   1  Age  deck
  4   2  Age  deck
  4   3  Age  deck
  4   4  Age  deck
  4   5  Age  deck
  5   1  Age  deck
  5   2  Age  deck
  5   3  Age  deck
  5   4  Age  deck
  5   5  Age  deck
Warning message:
Number of logged events: 56 
> 
> # Save the complete output 
> 
> mice_output <- complete(mice_mod)
> 
> 
> ## --------------------------------------------------------------------------------------------------------------------------------------------------------------------------------------------------------------------------------
> # Plot age distributions
> 
> par(mfrow=c(1,2))
> hist(titanic$Age, freq=F, main='Age: Original Data', 
+      col='darkred', ylim=c(0,0.04))
> hist(mice_output$Age, freq=F, main='Age: MICE Output', 
+      col='lightgreen', ylim=c(0,0.04))
> 
> 
> ## --------------------------------------------------------------------------------------------------------------------------------------------------------------------------------------------------------------------------------
> # Replace Age variable from the mice model
> 
> titanic$Age <- mice_output$Age
> 
> # Show new number of missing Age values
> 
> sum(is.na(titanic$Age))
[1] 0
> 
> 
> ## ---- message=FALSE, warning=FALSE-----------------------------------------------------------------------------------------------------------------------------------------------------------------------------------------------
> # Relationship between age & survival: I include Sex since we know it's a significant predictor
> 
> ggplot(titanic[1:891,], aes(Age, fill = factor(Survived))) + 
+   geom_histogram() + facet_grid(.~Sex) + theme_few()
`stat_bin()` using `bins = 30`. Pick better value with `binwidth`.
> 
> # Create the column child, and indicate whether child or adult
> 
> titanic$Child[titanic$Age < 18] <- 'Child'
> titanic$Child[titanic$Age >= 18] <- 'Adult'
> 
> # Show counts
> 
> table(titanic$Child, titanic$Survived)
       
          0   1
  Adult 483 273
  Child  66  69
> 
> 
> ## --------------------------------------------------------------------------------------------------------------------------------------------------------------------------------------------------------------------------------
> ## Adding Mother variable
> 
> titanic$Mother <- 'Not Mother'
> titanic$Mother[titanic$Sex == 'female' & titanic$Parch >0 & titanic$Age > 18 & titanic$title != 'Miss'] <- 'Mother'
> 
> # Show counts
> 
> table(titanic$Mother, titanic$Survived)
            
               0   1
  Mother      16  39
  Not Mother 533 303
> 
> ## Factorizing variables
> 
> titanic$Child  <- factor(titanic$Child)
> titanic$Mother <- factor(titanic$Mother)
> titanic$Pclass<-factor(titanic$Pclass)
> titanic$Sex<-factor(titanic$Sex)
> titanic$Embarked<-factor(titanic$Embarked)
> titanic$Survived<-factor(titanic$Survived)
> titanic$title<-factor(titanic$title)
> titanic$fsizeD<-factor(titanic$fsizeD)
> 
> 
> ## --------------------------------------------------------------------------------------------------------------------------------------------------------------------------------------------------------------------------------
> train <- titanic[1:891,]
> test <- titanic[892:1309,]
> 
> 
> ## --------------------------------------------------------------------------------------------------------------------------------------------------------------------------------------------------------------------------------
> # Set a random seed
> 
> set.seed(754)
> 
> # Build the model (note: not all possible variables are used)
> 
> titanic_model <- randomForest(Survived ~ Pclass + Sex + Age + SibSp + Parch + 
+                                 Fare + Embarked + title + 
+                                 fsizeD + Child + Mother,
+                               data = train)
> 
> 
> # Show model error
> 
> plot(titanic_model, ylim=c(0,0.36))
> legend('topright', colnames(titanic_model$err.rate), col=1:3, fill=1:3)
> 
> 
> ## ---- message=FALSE, warning=FALSE-----------------------------------------------------------------------------------------------------------------------------------------------------------------------------------------------
> # Get importance
> 
> importance    <- importance(titanic_model)
> varImportance <- data.frame(Variables = row.names(importance), 
+                             Importance = round(importance[ ,'MeanDecreaseGini'],2))
> 
> # Create a rank variable based on importance
> 
> rankImportance <- varImportance %>%
+   mutate(Rank = paste0('#',dense_rank(desc(Importance))))
> 
> # Use ggplot2 to visualize the relative importance of variables
> 
> ggplot(rankImportance, aes(x = reorder(Variables, Importance), 
+                            y = Importance, fill = Importance)) +
+   geom_bar(stat='identity') + 
+   geom_text(aes(x = Variables, y = 0.5, label = Rank),
+             hjust=0, vjust=0.55, size = 4, colour = 'red') +
+   labs(x = 'Variables') +
+   coord_flip() + 
+   theme_few()
> 
> 
> ## --------------------------------------------------------------------------------------------------------------------------------------------------------------------------------------------------------------------------------
> # Predict using the test set
> 
> prediction <- predict(titanic_model, test)
> 
> # Save the solution to a dataframe with two columns: PassengerId and Survived (prediction)
> 
> Output<- data.frame(PassengerID = test$PassengerId, Survived = prediction)
> 
> # Write the Output to file
> 
> write.csv(Output, file = 'pradeep_titanic_output.csv', row.names = F)
> 
> 
> proc.time()
   user  system elapsed 
 24.526   0.384  25.037 
