
R version 3.6.1 (2019-07-05) -- "Action of the Toes"
Copyright (C) 2019 The R Foundation for Statistical Computing
Platform: x86_64-apple-darwin15.6.0 (64-bit)

R is free software and comes with ABSOLUTELY NO WARRANTY.
You are welcome to redistribute it under certain conditions.
Type 'license()' or 'licence()' for distribution details.

  Natural language support but running in an English locale

R is a collaborative project with many contributors.
Type 'contributors()' for more information and
'citation()' on how to cite R or R packages in publications.

Type 'demo()' for some demos, 'help()' for on-line help, or
'help.start()' for an HTML browser interface to help.
Type 'q()' to quit R.

> ## ----message=FALSE, warning=FALSE------------------------------------------------------------------------------------------------------------------------------------------------------------------------------------------------
> # パッケージの読み込み
> library("ggplot2") # グラフィック
Warning message:
package ‘ggplot2’ was built under R version 3.6.2 
> library("gridExtra")
> library("ggthemes")
> 
> library("dplyr") # データ操作

Attaching package: ‘dplyr’

The following object is masked from ‘package:gridExtra’:

    combine

The following objects are masked from ‘package:stats’:

    filter, lag

The following objects are masked from ‘package:base’:

    intersect, setdiff, setequal, union

Warning message:
package ‘dplyr’ was built under R version 3.6.2 
> library("scales")
Warning message:
package ‘scales’ was built under R version 3.6.2 
> library("tibble")
Warning message:
package ‘tibble’ was built under R version 3.6.2 
> 
> library("mice") # 多重代入法

Attaching package: ‘mice’

The following objects are masked from ‘package:base’:

    cbind, rbind

Warning message:
package ‘mice’ was built under R version 3.6.2 
> library("VIM") # 欠損値の可視化
Loading required package: colorspace
Loading required package: grid
VIM is ready to use.

Suggestions and bug-reports can be submitted at: https://github.com/statistikat/VIM/issues

Attaching package: ‘VIM’

The following object is masked from ‘package:datasets’:

    sleep

> 
> library("randomForest") # ランダムフォレスト
randomForest 4.6-14
Type rfNews() to see new features/changes/bug fixes.

Attaching package: ‘randomForest’

The following object is masked from ‘package:dplyr’:

    combine

The following object is masked from ‘package:gridExtra’:

    combine

The following object is masked from ‘package:ggplot2’:

    margin

> 
> 
> ## ----message=FALSE, warning=FALSE------------------------------------------------------------------------------------------------------------------------------------------------------------------------------------------------
> # データの読み込み
> data("Titanic")
> train=titanic::titanic_train
Error in loadNamespace(name) : there is no package called ‘titanic’
Calls: :: ... loadNamespace -> withRestarts -> withOneRestart -> doWithOneRestart
Execution halted
