
R version 3.6.1 (2019-07-05) -- "Action of the Toes"
Copyright (C) 2019 The R Foundation for Statistical Computing
Platform: x86_64-apple-darwin15.6.0 (64-bit)

R is free software and comes with ABSOLUTELY NO WARRANTY.
You are welcome to redistribute it under certain conditions.
Type 'license()' or 'licence()' for distribution details.

  Natural language support but running in an English locale

R is a collaborative project with many contributors.
Type 'contributors()' for more information and
'citation()' on how to cite R or R packages in publications.

Type 'demo()' for some demos, 'help()' for on-line help, or
'help.start()' for an HTML browser interface to help.
Type 'q()' to quit R.

> # This R environment comes with all of CRAN preinstalled, as well as many other helpful packages
> # The environment is defined by the kaggle/rstats docker image: https://github.com/kaggle/docker-rstats
> # For example, here's several helpful packages to load in 
> 
> library(dplyr)

Attaching package: ‘dplyr’

The following objects are masked from ‘package:stats’:

    filter, lag

The following objects are masked from ‘package:base’:

    intersect, setdiff, setequal, union

Warning message:
package ‘dplyr’ was built under R version 3.6.2 
> library(data.table)

Attaching package: ‘data.table’

The following objects are masked from ‘package:dplyr’:

    between, first, last

> library(mice)

Attaching package: ‘mice’

The following objects are masked from ‘package:base’:

    cbind, rbind

Warning message:
package ‘mice’ was built under R version 3.6.2 
> library(ggplot2)
Warning message:
package ‘ggplot2’ was built under R version 3.6.2 
> library(caret)
Loading required package: lattice
> library(caretEnsemble)

Attaching package: ‘caretEnsemble’

The following object is masked from ‘package:ggplot2’:

    autoplot

> library(VIM)
Loading required package: colorspace
Loading required package: grid
VIM is ready to use.

Suggestions and bug-reports can be submitted at: https://github.com/statistikat/VIM/issues

Attaching package: ‘VIM’

The following object is masked from ‘package:datasets’:

    sleep

> library(dmm)
Error in library(dmm) : there is no package called ‘dmm’
Execution halted
