
R version 3.6.1 (2019-07-05) -- "Action of the Toes"
Copyright (C) 2019 The R Foundation for Statistical Computing
Platform: x86_64-apple-darwin15.6.0 (64-bit)

R is free software and comes with ABSOLUTELY NO WARRANTY.
You are welcome to redistribute it under certain conditions.
Type 'license()' or 'licence()' for distribution details.

  Natural language support but running in an English locale

R is a collaborative project with many contributors.
Type 'contributors()' for more information and
'citation()' on how to cite R or R packages in publications.

Type 'demo()' for some demos, 'help()' for on-line help, or
'help.start()' for an HTML browser interface to help.
Type 'q()' to quit R.

> 
> library(ggplot2)
Warning message:
package â€˜ggplot2â€™ was built under R version 3.6.2 
> library(tidyverse)
â”€â”€ [1mAttaching packages[22m â”€â”€â”€â”€â”€â”€â”€â”€â”€â”€â”€â”€â”€â”€â”€â”€â”€â”€â”€â”€â”€â”€â”€â”€â”€â”€â”€â”€â”€â”€â”€â”€â”€â”€â”€â”€â”€â”€â”€â”€â”€â”€â”€â”€â”€â”€â”€â”€â”€â”€â”€â”€â”€â”€â”€â”€â”€â”€â”€â”€â”€â”€â”€â”€â”€â”€â”€â”€â”€â”€â”€â”€â”€â”€â”€â”€â”€â”€â”€â”€â”€â”€â”€â”€â”€â”€â”€â”€â”€â”€â”€â”€â”€â”€â”€â”€â”€â”€â”€â”€â”€â”€ tidyverse 1.3.0 â”€â”€
[32mâœ“[39m [34mtibble [39m 3.0.1     [32mâœ“[39m [34mdplyr  [39m 1.0.2
[32mâœ“[39m [34mtidyr  [39m 1.1.0     [32mâœ“[39m [34mstringr[39m 1.4.0
[32mâœ“[39m [34mreadr  [39m 1.3.1     [32mâœ“[39m [34mforcats[39m 0.5.0
[32mâœ“[39m [34mpurrr  [39m 0.3.4     
â”€â”€ [1mConflicts[22m â”€â”€â”€â”€â”€â”€â”€â”€â”€â”€â”€â”€â”€â”€â”€â”€â”€â”€â”€â”€â”€â”€â”€â”€â”€â”€â”€â”€â”€â”€â”€â”€â”€â”€â”€â”€â”€â”€â”€â”€â”€â”€â”€â”€â”€â”€â”€â”€â”€â”€â”€â”€â”€â”€â”€â”€â”€â”€â”€â”€â”€â”€â”€â”€â”€â”€â”€â”€â”€â”€â”€â”€â”€â”€â”€â”€â”€â”€â”€â”€â”€â”€â”€â”€â”€â”€â”€â”€â”€â”€â”€â”€â”€â”€â”€â”€â”€â”€â”€â”€â”€â”€â”€â”€â”€ tidyverse_conflicts() â”€â”€
[31mx[39m [34mdplyr[39m::[32mfilter()[39m masks [34mstats[39m::filter()
[31mx[39m [34mdplyr[39m::[32mlag()[39m    masks [34mstats[39m::lag()
Warning messages:
1: package â€˜tibbleâ€™ was built under R version 3.6.2 
2: package â€˜tidyrâ€™ was built under R version 3.6.2 
3: package â€˜purrrâ€™ was built under R version 3.6.2 
4: package â€˜dplyrâ€™ was built under R version 3.6.2 
> library(knitr)
> library(corrplot)
corrplot 0.84 loaded
> library(caret)
Loading required package: lattice

Attaching package: â€˜caretâ€™

The following object is masked from â€˜package:purrrâ€™:

    lift

> library(randomForest)
randomForest 4.6-14
Type rfNews() to see new features/changes/bug fixes.

Attaching package: â€˜randomForestâ€™

The following object is masked from â€˜package:dplyrâ€™:

    combine

The following object is masked from â€˜package:ggplot2â€™:

    margin

> library(gbm)
Loaded gbm 2.1.8
Warning message:
package â€˜gbmâ€™ was built under R version 3.6.2 
> library(vcd)
Loading required package: grid
Warning message:
package â€˜vcdâ€™ was built under R version 3.6.2 
> library(varSelRF)
Error in library(varSelRF) : there is no package called â€˜varSelRFâ€™
Execution halted
