
R version 3.6.1 (2019-07-05) -- "Action of the Toes"
Copyright (C) 2019 The R Foundation for Statistical Computing
Platform: x86_64-apple-darwin15.6.0 (64-bit)

R is free software and comes with ABSOLUTELY NO WARRANTY.
You are welcome to redistribute it under certain conditions.
Type 'license()' or 'licence()' for distribution details.

  Natural language support but running in an English locale

R is a collaborative project with many contributors.
Type 'contributors()' for more information and
'citation()' on how to cite R or R packages in publications.

Type 'demo()' for some demos, 'help()' for on-line help, or
'help.start()' for an HTML browser interface to help.
Type 'q()' to quit R.

> 
> ## Importing packages
> 
> # This R environment comes with all of CRAN and many other helpful packages preinstalled.
> # You can see which packages are installed by checking out the kaggle/rstats docker image: 
> # https://github.com/kaggle/docker-rstats
> 
> library(tidyverse) # metapackage with lots of helpful functions
â”€â”€ [1mAttaching packages[22m â”€â”€â”€â”€â”€â”€â”€â”€â”€â”€â”€â”€â”€â”€â”€â”€â”€â”€â”€â”€â”€â”€â”€â”€â”€â”€â”€â”€â”€â”€â”€â”€â”€â”€â”€â”€â”€â”€â”€â”€â”€â”€â”€â”€â”€â”€â”€â”€â”€â”€â”€â”€â”€â”€â”€â”€â”€â”€â”€â”€â”€â”€â”€â”€â”€â”€â”€â”€â”€â”€â”€â”€â”€â”€â”€â”€â”€â”€â”€â”€â”€â”€â”€â”€â”€â”€â”€â”€â”€â”€â”€â”€â”€â”€â”€â”€â”€â”€â”€â”€â”€â”€ tidyverse 1.3.0 â”€â”€
[32mâœ“[39m [34mggplot2[39m 3.3.2     [32mâœ“[39m [34mpurrr  [39m 0.3.4
[32mâœ“[39m [34mtibble [39m 3.0.1     [32mâœ“[39m [34mdplyr  [39m 1.0.2
[32mâœ“[39m [34mtidyr  [39m 1.1.0     [32mâœ“[39m [34mstringr[39m 1.4.0
[32mâœ“[39m [34mreadr  [39m 1.3.1     [32mâœ“[39m [34mforcats[39m 0.5.0
â”€â”€ [1mConflicts[22m â”€â”€â”€â”€â”€â”€â”€â”€â”€â”€â”€â”€â”€â”€â”€â”€â”€â”€â”€â”€â”€â”€â”€â”€â”€â”€â”€â”€â”€â”€â”€â”€â”€â”€â”€â”€â”€â”€â”€â”€â”€â”€â”€â”€â”€â”€â”€â”€â”€â”€â”€â”€â”€â”€â”€â”€â”€â”€â”€â”€â”€â”€â”€â”€â”€â”€â”€â”€â”€â”€â”€â”€â”€â”€â”€â”€â”€â”€â”€â”€â”€â”€â”€â”€â”€â”€â”€â”€â”€â”€â”€â”€â”€â”€â”€â”€â”€â”€â”€â”€â”€â”€â”€â”€â”€ tidyverse_conflicts() â”€â”€
[31mx[39m [34mdplyr[39m::[32mfilter()[39m masks [34mstats[39m::filter()
[31mx[39m [34mdplyr[39m::[32mlag()[39m    masks [34mstats[39m::lag()
Warning messages:
1: package â€˜ggplot2â€™ was built under R version 3.6.2 
2: package â€˜tibbleâ€™ was built under R version 3.6.2 
3: package â€˜tidyrâ€™ was built under R version 3.6.2 
4: package â€˜purrrâ€™ was built under R version 3.6.2 
5: package â€˜dplyrâ€™ was built under R version 3.6.2 
> 
> # Gerando dados linearmente separÃ¡veis
> library(MASS)

Attaching package: â€˜MASSâ€™

The following object is masked from â€˜package:dplyrâ€™:

    select

> # Gero as features da classe 1 da normal bivariada com mÃ©dia (-3, 3) e variÃ¢ncias (1, 1)
> # SerÃ£o 20 indivÃ­duos da classe 1
> xy_classe1 = mvrnorm(n = 20, mu = matrix(c(-3, 3), 2, 1), Sigma = matrix(c(1,0,0,1), 2, 2))
> 
> # Gero as features da classe -1 da normal bivariada com mÃ©dia (3, -3) e variÃ¢ncia (1,1)
> # 20 indivÃ­duos da classe -1
> xy_classe2 = mvrnorm(n = 20, m = matrix(c(0, 0), 2, 1), Sigma = matrix(c(1,0,0,1), 2, 2))
> 
> # Crio o dataframe
> dfsim = rbind(data.frame(x = xy_classe1[,1], y = xy_classe1[,2], classe = rep(x = 1, times = nrow(xy_classe1))), data.frame(x = xy_classe2[,1], y = xy_classe2[,2], classe = rep(x = -1, times = nrow(xy_classe1))))
> dfsim$classe = factor(dfsim$classe)
> 
> # GrÃ¡fico das classes
> g = ggplot(data = dfsim, aes(x = x, y = y, color = classe))
> g + geom_point() + labs(color = 'Classe')
> 
> # Incluindo algumas retas separadoras
> g = ggplot(data = dfsim, aes(x = x, y = y, color = classe))
> g + geom_point() + labs(color = 'Classe') +
+ geom_abline(slope = 0.9, intercept = 2.5) +
+ geom_abline(slope = 0.95, intercept = 2.5, linetype = 'dashed') +
+ geom_abline(slope = 0.95, intercept = 2.8, linetype = 'dotted') +
+ geom_abline(slope = 0.8, intercept = 3, linetype = 'dotdash') 
> 
> # Incluindo algumas retas separadoras
> g = ggplot(data = dfsim, aes(x = x, y = y, color = classe))
> g + geom_point() + labs(color = 'Classe') +
+ geom_abline(slope = 2.1, intercept = 5.2) +
+ geom_abline(slope = 0.95, intercept = 3, linetype = 'dashed') 
> 
> dfsim[mod.svm$index,]
Error in `[.data.frame`(dfsim, mod.svm$index, ) : 
  object 'mod.svm' not found
Calls: [ -> [.data.frame
Execution halted
