
R version 3.6.1 (2019-07-05) -- "Action of the Toes"
Copyright (C) 2019 The R Foundation for Statistical Computing
Platform: x86_64-apple-darwin15.6.0 (64-bit)

R is free software and comes with ABSOLUTELY NO WARRANTY.
You are welcome to redistribute it under certain conditions.
Type 'license()' or 'licence()' for distribution details.

  Natural language support but running in an English locale

R is a collaborative project with many contributors.
Type 'contributors()' for more information and
'citation()' on how to cite R or R packages in publications.

Type 'demo()' for some demos, 'help()' for on-line help, or
'help.start()' for an HTML browser interface to help.
Type 'q()' to quit R.

> 
> # This R script will run on our backend. You can write arbitrary code here!
> 
> #Many standard libraries are already installed, such as randomForest
> # library(randomForest)
> 
> # # The train and test data is stored in the ../input directory
> # train <- read.csv("../input/train.csv")
> # test  <- read.csv("../input/test.csv")
> 
> # We can inspect the train data. The results of this are printed in the log tab below
> rm(list = ls())
> library(dplyr)

Attaching package: ‘dplyr’

The following objects are masked from ‘package:stats’:

    filter, lag

The following objects are masked from ‘package:base’:

    intersect, setdiff, setequal, union

Warning message:
package ‘dplyr’ was built under R version 3.6.2 
> library(ggplot2)
Warning message:
package ‘ggplot2’ was built under R version 3.6.2 
> library(gridExtra)

Attaching package: ‘gridExtra’

The following object is masked from ‘package:dplyr’:

    combine

> library(rpart) # grow classification tree
> library(randomForest)
randomForest 4.6-14
Type rfNews() to see new features/changes/bug fixes.

Attaching package: ‘randomForest’

The following object is masked from ‘package:gridExtra’:

    combine

The following object is masked from ‘package:ggplot2’:

    margin

The following object is masked from ‘package:dplyr’:

    combine

> library(stringr) 
> library(missForest) # imputation
Loading required package: foreach
Loading required package: itertools
Loading required package: iterators
Warning message:
package ‘foreach’ was built under R version 3.6.2 
> library(mice) # imputation

Attaching package: ‘mice’

The following objects are masked from ‘package:base’:

    cbind, rbind

Warning message:
package ‘mice’ was built under R version 3.6.2 
> library(VIM) # visualization missing value
Loading required package: colorspace
Loading required package: grid
VIM is ready to use.

Suggestions and bug-reports can be submitted at: https://github.com/statistikat/VIM/issues

Attaching package: ‘VIM’

The following object is masked from ‘package:missForest’:

    nrmse

The following object is masked from ‘package:datasets’:

    sleep

> 
> genderclassmodel = read.csv("../input/genderclassmodel.csv")
Error in file(file, "rt") : cannot open the connection
Calls: read.csv -> read.table -> file
In addition: Warning message:
In file(file, "rt") :
  cannot open file '../input/genderclassmodel.csv': No such file or directory
Execution halted
