
R version 3.6.1 (2019-07-05) -- "Action of the Toes"
Copyright (C) 2019 The R Foundation for Statistical Computing
Platform: x86_64-apple-darwin15.6.0 (64-bit)

R is free software and comes with ABSOLUTELY NO WARRANTY.
You are welcome to redistribute it under certain conditions.
Type 'license()' or 'licence()' for distribution details.

  Natural language support but running in an English locale

R is a collaborative project with many contributors.
Type 'contributors()' for more information and
'citation()' on how to cite R or R packages in publications.

Type 'demo()' for some demos, 'help()' for on-line help, or
'help.start()' for an HTML browser interface to help.
Type 'q()' to quit R.

> 
> # Disable warnings
> options(warn=-1)
> 
> # Load Packages
> library(tidyverse)     # collection of libraries like readr, dplyr, ggplot
â”€â”€ [1mAttaching packages[22m â”€â”€â”€â”€â”€â”€â”€â”€â”€â”€â”€â”€â”€â”€â”€â”€â”€â”€â”€â”€â”€â”€â”€â”€â”€â”€â”€â”€â”€â”€â”€â”€â”€â”€â”€â”€â”€â”€â”€â”€â”€â”€â”€â”€â”€â”€â”€â”€â”€â”€â”€â”€â”€â”€â”€â”€â”€â”€â”€â”€â”€â”€â”€â”€â”€â”€â”€â”€â”€â”€â”€â”€â”€â”€â”€â”€â”€â”€â”€â”€â”€â”€â”€â”€â”€â”€â”€â”€â”€â”€â”€â”€â”€â”€â”€â”€â”€â”€â”€â”€â”€â”€ tidyverse 1.3.0 â”€â”€
[32mâœ“[39m [34mggplot2[39m 3.3.2     [32mâœ“[39m [34mpurrr  [39m 0.3.4
[32mâœ“[39m [34mtibble [39m 3.0.1     [32mâœ“[39m [34mdplyr  [39m 1.0.2
[32mâœ“[39m [34mtidyr  [39m 1.1.0     [32mâœ“[39m [34mstringr[39m 1.4.0
[32mâœ“[39m [34mreadr  [39m 1.3.1     [32mâœ“[39m [34mforcats[39m 0.5.0
â”€â”€ [1mConflicts[22m â”€â”€â”€â”€â”€â”€â”€â”€â”€â”€â”€â”€â”€â”€â”€â”€â”€â”€â”€â”€â”€â”€â”€â”€â”€â”€â”€â”€â”€â”€â”€â”€â”€â”€â”€â”€â”€â”€â”€â”€â”€â”€â”€â”€â”€â”€â”€â”€â”€â”€â”€â”€â”€â”€â”€â”€â”€â”€â”€â”€â”€â”€â”€â”€â”€â”€â”€â”€â”€â”€â”€â”€â”€â”€â”€â”€â”€â”€â”€â”€â”€â”€â”€â”€â”€â”€â”€â”€â”€â”€â”€â”€â”€â”€â”€â”€â”€â”€â”€â”€â”€â”€â”€â”€â”€ tidyverse_conflicts() â”€â”€
[31mx[39m [34mdplyr[39m::[32mfilter()[39m masks [34mstats[39m::filter()
[31mx[39m [34mdplyr[39m::[32mlag()[39m    masks [34mstats[39m::lag()
> library(rpart)         # classification algorithm
> library(mice)          # imputation

Attaching package: â€˜miceâ€™

The following objects are masked from â€˜package:baseâ€™:

    cbind, rbind

> library(scales)        # Visualization

Attaching package: â€˜scalesâ€™

The following object is masked from â€˜package:purrrâ€™:

    discard

The following object is masked from â€˜package:readrâ€™:

    col_factor

> library(ggthemes)      # Visualization
> library(class)         # classification algorithm
> library(e1071)         # classification algorithm
> library(randomForest)  # classification algorithm
randomForest 4.6-14
Type rfNews() to see new features/changes/bug fixes.

Attaching package: â€˜randomForestâ€™

The following object is masked from â€˜package:dplyrâ€™:

    combine

The following object is masked from â€˜package:ggplot2â€™:

    margin

> library(party)         # classification algorithm
Loading required package: grid
Loading required package: mvtnorm
Loading required package: modeltools
Loading required package: stats4
Loading required package: strucchange
Loading required package: zoo

Attaching package: â€˜zooâ€™

The following objects are masked from â€˜package:baseâ€™:

    as.Date, as.Date.numeric

Loading required package: sandwich

Attaching package: â€˜strucchangeâ€™

The following object is masked from â€˜package:stringrâ€™:

    boundary

> 
> # Read datasets
> train <- read_csv("../input/train.csv")  # Load train data
Parsed with column specification:
cols(
  PassengerId = [32mcol_double()[39m,
  Survived = [32mcol_double()[39m,
  Pclass = [32mcol_double()[39m,
  Name = [31mcol_character()[39m,
  Sex = [31mcol_character()[39m,
  Age = [32mcol_double()[39m,
  SibSp = [32mcol_double()[39m,
  Parch = [32mcol_double()[39m,
  Ticket = [31mcol_character()[39m,
  Fare = [32mcol_double()[39m,
  Cabin = [31mcol_character()[39m,
  Embarked = [31mcol_character()[39m
)
> test <- read_csv("../input/test.csv")    # Load test data
Parsed with column specification:
cols(
  PassengerId = [32mcol_double()[39m,
  Pclass = [32mcol_double()[39m,
  Name = [31mcol_character()[39m,
  Sex = [31mcol_character()[39m,
  Age = [32mcol_double()[39m,
  SibSp = [32mcol_double()[39m,
  Parch = [32mcol_double()[39m,
  Ticket = [31mcol_character()[39m,
  Fare = [32mcol_double()[39m,
  Cabin = [31mcol_character()[39m,
  Embarked = [31mcol_character()[39m
)
> full <- bind_rows(train,test)     # combine training and test dataset 
> 
> head(full)  # View few records of loaded data
[90m# A tibble: 6 x 12[39m
  PassengerId Survived Pclass Name  Sex     Age SibSp Parch Ticket  Fare Cabin
        [3m[90m<dbl>[39m[23m    [3m[90m<dbl>[39m[23m  [3m[90m<dbl>[39m[23m [3m[90m<chr>[39m[23m [3m[90m<chr>[39m[23m [3m[90m<dbl>[39m[23m [3m[90m<dbl>[39m[23m [3m[90m<dbl>[39m[23m [3m[90m<chr>[39m[23m  [3m[90m<dbl>[39m[23m [3m[90m<chr>[39m[23m
[90m1[39m           1        0      3 Brauâ€¦ male     22     1     0 A/5 2â€¦  7.25 [31mNA[39m   
[90m2[39m           2        1      1 Cumiâ€¦ femaâ€¦    38     1     0 PC 17â€¦ 71.3  C85  
[90m3[39m           3        1      3 Heikâ€¦ femaâ€¦    26     0     0 STON/â€¦  7.92 [31mNA[39m   
[90m4[39m           4        1      1 Futrâ€¦ femaâ€¦    35     1     0 113803 53.1  C123 
[90m5[39m           5        0      3 Alleâ€¦ male     35     0     0 373450  8.05 [31mNA[39m   
[90m6[39m           6        0      3 Moraâ€¦ male     [31mNA[39m     0     0 330877  8.46 [31mNA[39m   
[90m# â€¦ with 1 more variable: Embarked [3m[90m<chr>[90m[23m[39m
> 
> # Check Structure of data set
> str(full)
tibble [1,309 Ã— 12] (S3: spec_tbl_df/tbl_df/tbl/data.frame)
 $ PassengerId: num [1:1309] 1 2 3 4 5 6 7 8 9 10 ...
 $ Survived   : num [1:1309] 0 1 1 1 0 0 0 0 1 1 ...
 $ Pclass     : num [1:1309] 3 1 3 1 3 3 1 3 3 2 ...
 $ Name       : chr [1:1309] "Braund, Mr. Owen Harris" "Cumings, Mrs. John Bradley (Florence Briggs Thayer)" "Heikkinen, Miss. Laina" "Futrelle, Mrs. Jacques Heath (Lily May Peel)" ...
 $ Sex        : chr [1:1309] "male" "female" "female" "female" ...
 $ Age        : num [1:1309] 22 38 26 35 35 NA 54 2 27 14 ...
 $ SibSp      : num [1:1309] 1 1 0 1 0 0 0 3 0 1 ...
 $ Parch      : num [1:1309] 0 0 0 0 0 0 0 1 2 0 ...
 $ Ticket     : chr [1:1309] "A/5 21171" "PC 17599" "STON/O2. 3101282" "113803" ...
 $ Fare       : num [1:1309] 7.25 71.28 7.92 53.1 8.05 ...
 $ Cabin      : chr [1:1309] NA "C85" NA "C123" ...
 $ Embarked   : chr [1:1309] "S" "C" "S" "S" ...
 - attr(*, "spec")=
  .. cols(
  ..   PassengerId = [32mcol_double()[39m,
  ..   Survived = [32mcol_double()[39m,
  ..   Pclass = [32mcol_double()[39m,
  ..   Name = [31mcol_character()[39m,
  ..   Sex = [31mcol_character()[39m,
  ..   Age = [32mcol_double()[39m,
  ..   SibSp = [32mcol_double()[39m,
  ..   Parch = [32mcol_double()[39m,
  ..   Ticket = [31mcol_character()[39m,
  ..   Fare = [32mcol_double()[39m,
  ..   Cabin = [31mcol_character()[39m,
  ..   Embarked = [31mcol_character()[39m
  .. )
> 
> # Apply sum(is.na()) to each variable to check missing values
> sapply(full, function(x) sum(is.na(x)))
PassengerId    Survived      Pclass        Name         Sex         Age 
          0         418           0           0           0         263 
      SibSp       Parch      Ticket        Fare       Cabin    Embarked 
          0           0           0           1        1014           2 
> # sapply() is used to apply a function to each element of list, dataframes or vectors.
> 
> # Find which observation has missing fare value
> which(is.na(full$Fare)==TRUE)   # which() will return indexes of the observation which has missing value for Fare
[1] 1044
> # 1044 is the index of missing fare value
> 
> full[1044,]   # View complete information of obbseravation which has missing Fare value
[90m# A tibble: 1 x 12[39m
  PassengerId Survived Pclass Name  Sex     Age SibSp Parch Ticket  Fare Cabin
        [3m[90m<dbl>[39m[23m    [3m[90m<dbl>[39m[23m  [3m[90m<dbl>[39m[23m [3m[90m<chr>[39m[23m [3m[90m<chr>[39m[23m [3m[90m<dbl>[39m[23m [3m[90m<dbl>[39m[23m [3m[90m<dbl>[39m[23m [3m[90m<chr>[39m[23m  [3m[90m<dbl>[39m[23m [3m[90m<chr>[39m[23m
[90m1[39m        [4m1[24m044       [31mNA[39m      3 Storâ€¦ male   60.5     0     0 3701      [31mNA[39m [31mNA[39m   
[90m# â€¦ with 1 more variable: Embarked [3m[90m<chr>[90m[23m[39m
> 
> # Set the height and weight of the plot
> options(repr.plot.width=6, repr.plot.height=4)
> 
> # Plot Fare distrfibution of class 3 passenger who embarked from port S
> ggplot(full[full$Pclass == '3' & full$Embarked == 'S',], aes(x = Fare)) +   
+ geom_density(fill = 'royalblue', alpha ='0.7') +
+ geom_vline(aes(xintercept=median(Fare, na.rm=T)), colour='red', linetype='dashed', lwd=1) +
+ scale_x_continuous(labels=dollar) +
+ theme_few()
Error in alpha * 255 : non-numeric argument to binary operator
Calls: <Anonymous> ... validGP -> numnotnull -> alpha -> <Anonymous> -> encode_c
Execution halted
