
R version 3.6.1 (2019-07-05) -- "Action of the Toes"
Copyright (C) 2019 The R Foundation for Statistical Computing
Platform: x86_64-apple-darwin15.6.0 (64-bit)

R is free software and comes with ABSOLUTELY NO WARRANTY.
You are welcome to redistribute it under certain conditions.
Type 'license()' or 'licence()' for distribution details.

  Natural language support but running in an English locale

R is a collaborative project with many contributors.
Type 'contributors()' for more information and
'citation()' on how to cite R or R packages in publications.

Type 'demo()' for some demos, 'help()' for on-line help, or
'help.start()' for an HTML browser interface to help.
Type 'q()' to quit R.

> ##############################################################
> # Ensenble Model using Caret Package                         #
> # First Level: Random Forest, SVM, ADA, swdPoly, ANN, HDRDA  #
> # Second Level: XGBOOST,SVM with Weight and ANN              #
> # Third Level: mayor voting                                  #
> # Score: 0.79                                                #
> ##############################################################
> # libraries
> library(caTools)
> library(caret)
Loading required package: lattice
Loading required package: ggplot2
Warning message:
package ‘ggplot2’ was built under R version 3.6.2 
> library(ggplot2)
> library(ggthemes) 
> library(scales)
Warning message:
package ‘scales’ was built under R version 3.6.2 
> library(dplyr)

Attaching package: ‘dplyr’

The following objects are masked from ‘package:stats’:

    filter, lag

The following objects are masked from ‘package:base’:

    intersect, setdiff, setequal, union

Warning message:
package ‘dplyr’ was built under R version 3.6.2 
> library(DMwR)
Loading required package: grid
Registered S3 method overwritten by 'quantmod':
  method            from
  as.zoo.data.frame zoo 
> library(qdapRegex)
Error in library(qdapRegex) : there is no package called ‘qdapRegex’
Execution halted
