
R version 3.6.1 (2019-07-05) -- "Action of the Toes"
Copyright (C) 2019 The R Foundation for Statistical Computing
Platform: x86_64-apple-darwin15.6.0 (64-bit)

R is free software and comes with ABSOLUTELY NO WARRANTY.
You are welcome to redistribute it under certain conditions.
Type 'license()' or 'licence()' for distribution details.

  Natural language support but running in an English locale

R is a collaborative project with many contributors.
Type 'contributors()' for more information and
'citation()' on how to cite R or R packages in publications.

Type 'demo()' for some demos, 'help()' for on-line help, or
'help.start()' for an HTML browser interface to help.
Type 'q()' to quit R.

> 
> library(tidyverse)
â”€â”€ [1mAttaching packages[22m â”€â”€â”€â”€â”€â”€â”€â”€â”€â”€â”€â”€â”€â”€â”€â”€â”€â”€â”€â”€â”€â”€â”€â”€â”€â”€â”€â”€â”€â”€â”€â”€â”€â”€â”€â”€â”€â”€â”€â”€â”€â”€â”€â”€â”€â”€â”€â”€â”€â”€â”€â”€â”€â”€â”€â”€â”€â”€â”€â”€â”€â”€â”€â”€â”€â”€â”€â”€â”€â”€â”€â”€â”€â”€â”€â”€â”€â”€â”€â”€â”€â”€â”€â”€â”€â”€â”€â”€â”€â”€â”€â”€â”€â”€â”€â”€â”€â”€â”€â”€â”€â”€ tidyverse 1.3.0 â”€â”€
[32mâœ“[39m [34mggplot2[39m 3.3.2     [32mâœ“[39m [34mpurrr  [39m 0.3.4
[32mâœ“[39m [34mtibble [39m 3.0.1     [32mâœ“[39m [34mdplyr  [39m 1.0.2
[32mâœ“[39m [34mtidyr  [39m 1.1.0     [32mâœ“[39m [34mstringr[39m 1.4.0
[32mâœ“[39m [34mreadr  [39m 1.3.1     [32mâœ“[39m [34mforcats[39m 0.5.0
â”€â”€ [1mConflicts[22m â”€â”€â”€â”€â”€â”€â”€â”€â”€â”€â”€â”€â”€â”€â”€â”€â”€â”€â”€â”€â”€â”€â”€â”€â”€â”€â”€â”€â”€â”€â”€â”€â”€â”€â”€â”€â”€â”€â”€â”€â”€â”€â”€â”€â”€â”€â”€â”€â”€â”€â”€â”€â”€â”€â”€â”€â”€â”€â”€â”€â”€â”€â”€â”€â”€â”€â”€â”€â”€â”€â”€â”€â”€â”€â”€â”€â”€â”€â”€â”€â”€â”€â”€â”€â”€â”€â”€â”€â”€â”€â”€â”€â”€â”€â”€â”€â”€â”€â”€â”€â”€â”€â”€â”€â”€ tidyverse_conflicts() â”€â”€
[31mx[39m [34mdplyr[39m::[32mfilter()[39m masks [34mstats[39m::filter()
[31mx[39m [34mdplyr[39m::[32mlag()[39m    masks [34mstats[39m::lag()
Warning messages:
1: package â€˜ggplot2â€™ was built under R version 3.6.2 
2: package â€˜tibbleâ€™ was built under R version 3.6.2 
3: package â€˜tidyrâ€™ was built under R version 3.6.2 
4: package â€˜purrrâ€™ was built under R version 3.6.2 
5: package â€˜dplyrâ€™ was built under R version 3.6.2 
> library(plyr)
------------------------------------------------------------------------------
You have loaded plyr after dplyr - this is likely to cause problems.
If you need functions from both plyr and dplyr, please load plyr first, then dplyr:
library(plyr); library(dplyr)
------------------------------------------------------------------------------

Attaching package: â€˜plyrâ€™

The following objects are masked from â€˜package:dplyrâ€™:

    arrange, count, desc, failwith, id, mutate, rename, summarise,
    summarize

The following object is masked from â€˜package:purrrâ€™:

    compact

> library(dplyr)
> library(gridExtra) #for plotting

Attaching package: â€˜gridExtraâ€™

The following object is masked from â€˜package:dplyrâ€™:

    combine

> library(Amelia) #for missing values
Loading required package: Rcpp
## 
## Amelia II: Multiple Imputation
## (Version 1.7.6, built: 2019-11-24)
## Copyright (C) 2005-2020 James Honaker, Gary King and Matthew Blackwell
## Refer to http://gking.harvard.edu/amelia/ for more information
## 
> library(corrplot) #for correlation
corrplot 0.84 loaded
> library(mice) #for missing values

Attaching package: â€˜miceâ€™

The following objects are masked from â€˜package:baseâ€™:

    cbind, rbind

Warning message:
package â€˜miceâ€™ was built under R version 3.6.2 
> library(naniar) #For missing values plot
Error in library(naniar) : there is no package called â€˜naniarâ€™
Execution halted
