
R version 3.6.1 (2019-07-05) -- "Action of the Toes"
Copyright (C) 2019 The R Foundation for Statistical Computing
Platform: x86_64-apple-darwin15.6.0 (64-bit)

R is free software and comes with ABSOLUTELY NO WARRANTY.
You are welcome to redistribute it under certain conditions.
Type 'license()' or 'licence()' for distribution details.

  Natural language support but running in an English locale

R is a collaborative project with many contributors.
Type 'contributors()' for more information and
'citation()' on how to cite R or R packages in publications.

Type 'demo()' for some demos, 'help()' for on-line help, or
'help.start()' for an HTML browser interface to help.
Type 'q()' to quit R.

> 
> # This R environment comes with all of CRAN preinstalled, as well as many other helpful packages
> # The environment is defined by the kaggle/rstats docker image: https://github.com/kaggle/docker-rstats
> # For example, here's several helpful packages to load in 
> 
> library(ggplot2) # Data visualization
Warning message:
package ‘ggplot2’ was built under R version 3.6.2 
> library(readr) # CSV file I/O, e.g. the read_csv function
> library(randomForest)
randomForest 4.6-14
Type rfNews() to see new features/changes/bug fixes.

Attaching package: ‘randomForest’

The following object is masked from ‘package:ggplot2’:

    margin

> library(e1071)
> library(tree)
Error in library(tree) : there is no package called ‘tree’
Execution halted
