
R version 3.6.1 (2019-07-05) -- "Action of the Toes"
Copyright (C) 2019 The R Foundation for Statistical Computing
Platform: x86_64-apple-darwin15.6.0 (64-bit)

R is free software and comes with ABSOLUTELY NO WARRANTY.
You are welcome to redistribute it under certain conditions.
Type 'license()' or 'licence()' for distribution details.

  Natural language support but running in an English locale

R is a collaborative project with many contributors.
Type 'contributors()' for more information and
'citation()' on how to cite R or R packages in publications.

Type 'demo()' for some demos, 'help()' for on-line help, or
'help.start()' for an HTML browser interface to help.
Type 'q()' to quit R.

> ## ----echo=FALSE,include=FALSE----------------------------------------------------------------------------------------------------------------------------------------------------------------------------------------------------
> library(dplyr)

Attaching package: ‘dplyr’

The following objects are masked from ‘package:stats’:

    filter, lag

The following objects are masked from ‘package:base’:

    intersect, setdiff, setequal, union

Warning message:
package ‘dplyr’ was built under R version 3.6.2 
> 
> 
> ## --------------------------------------------------------------------------------------------------------------------------------------------------------------------------------------------------------------------------------
> titanic.train <- read.csv("../input/train.csv")
> titanic.test <- read.csv(("../input/test.csv"))
> 
> 
> ## ----echo=FALSE------------------------------------------------------------------------------------------------------------------------------------------------------------------------------------------------------------------
> test <- titanic.test
> test$Survived <- NA
> test1 <- test %>% select(PassengerId,
+     Survived,
+     Pclass:Embarked)
> titanic.full <- rbind(titanic.train,test1)
> rm(test1)
> rm(test)
> 
> 
> ## --------------------------------------------------------------------------------------------------------------------------------------------------------------------------------------------------------------------------------
> summary(titanic.full)
  PassengerId      Survived          Pclass     
 Min.   :   1   Min.   :0.0000   Min.   :1.000  
 1st Qu.: 328   1st Qu.:0.0000   1st Qu.:2.000  
 Median : 655   Median :0.0000   Median :3.000  
 Mean   : 655   Mean   :0.3838   Mean   :2.295  
 3rd Qu.: 982   3rd Qu.:1.0000   3rd Qu.:3.000  
 Max.   :1309   Max.   :1.0000   Max.   :3.000  
                NA's   :418                     
                               Name          Sex           Age       
 Connolly, Miss. Kate            :   2   female:466   Min.   : 0.17  
 Kelly, Mr. James                :   2   male  :843   1st Qu.:21.00  
 Abbing, Mr. Anthony             :   1                Median :28.00  
 Abbott, Mr. Rossmore Edward     :   1                Mean   :29.88  
 Abbott, Mrs. Stanton (Rosa Hunt):   1                3rd Qu.:39.00  
 Abelson, Mr. Samuel             :   1                Max.   :80.00  
 (Other)                         :1301                NA's   :263    
     SibSp            Parch            Ticket          Fare        
 Min.   :0.0000   Min.   :0.000   CA. 2343:  11   Min.   :  0.000  
 1st Qu.:0.0000   1st Qu.:0.000   1601    :   8   1st Qu.:  7.896  
 Median :0.0000   Median :0.000   CA 2144 :   8   Median : 14.454  
 Mean   :0.4989   Mean   :0.385   3101295 :   7   Mean   : 33.295  
 3rd Qu.:1.0000   3rd Qu.:0.000   347077  :   7   3rd Qu.: 31.275  
 Max.   :8.0000   Max.   :9.000   347082  :   7   Max.   :512.329  
                                  (Other) :1261   NA's   :1        
             Cabin      Embarked
                :1014    :  2   
 C23 C25 C27    :   6   C:270   
 B57 B59 B63 B66:   5   Q:123   
 G6             :   5   S:914   
 B96 B98        :   4           
 C22 C26        :   4           
 (Other)        : 271           
> 
> 
> ## --------------------------------------------------------------------------------------------------------------------------------------------------------------------------------------------------------------------------------
> titanic.full$Fare <- ifelse(is.na(titanic.full$Fare),
+                             mean(titanic.full$Fare,na.rm = TRUE),
+                             titanic.full$Fare)
> 
> 
> ## --------------------------------------------------------------------------------------------------------------------------------------------------------------------------------------------------------------------------------
> titanic.full$Age <- ifelse(
+   is.na(titanic.full$Age), 
+   median(titanic.full$Age,
+   na.rm = TRUE),
+   titanic.full$Age
+   )
> 
> 
> ## --------------------------------------------------------------------------------------------------------------------------------------------------------------------------------------------------------------------------------
> titanic.full$SibSp <- ifelse(titanic.full$SibSp > 0, 1,0)
> titanic.full$Parch <- ifelse(titanic.full$Parch > 0, 1,0)
> titanic.full$Family <- ifelse((titanic.full$Parch + titanic.full$SibSp) > 0,1,0)
> titanic.full <- subset(titanic.full,select = -c(SibSp,Parch,Name))
> titanic.full$Cabin <-substr(titanic.full$Cabin,1,1)
> titanic.full$Cabin <-ifelse(titanic.full$Cabin =='',"X",titanic.full$Cabin)  # No Cabin (X)
> titanic.full$Embarked <-as.factor(ifelse(as.character(titanic.full$Embarked) =="","S",as.character(titanic.full$Embarked)))
> 
> 
> ## --------------------------------------------------------------------------------------------------------------------------------------------------------------------------------------------------------------------------------
> titanic.train.clean <- titanic.full[1:891,]
> titanic.test.clean <- titanic.full[892:1309,]
> titanic.test.clean <- titanic.test.clean[,!(names(titanic.test.clean) %in% c("Survived"))]
> 
> 
> ## --------------------------------------------------------------------------------------------------------------------------------------------------------------------------------------------------------------------------------
> round(prop.table(table(titanic.train.clean$Survived)),2) # 38% servived

   0    1 
0.62 0.38 
> 
> 
> ## --------------------------------------------------------------------------------------------------------------------------------------------------------------------------------------------------------------------------------
> round(prop.table(table(titanic.train.clean$Sex)),2)  # 35/65

female   male 
  0.35   0.65 
> round(prop.table(table(titanic.train.clean$Survived,titanic.train.clean$Sex)),2)
   
    female male
  0   0.09 0.53
  1   0.26 0.12
> library(ggplot2)
Warning message:
package ‘ggplot2’ was built under R version 3.6.2 
> ggplot(data = titanic.train.clean,aes(x = Age)) +
+   geom_histogram(aes(fill = as.factor(Survived)),binwidth = 2) +
+   facet_wrap(~ Sex)
> 
> 
> ## --------------------------------------------------------------------------------------------------------------------------------------------------------------------------------------------------------------------------------
> round(prop.table(table(titanic.train.clean$Pclass)),2)

   1    2    3 
0.24 0.21 0.55 
> round(prop.table(table(titanic.train.clean$Survived,titanic.train.clean$Pclass)),2)
   
       1    2    3
  0 0.09 0.11 0.42
  1 0.15 0.10 0.13
> 
> ggplot(data = titanic.train.clean,aes(x = Age)) +
+   geom_histogram(aes(fill = as.factor(Survived)),binwidth = 2) +
+   facet_wrap(~ Pclass)
> 
> 
> ## --------------------------------------------------------------------------------------------------------------------------------------------------------------------------------------------------------------------------------
> round(prop.table(table(titanic.train.clean$Cabin)),2)

   A    B    C    D    E    F    G    T    X 
0.02 0.05 0.07 0.04 0.04 0.01 0.00 0.00 0.77 
> round(prop.table(table(titanic.train.clean$Survived,titanic.train.clean$Cabin)),2)
   
       A    B    C    D    E    F    G    T    X
  0 0.01 0.01 0.03 0.01 0.01 0.01 0.00 0.00 0.54
  1 0.01 0.04 0.04 0.03 0.03 0.01 0.00 0.00 0.23
> 
> 
> 
> ## --------------------------------------------------------------------------------------------------------------------------------------------------------------------------------------------------------------------------------
> round(prop.table(table(titanic.train.clean$Embarked)),2)

   C    Q    S 
0.19 0.09 0.73 
> round(prop.table(table(titanic.train.clean$Survived,titanic.train.clean$Embarked)),2)
   
       C    Q    S
  0 0.08 0.05 0.48
  1 0.10 0.03 0.25
> 
> ggplot(data = titanic.train.clean,aes(x = Age)) +
+   geom_histogram(aes(fill = as.factor(Survived)),binwidth = 2) +
+   facet_wrap(~ Embarked)
> 
> 
> ## --------------------------------------------------------------------------------------------------------------------------------------------------------------------------------------------------------------------------------
> round(prop.table(table(titanic.train.clean$Family)),2)

  0   1 
0.6 0.4 
> round(prop.table(table(titanic.train.clean$Survived,titanic.train.clean$Family)),2)
   
       0    1
  0 0.42 0.20
  1 0.18 0.20
> 
> ggplot(data = titanic.train.clean,aes(x = Age)) +
+   geom_histogram(aes(fill = as.factor(Survived)),binwidth = 2) +
+   facet_wrap(~ Family)
> 
> 
> ## --------------------------------------------------------------------------------------------------------------------------------------------------------------------------------------------------------------------------------
> set.seed(2017)
> library(rpart)
> train.sample <- sample(891,730)
> train.set <- titanic.train.clean[train.sample,]
> test.set <- titanic.train.clean[-train.sample,]
> 
> 
> ## --------------------------------------------------------------------------------------------------------------------------------------------------------------------------------------------------------------------------------
> train.model <- rpart(Survived ~ Pclass + Sex + Age + Family + Fare + Embarked +Cabin, 
+                        data = train.set, 
+                        method = "class",
+                        control = rpart.control(minsplit = 50, cp = 0))
> 
> 
> ## --------------------------------------------------------------------------------------------------------------------------------------------------------------------------------------------------------------------------------
> library(rpart.plot)
> rpart.plot(train.model,digits = 3,fallen.leaves = TRUE,type = 3,extra = 101)
> 
> 
> 
> ## --------------------------------------------------------------------------------------------------------------------------------------------------------------------------------------------------------------------------------
> #test.set <- subset(test.set,select = c(-Survived))
> pred.survived <- predict(train.model, newdata = test.set,type = "class")
> 
> 
> ## --------------------------------------------------------------------------------------------------------------------------------------------------------------------------------------------------------------------------------
> library(gmodels)
Error in library(gmodels) : there is no package called ‘gmodels’
Execution halted
