
R version 3.6.1 (2019-07-05) -- "Action of the Toes"
Copyright (C) 2019 The R Foundation for Statistical Computing
Platform: x86_64-apple-darwin15.6.0 (64-bit)

R is free software and comes with ABSOLUTELY NO WARRANTY.
You are welcome to redistribute it under certain conditions.
Type 'license()' or 'licence()' for distribution details.

  Natural language support but running in an English locale

R is a collaborative project with many contributors.
Type 'contributors()' for more information and
'citation()' on how to cite R or R packages in publications.

Type 'demo()' for some demos, 'help()' for on-line help, or
'help.start()' for an HTML browser interface to help.
Type 'q()' to quit R.

> 
> ## Importing packages
> 
> # This R environment comes with all of CRAN and many other helpful packages preinstalled.
> # You can see which packages are installed by checking out the kaggle/rstats docker image: 
> # https://github.com/kaggle/docker-rstats
> 
> library(tidyverse) # metapackage with lots of helpful functions
â”€â”€ [1mAttaching packages[22m â”€â”€â”€â”€â”€â”€â”€â”€â”€â”€â”€â”€â”€â”€â”€â”€â”€â”€â”€â”€â”€â”€â”€â”€â”€â”€â”€â”€â”€â”€â”€â”€â”€â”€â”€â”€â”€â”€â”€â”€â”€â”€â”€â”€â”€â”€â”€â”€â”€â”€â”€â”€â”€â”€â”€â”€â”€â”€â”€â”€â”€â”€â”€â”€â”€â”€â”€â”€â”€â”€â”€â”€â”€â”€â”€â”€â”€â”€â”€â”€â”€â”€â”€â”€â”€â”€â”€â”€â”€â”€â”€â”€â”€â”€â”€â”€â”€â”€â”€â”€â”€â”€ tidyverse 1.3.0 â”€â”€
[32mâœ“[39m [34mggplot2[39m 3.3.2     [32mâœ“[39m [34mpurrr  [39m 0.3.4
[32mâœ“[39m [34mtibble [39m 3.0.1     [32mâœ“[39m [34mdplyr  [39m 1.0.2
[32mâœ“[39m [34mtidyr  [39m 1.1.0     [32mâœ“[39m [34mstringr[39m 1.4.0
[32mâœ“[39m [34mreadr  [39m 1.3.1     [32mâœ“[39m [34mforcats[39m 0.5.0
â”€â”€ [1mConflicts[22m â”€â”€â”€â”€â”€â”€â”€â”€â”€â”€â”€â”€â”€â”€â”€â”€â”€â”€â”€â”€â”€â”€â”€â”€â”€â”€â”€â”€â”€â”€â”€â”€â”€â”€â”€â”€â”€â”€â”€â”€â”€â”€â”€â”€â”€â”€â”€â”€â”€â”€â”€â”€â”€â”€â”€â”€â”€â”€â”€â”€â”€â”€â”€â”€â”€â”€â”€â”€â”€â”€â”€â”€â”€â”€â”€â”€â”€â”€â”€â”€â”€â”€â”€â”€â”€â”€â”€â”€â”€â”€â”€â”€â”€â”€â”€â”€â”€â”€â”€â”€â”€â”€â”€â”€â”€ tidyverse_conflicts() â”€â”€
[31mx[39m [34mdplyr[39m::[32mfilter()[39m masks [34mstats[39m::filter()
[31mx[39m [34mdplyr[39m::[32mlag()[39m    masks [34mstats[39m::lag()
Warning messages:
1: package â€˜ggplot2â€™ was built under R version 3.6.2 
2: package â€˜tibbleâ€™ was built under R version 3.6.2 
3: package â€˜tidyrâ€™ was built under R version 3.6.2 
4: package â€˜purrrâ€™ was built under R version 3.6.2 
5: package â€˜dplyrâ€™ was built under R version 3.6.2 
> 
> ## Running code
> 
> # In a notebook, you can run a single code cell by clicking in the cell and then hitting 
> # the blue arrow to the left, or by clicking in the cell and pressing Shift+Enter. In a script, 
> # you can run code by highlighting the code you want to run and then clicking the blue arrow
> # at the bottom of this window.
> 
> ## Reading in files
> 
> # You can access files from datasets you've added to this kernel in the "../input/" directory.
> # You can see the files added to this kernel by running the code below. 
> 
> list.files(path = "../input")
[1] "gender_submission.csv" "test.csv"              "train.csv"            
> 
> ## Saving data
> 
> # If you save any files or images, these will be put in the "output" directory. You 
> # can see the output directory by committing and running your kernel (using the 
> # Commit & Run button) and then checking out the compiled version of your kernel.
> 
> train_data  <- read_csv("../input/train.csv")
Parsed with column specification:
cols(
  PassengerId = [32mcol_double()[39m,
  Survived = [32mcol_double()[39m,
  Pclass = [32mcol_double()[39m,
  Name = [31mcol_character()[39m,
  Sex = [31mcol_character()[39m,
  Age = [32mcol_double()[39m,
  SibSp = [32mcol_double()[39m,
  Parch = [32mcol_double()[39m,
  Ticket = [31mcol_character()[39m,
  Fare = [32mcol_double()[39m,
  Cabin = [31mcol_character()[39m,
  Embarked = [31mcol_character()[39m
)
> 
> head(train_data)
[90m# A tibble: 6 x 12[39m
  PassengerId Survived Pclass Name  Sex     Age SibSp Parch Ticket  Fare Cabin
        [3m[90m<dbl>[39m[23m    [3m[90m<dbl>[39m[23m  [3m[90m<dbl>[39m[23m [3m[90m<chr>[39m[23m [3m[90m<chr>[39m[23m [3m[90m<dbl>[39m[23m [3m[90m<dbl>[39m[23m [3m[90m<dbl>[39m[23m [3m[90m<chr>[39m[23m  [3m[90m<dbl>[39m[23m [3m[90m<chr>[39m[23m
[90m1[39m           1        0      3 Brauâ€¦ male     22     1     0 A/5 2â€¦  7.25 [31mNA[39m   
[90m2[39m           2        1      1 Cumiâ€¦ femaâ€¦    38     1     0 PC 17â€¦ 71.3  C85  
[90m3[39m           3        1      3 Heikâ€¦ femaâ€¦    26     0     0 STON/â€¦  7.92 [31mNA[39m   
[90m4[39m           4        1      1 Futrâ€¦ femaâ€¦    35     1     0 113803 53.1  C123 
[90m5[39m           5        0      3 Alleâ€¦ male     35     0     0 373450  8.05 [31mNA[39m   
[90m6[39m           6        0      3 Moraâ€¦ male     [31mNA[39m     0     0 330877  8.46 [31mNA[39m   
[90m# â€¦ with 1 more variable: Embarked [3m[90m<chr>[90m[23m[39m
> 
> train_data %>% 
+     select(Survived,Sex,Age,Pclass)   %>% 
+     mutate(SurvivedDesc = case_when(
+                           Survived == 0 ~ "Died",
+                         Survived == 1 ~ "Alive"))  %>% 
+     ggplot(aes(x = Pclass, fill = SurvivedDesc )) +
+     geom_bar(position = "fill") 
>     
> 
> read_csv("../input/test.csv")
Parsed with column specification:
cols(
  PassengerId = [32mcol_double()[39m,
  Pclass = [32mcol_double()[39m,
  Name = [31mcol_character()[39m,
  Sex = [31mcol_character()[39m,
  Age = [32mcol_double()[39m,
  SibSp = [32mcol_double()[39m,
  Parch = [32mcol_double()[39m,
  Ticket = [31mcol_character()[39m,
  Fare = [32mcol_double()[39m,
  Cabin = [31mcol_character()[39m,
  Embarked = [31mcol_character()[39m
)
[90m# A tibble: 418 x 11[39m
   PassengerId Pclass Name   Sex     Age SibSp Parch Ticket  Fare Cabin Embarked
         [3m[90m<dbl>[39m[23m  [3m[90m<dbl>[39m[23m [3m[90m<chr>[39m[23m  [3m[90m<chr>[39m[23m [3m[90m<dbl>[39m[23m [3m[90m<dbl>[39m[23m [3m[90m<dbl>[39m[23m [3m[90m<chr>[39m[23m  [3m[90m<dbl>[39m[23m [3m[90m<chr>[39m[23m [3m[90m<chr>[39m[23m   
[90m 1[39m         892      3 Kellyâ€¦ male   34.5     0     0 330911  7.83 [31mNA[39m    Q       
[90m 2[39m         893      3 Wilkeâ€¦ femaâ€¦  47       1     0 363272  7    [31mNA[39m    S       
[90m 3[39m         894      2 Mylesâ€¦ male   62       0     0 240276  9.69 [31mNA[39m    Q       
[90m 4[39m         895      3 Wirz,â€¦ male   27       0     0 315154  8.66 [31mNA[39m    S       
[90m 5[39m         896      3 Hirvoâ€¦ femaâ€¦  22       1     1 31012â€¦ 12.3  [31mNA[39m    S       
[90m 6[39m         897      3 Svensâ€¦ male   14       0     0 7538    9.22 [31mNA[39m    S       
[90m 7[39m         898      3 Connoâ€¦ femaâ€¦  30       0     0 330972  7.63 [31mNA[39m    Q       
[90m 8[39m         899      2 Caldwâ€¦ male   26       1     1 248738 29    [31mNA[39m    S       
[90m 9[39m         900      3 Abrahâ€¦ femaâ€¦  18       0     0 2657    7.23 [31mNA[39m    C       
[90m10[39m         901      3 Davieâ€¦ male   21       2     0 A/4 4â€¦ 24.2  [31mNA[39m    S       
[90m# â€¦ with 408 more rows[39m
> 
> train_data  %>% 
+     purrr::map_df( ~ sum(is.na(.)))
[90m# A tibble: 1 x 12[39m
  PassengerId Survived Pclass  Name   Sex   Age SibSp Parch Ticket  Fare Cabin
        [3m[90m<int>[39m[23m    [3m[90m<int>[39m[23m  [3m[90m<int>[39m[23m [3m[90m<int>[39m[23m [3m[90m<int>[39m[23m [3m[90m<int>[39m[23m [3m[90m<int>[39m[23m [3m[90m<int>[39m[23m  [3m[90m<int>[39m[23m [3m[90m<int>[39m[23m [3m[90m<int>[39m[23m
[90m1[39m           0        0      0     0     0   177     0     0      0     0   687
[90m# â€¦ with 1 more variable: Embarked [3m[90m<int>[90m[23m[39m
> 
> train_data <- train_data  %>% 
+     na_if("")
> library(tidyverse)
> ### in order to reassign it in place you should use  %<>% 
> train_data %<>% 
+     na_if("")
Error in train_data %<>% na_if("") : could not find function "%<>%"
Execution halted
