
R version 3.6.1 (2019-07-05) -- "Action of the Toes"
Copyright (C) 2019 The R Foundation for Statistical Computing
Platform: x86_64-apple-darwin15.6.0 (64-bit)

R is free software and comes with ABSOLUTELY NO WARRANTY.
You are welcome to redistribute it under certain conditions.
Type 'license()' or 'licence()' for distribution details.

  Natural language support but running in an English locale

R is a collaborative project with many contributors.
Type 'contributors()' for more information and
'citation()' on how to cite R or R packages in publications.

Type 'demo()' for some demos, 'help()' for on-line help, or
'help.start()' for an HTML browser interface to help.
Type 'q()' to quit R.

> ## --------------------------------------------------------------------------------------------------------------------------------------------------------------------------------------------------------------------------------
> rm(list = ls())
> 
> library(data.table)
> 
> titanic_train = fread("../input/train.csv")
> 
> titanic_test = fread("../input/test.csv")
> 
> head(titanic_train,200)
     PassengerId Survived Pclass
  1:           1        0      3
  2:           2        1      1
  3:           3        1      3
  4:           4        1      1
  5:           5        0      3
 ---                            
196:         196        1      1
197:         197        0      3
198:         198        0      3
199:         199        1      3
200:         200        0      2
                                                    Name    Sex Age SibSp Parch
  1:                             Braund, Mr. Owen Harris   male  22     1     0
  2: Cumings, Mrs. John Bradley (Florence Briggs Thayer) female  38     1     0
  3:                              Heikkinen, Miss. Laina female  26     0     0
  4:        Futrelle, Mrs. Jacques Heath (Lily May Peel) female  35     1     0
  5:                            Allen, Mr. William Henry   male  35     0     0
 ---                                                                           
196:                                Lurette, Miss. Elise female  58     0     0
197:                                 Mernagh, Mr. Robert   male  NA     0     0
198:                    Olsen, Mr. Karl Siegwart Andreas   male  42     0     1
199:                  Madigan, Miss. Margaret ""Maggie"" female  NA     0     0
200:            Yrois, Miss. Henriette (""Mrs Harbeck"") female  24     0     0
               Ticket     Fare Cabin Embarked
  1:        A/5 21171   7.2500              S
  2:         PC 17599  71.2833   C85        C
  3: STON/O2. 3101282   7.9250              S
  4:           113803  53.1000  C123        S
  5:           373450   8.0500              S
 ---                                         
196:         PC 17569 146.5208   B80        C
197:           368703   7.7500              Q
198:             4579   8.4042              S
199:           370370   7.7500              Q
200:           248747  13.0000              S
> 
> ## Summary statistics
> library(stargazer)
Error in library(stargazer) : there is no package called ‘stargazer’
Execution halted
