
R version 3.6.1 (2019-07-05) -- "Action of the Toes"
Copyright (C) 2019 The R Foundation for Statistical Computing
Platform: x86_64-apple-darwin15.6.0 (64-bit)

R is free software and comes with ABSOLUTELY NO WARRANTY.
You are welcome to redistribute it under certain conditions.
Type 'license()' or 'licence()' for distribution details.

  Natural language support but running in an English locale

R is a collaborative project with many contributors.
Type 'contributors()' for more information and
'citation()' on how to cite R or R packages in publications.

Type 'demo()' for some demos, 'help()' for on-line help, or
'help.start()' for an HTML browser interface to help.
Type 'q()' to quit R.

[Previously saved workspace restored]

> 
> library('ggplot2') # visualization
Warning message:
package ‘ggplot2’ was built under R version 3.6.2 
> library('ggthemes') # visualization
> library('scales') # visualization
Warning message:
package ‘scales’ was built under R version 3.6.2 
> library('dplyr') # data manipulation

Attaching package: ‘dplyr’

The following objects are masked from ‘package:stats’:

    filter, lag

The following objects are masked from ‘package:base’:

    intersect, setdiff, setequal, union

Warning message:
package ‘dplyr’ was built under R version 3.6.2 
> library('mice') # imputation

Attaching package: ‘mice’

The following objects are masked from ‘package:base’:

    cbind, rbind

Warning message:
package ‘mice’ was built under R version 3.6.2 
> library('randomForest') # classification algorithm
randomForest 4.6-14
Type rfNews() to see new features/changes/bug fixes.

Attaching package: ‘randomForest’

The following object is masked from ‘package:dplyr’:

    combine

The following object is masked from ‘package:ggplot2’:

    margin

> 
> train <- read.csv('../input/train.csv', stringsAsFactors = F)
> test  <- read.csv('../input/test.csv', stringsAsFactors = F)
> 
> full  <- bind_rows(train, test) # bind training & test data
> 
> # check data
> str(train)
'data.frame':	891 obs. of  12 variables:
 $ PassengerId: int  1 2 3 4 5 6 7 8 9 10 ...
 $ Survived   : int  0 1 1 1 0 0 0 0 1 1 ...
 $ Pclass     : int  3 1 3 1 3 3 1 3 3 2 ...
 $ Name       : chr  "Braund, Mr. Owen Harris" "Cumings, Mrs. John Bradley (Florence Briggs Thayer)" "Heikkinen, Miss. Laina" "Futrelle, Mrs. Jacques Heath (Lily May Peel)" ...
 $ Sex        : chr  "male" "female" "female" "female" ...
 $ Age        : num  22 38 26 35 35 NA 54 2 27 14 ...
 $ SibSp      : int  1 1 0 1 0 0 0 3 0 1 ...
 $ Parch      : int  0 0 0 0 0 0 0 1 2 0 ...
 $ Ticket     : chr  "A/5 21171" "PC 17599" "STON/O2. 3101282" "113803" ...
 $ Fare       : num  7.25 71.28 7.92 53.1 8.05 ...
 $ Cabin      : chr  "" "C85" "" "C123" ...
 $ Embarked   : chr  "S" "C" "S" "S" ...
> str(test)
'data.frame':	418 obs. of  11 variables:
 $ PassengerId: int  892 893 894 895 896 897 898 899 900 901 ...
 $ Pclass     : int  3 3 2 3 3 3 3 2 3 3 ...
 $ Name       : chr  "Kelly, Mr. James" "Wilkes, Mrs. James (Ellen Needs)" "Myles, Mr. Thomas Francis" "Wirz, Mr. Albert" ...
 $ Sex        : chr  "male" "female" "male" "male" ...
 $ Age        : num  34.5 47 62 27 22 14 30 26 18 21 ...
 $ SibSp      : int  0 1 0 0 1 0 0 1 0 2 ...
 $ Parch      : int  0 0 0 0 1 0 0 1 0 0 ...
 $ Ticket     : chr  "330911" "363272" "240276" "315154" ...
 $ Fare       : num  7.83 7 9.69 8.66 12.29 ...
 $ Cabin      : chr  "" "" "" "" ...
 $ Embarked   : chr  "Q" "S" "Q" "S" ...
> 
> table(train$Embarked)

      C   Q   S 
  2 168  77 644 
> full$Embarked[c(62, 830)] <- 'C'
> full$Fare[1044] <- median(full[full$Pclass == '3' & full$Embarked == 'S', ]$Fare, na.rm = TRUE)
> sum(is.na(full$Age))
[1] 263
> 
> # Make variables factors into factors
> factor_vars <- c('PassengerId','Pclass','Sex','Embarked')
> 
> full[factor_vars] <- lapply(full[factor_vars], function(x) as.factor(x))
> 
> # Set a random seed
> set.seed(129)
> 
> # Perform mice imputation, excluding certain less-than-useful variables:
> mice_mod <- mice(full[, !names(full) %in% c('PassengerId','Name','Ticket',
+                                             'Cabin','Survived')], method='rf') 

 iter imp variable
  1   1  Age
  1   2  Age
  1   3  Age
  1   4  Age
  1   5  Age
  2   1  Age
  2   2  Age
  2   3  Age
  2   4  Age
  2   5  Age
  3   1  Age
  3   2  Age
  3   3  Age
  3   4  Age
  3   5  Age
  4   1  Age
  4   2  Age
  4   3  Age
  4   4  Age
  4   5  Age
  5   1  Age
  5   2  Age
  5   3  Age
  5   4  Age
  5   5  Age
> mice_output <- complete(mice_mod)
> 
> head(mice_output)
  Pclass    Sex Age SibSp Parch    Fare Embarked
1      3   male  22     1     0  7.2500        S
2      1 female  38     1     0 71.2833        C
3      3 female  26     0     0  7.9250        S
4      1 female  35     1     0 53.1000        S
5      3   male  35     0     0  8.0500        S
6      3   male  38     0     0  8.4583        Q
> 
> # Plot age distributions
> par(mfrow=c(1,2))
> hist(full$Age, freq=F, main='Age: Original Data', 
+   col='darkgreen')
> hist(mice_output$Age, freq=F, main='Age: MICE Output', 
+   col='lightgreen')
> 
> # Replace Age variable from the mice model.
> full$Age <- mice_output$Age
> 
> # Show new number of missing Age values
> sum(is.na(full$Age))
[1] 0
> 
> md.pattern(full)
    PassengerId Pclass Name Sex Age SibSp Parch Ticket Fare Cabin Embarked
891           1      1    1   1   1     1     1      1    1     1        1
418           1      1    1   1   1     1     1      1    1     1        1
              0      0    0   0   0     0     0      0    0     0        0
    Survived    
891        1   0
418        0   1
         418 418
> 
> train <- full[1:891,]
> test <- full[892:1309,]
> # Set a random seed
> set.seed(754)
> 
> # Build the model (note: not all possible variables are used)
> rf_model <- randomForest(factor(Survived) ~ Pclass + Sex + Age + SibSp + Parch + 
+                                             Fare + Embarked,
+                                             data = train)
> 
> # Show model error
> plot(rf_model, ylim=c(0,0.36))
> legend('topright', colnames(rf_model$err.rate), col=1:3, fill=1:3)
> 
> head(rf_model)
$call
randomForest(formula = factor(Survived) ~ Pclass + Sex + Age + 
    SibSp + Parch + Fare + Embarked, data = train)

$type
[1] "classification"

$predicted
  1   2   3   4   5   6   7   8   9  10  11  12  13  14  15  16  17  18  19  20 
  0   1   0   1   0   0   0   0   1   1   1   1   0   0   1   1   0   0   1   1 
 21  22  23  24  25  26  27  28  29  30  31  32  33  34  35  36  37  38  39  40 
  0   0   1   0   0   0   0   0   1   0   0   1   1   0   1   0   0   0   0   0 
 41  42  43  44  45  46  47  48  49  50  51  52  53  54  55  56  57  58  59  60 
  0   1   0   1   1   0   0   1   0   1   0   0   1   1   0   0   1   0   1   0 
 61  62  63  64  65  66  67  68  69  70  71  72  73  74  75  76  77  78  79  80 
  0   1   0   0   0   0   1   0   0   0   0   0   0   0   1   0   0   0   1   0 
 81  82  83  84  85  86  87  88  89  90  91  92  93  94  95  96  97  98  99 100 
  0   0   1   0   1   0   0   0   1   0   0   0   0   0   0   0   0   0   1   0 
101 102 103 104 105 106 107 108 109 110 111 112 113 114 115 116 117 118 119 120 
  1   0   0   0   0   0   1   0   0   1   0   1   0   0   1   0   0   0   0   0 
121 122 123 124 125 126 127 128 129 130 131 132 133 134 135 136 137 138 139 140 
  0   0   0   1   0   0   0   0   1   0   0   0   0   1   0   0   1   0   0   0 
141 142 143 144 145 146 147 148 149 150 151 152 153 154 155 156 157 158 159 160 
  1   1   1   0   0   0   0   0   0   0   0   1   0   0   0   0   1   0   0   0 
161 162 163 164 165 166 167 168 169 170 171 172 173 174 175 176 177 178 179 180 
  0   1   0   0   0   0   1   0   0   1   0   0   1   0   0   0   0   1   0   0 
181 182 183 184 185 186 187 188 189 190 191 192 193 194 195 196 197 198 199 200 
  0   0   0   1   1   0   1   0   0   0   1   0   0   1   1   1   0   0   1   1 
201 202 203 204 205 206 207 208 209 210 211 212 213 214 215 216 217 218 219 220 
  0   0   0   0   0   1   0   0   1   0   0   1   0   0   0   1   0   0   1   0 
221 222 223 224 225 226 227 228 229 230 231 232 233 234 235 236 237 238 239 240 
  0   0   0   0   0   0   0   0   0   0   1   0   0   0   0   1   0   1   0   0 
241 242 243 244 245 246 247 248 249 250 251 252 253 254 255 256 257 258 259 260 
  1   1   0   0   0   1   1   1   0   0   0   0   0   0   0   0   1   1   1   1 
261 262 263 264 265 266 267 268 269 270 271 272 273 274 275 276 277 278 279 280 
  0   0   0   0   1   0   0   0   1   1   0   0   1   0   1   1   0   0   0   0 
281 282 283 284 285 286 287 288 289 290 291 292 293 294 295 296 297 298 299 300 
  0   0   0   0   0   0   0   0   0   1   1   1   0   0   0   0   0   1   0   1 
301 302 303 304 305 306 307 308 309 310 311 312 313 314 315 316 317 318 319 320 
  1   0   0   1   0   1   1   1   0   1   1   1   1   0   0   0   1   0   1   1 
321 322 323 324 325 326 327 328 329 330 331 332 333 334 335 336 337 338 339 340 
  0   0   1   1   0   1   0   1   0   1   1   0   0   0   1   0   0   1   0   0 
341 342 343 344 345 346 347 348 349 350 351 352 353 354 355 356 357 358 359 360 
  1   1   0   0   0   1   1   1   1   0   0   0   0   0   0   0   1   1   1   1 
361 362 363 364 365 366 367 368 369 370 371 372 373 374 375 376 377 378 379 380 
  0   0   0   0   0   0   1   1   1   1   1   0   0   0   0   1   1   0   0   0 
381 382 383 384 385 386 387 388 389 390 391 392 393 394 395 396 397 398 399 400 
  1   1   0   1   0   0   0   1   0   1   0   0   0   1   1   0   1   0   0   1 
401 402 403 404 405 406 407 408 409 410 411 412 413 414 415 416 417 418 419 420 
  0   0   0   0   0   0   0   1   0   0   0   0   1   0   0   0   1   1   0   1 
421 422 423 424 425 426 427 428 429 430 431 432 433 434 435 436 437 438 439 440 
  0   0   0   0   0   0   1   1   0   0   0   0   1   0   1   1   0   1   0   0 
441 442 443 444 445 446 447 448 449 450 451 452 453 454 455 456 457 458 459 460 
  1   0   0   1   0   1   1   0   1   0   0   0   0   0   0   0   0   1   1   0 
461 462 463 464 465 466 467 468 469 470 471 472 473 474 475 476 477 478 479 480 
  0   0   0   0   0   0   0   0   0   1   0   0   1   1   0   0   0   0   0   1 
481 482 483 484 485 486 487 488 489 490 491 492 493 494 495 496 497 498 499 500 
  0   0   0   0   0   0   1   0   0   0   0   0   0   0   0   0   1   0   1   0 
501 502 503 504 505 506 507 508 509 510 511 512 513 514 515 516 517 518 519 520 
  0   1   1   0   1   1   1   0   0   0   0   0   1   1   0   0   1   0   1   0 
521 522 523 524 525 526 527 528 529 530 531 532 533 534 535 536 537 538 539 540 
  1   0   0   1   0   0   1   0   0   0   1   0   0   1   0   1   0   1   0   1 
541 542 543 544 545 546 547 548 549 550 551 552 553 554 555 556 557 558 559 560 
  1   0   0   0   1   0   1   0   0   1   0   0   0   0   0   0   1   0   1   0 
561 562 563 564 565 566 567 568 569 570 571 572 573 574 575 576 577 578 579 580 
  0   0   0   0   0   0   0   1   0   0   0   1   1   1   0   0   1   1   0   0 
581 582 583 584 585 586 587 588 589 590 591 592 593 594 595 596 597 598 599 600 
  1   1   0   0   0   1   0   0   0   0   0   1   0   1   0   0   1   0   0   1 
601 602 603 604 605 606 607 608 609 610 611 612 613 614 615 616 617 618 619 620 
  1   0   0   0   0   0   0   0   1   1   0   0   1   0   0   1   0   1   1   0 
621 622 623 624 625 626 627 628 629 630 631 632 633 634 635 636 637 638 639 640 
  0   0   1   0   0   0   0   1   0   0   0   0   0   0   0   1   0   0   0   0 
641 642 643 644 645 646 647 648 649 650 651 652 653 654 655 656 657 658 659 660 
  0   1   0   1   1   1   0   0   0   1   0   1   0   1   1   0   0   1   0   0 
661 662 663 664 665 666 667 668 669 670 671 672 673 674 675 676 677 678 679 680 
  0   0   0   0   0   0   0   0   0   1   1   0   0   0   0   0   0   0   0   0 
681 682 683 684 685 686 687 688 689 690 691 692 693 694 695 696 697 698 699 700 
  1   0   0   0   0   0   0   0   0   1   0   1   1   0   0   0   0   1   1   0 
701 702 703 704 705 706 707 708 709 710 711 712 713 714 715 716 717 718 719 720 
  1   0   1   0   0   0   1   1   1   0   1   1   0   0   0   0   1   1   0   0 
721 722 723 724 725 726 727 728 729 730 731 732 733 734 735 736 737 738 739 740 
  1   0   0   0   0   0   1   1   0   0   1   1   0   0   0   0   0   0   0   0 
741 742 743 744 745 746 747 748 749 750 751 752 753 754 755 756 757 758 759 760 
  0   0   1   0   0   0   0   1   0   0   1   1   0   0   1   1   0   0   0   1 
761 762 763 764 765 766 767 768 769 770 771 772 773 774 775 776 777 778 779 780 
  0   0   0   1   0   1   0   1   0   0   0   0   1   0   1   0   0   1   0   1 
781 782 783 784 785 786 787 788 789 790 791 792 793 794 795 796 797 798 799 800 
  1   1   0   0   0   0   1   0   1   0   0   0   0   0   0   0   1   0   0   0 
801 802 803 804 805 806 807 808 809 810 811 812 813 814 815 816 817 818 819 820 
  0   1   1   0   0   0   0   1   0   1   0   0   0   0   0   0   1   0   0   0 
821 822 823 824 825 826 827 828 829 830 831 832 833 834 835 836 837 838 839 840 
  1   0   0   1   0   0   1   1   0   1   0   1   0   0   0   1   0   0   1   0 
841 842 843 844 845 846 847 848 849 850 851 852 853 854 855 856 857 858 859 860 
  0   0   1   0   0   0   0   0   0   1   0   0   1   1   1   0   1   0   1   0 
861 862 863 864 865 866 867 868 869 870 871 872 873 874 875 876 877 878 879 880 
  0   0   1   0   0   1   1   0   0   1   0   1   0   0   1   1   0   0   0   1 
881 882 883 884 885 886 887 888 889 890 891 
  1   0   1   0   0   0   0   1   0   0   0 
Levels: 0 1

$err.rate
             OOB          0         1
  [1,] 0.2167630 0.06730769 0.4420290
  [2,] 0.2129964 0.11014493 0.3827751
  [3,] 0.2389381 0.13221154 0.4083969
  [4,] 0.2308690 0.14225053 0.3700000
  [5,] 0.2146341 0.13293651 0.3449367
  [6,] 0.2167256 0.12786260 0.3600000
  [7,] 0.2078978 0.11487759 0.3575758
  [8,] 0.2032147 0.12430427 0.3313253
  [9,] 0.2009132 0.11090573 0.3462687
 [10,] 0.2040816 0.11376147 0.3501484
 [11,] 0.1877828 0.10237660 0.3264095
 [12,] 0.1858108 0.10018215 0.3244838
 [13,] 0.1801802 0.10018215 0.3097345
 [14,] 0.1901012 0.10746812 0.3235294
 [15,] 0.1921348 0.10928962 0.3255132
 [16,] 0.1930415 0.11475410 0.3187135
 [17,] 0.1930415 0.10746812 0.3304094
 [18,] 0.1919192 0.10200364 0.3362573
 [19,] 0.1896745 0.10564663 0.3245614
 [20,] 0.1806958 0.09836066 0.3128655
 [21,] 0.1874299 0.09653916 0.3333333
 [22,] 0.1863075 0.10018215 0.3245614
 [23,] 0.1795735 0.09289617 0.3187135
 [24,] 0.1840629 0.09471767 0.3274854
 [25,] 0.1784512 0.08925319 0.3216374
 [26,] 0.1818182 0.09107468 0.3274854
 [27,] 0.1795735 0.09653916 0.3128655
 [28,] 0.1784512 0.09289617 0.3157895
 [29,] 0.1818182 0.09107468 0.3274854
 [30,] 0.1874299 0.09836066 0.3304094
 [31,] 0.1885522 0.09289617 0.3421053
 [32,] 0.1840629 0.09471767 0.3274854
 [33,] 0.1806958 0.08743169 0.3304094
 [34,] 0.1818182 0.08743169 0.3333333
 [35,] 0.1806958 0.08743169 0.3304094
 [36,] 0.1784512 0.08561020 0.3274854
 [37,] 0.1784512 0.08196721 0.3333333
 [38,] 0.1795735 0.08561020 0.3304094
 [39,] 0.1784512 0.08196721 0.3333333
 [40,] 0.1762065 0.08196721 0.3274854
 [41,] 0.1795735 0.08561020 0.3304094
 [42,] 0.1773288 0.08378871 0.3274854
 [43,] 0.1773288 0.08378871 0.3274854
 [44,] 0.1829405 0.09471767 0.3245614
 [45,] 0.1806958 0.08743169 0.3304094
 [46,] 0.1829405 0.09107468 0.3304094
 [47,] 0.1863075 0.09107468 0.3391813
 [48,] 0.1840629 0.08925319 0.3362573
 [49,] 0.1818182 0.08743169 0.3333333
 [50,] 0.1784512 0.09289617 0.3157895
 [51,] 0.1818182 0.09289617 0.3245614
 [52,] 0.1784512 0.08561020 0.3274854
 [53,] 0.1773288 0.08196721 0.3304094
 [54,] 0.1739618 0.08378871 0.3187135
 [55,] 0.1795735 0.08378871 0.3333333
 [56,] 0.1795735 0.08378871 0.3333333
 [57,] 0.1750842 0.08378871 0.3216374
 [58,] 0.1728395 0.08014572 0.3216374
 [59,] 0.1728395 0.08014572 0.3216374
 [60,] 0.1750842 0.08196721 0.3245614
 [61,] 0.1773288 0.08561020 0.3245614
 [62,] 0.1795735 0.08561020 0.3304094
 [63,] 0.1750842 0.08561020 0.3187135
 [64,] 0.1750842 0.08561020 0.3187135
 [65,] 0.1773288 0.08925319 0.3187135
 [66,] 0.1784512 0.09107468 0.3187135
 [67,] 0.1818182 0.08925319 0.3304094
 [68,] 0.1784512 0.08743169 0.3245614
 [69,] 0.1806958 0.09107468 0.3245614
 [70,] 0.1818182 0.08925319 0.3304094
 [71,] 0.1806958 0.08925319 0.3274854
 [72,] 0.1795735 0.08743169 0.3274854
 [73,] 0.1795735 0.08743169 0.3274854
 [74,] 0.1784512 0.08743169 0.3245614
 [75,] 0.1762065 0.08561020 0.3216374
 [76,] 0.1750842 0.08561020 0.3187135
 [77,] 0.1750842 0.08378871 0.3216374
 [78,] 0.1750842 0.08378871 0.3216374
 [79,] 0.1762065 0.08196721 0.3274854
 [80,] 0.1750842 0.08561020 0.3187135
 [81,] 0.1762065 0.08196721 0.3274854
 [82,] 0.1750842 0.08196721 0.3245614
 [83,] 0.1739618 0.08196721 0.3216374
 [84,] 0.1739618 0.08014572 0.3245614
 [85,] 0.1784512 0.08561020 0.3274854
 [86,] 0.1773288 0.08196721 0.3304094
 [87,] 0.1773288 0.08378871 0.3274854
 [88,] 0.1784512 0.08196721 0.3333333
 [89,] 0.1762065 0.08196721 0.3274854
 [90,] 0.1773288 0.08196721 0.3304094
 [91,] 0.1762065 0.08196721 0.3274854
 [92,] 0.1762065 0.08196721 0.3274854
 [93,] 0.1762065 0.08014572 0.3304094
 [94,] 0.1773288 0.08378871 0.3274854
 [95,] 0.1773288 0.08561020 0.3245614
 [96,] 0.1750842 0.08196721 0.3245614
 [97,] 0.1773288 0.08378871 0.3274854
 [98,] 0.1795735 0.08378871 0.3333333
 [99,] 0.1806958 0.08561020 0.3333333
[100,] 0.1795735 0.08561020 0.3304094
[101,] 0.1773288 0.08378871 0.3274854
[102,] 0.1806958 0.08743169 0.3304094
[103,] 0.1784512 0.08378871 0.3304094
[104,] 0.1795735 0.08561020 0.3304094
[105,] 0.1784512 0.08743169 0.3245614
[106,] 0.1750842 0.08378871 0.3216374
[107,] 0.1739618 0.08378871 0.3187135
[108,] 0.1762065 0.08561020 0.3216374
[109,] 0.1762065 0.08561020 0.3216374
[110,] 0.1717172 0.08378871 0.3128655
[111,] 0.1705948 0.08378871 0.3099415
[112,] 0.1717172 0.08561020 0.3099415
[113,] 0.1728395 0.08561020 0.3128655
[114,] 0.1762065 0.08925319 0.3157895
[115,] 0.1750842 0.08925319 0.3128655
[116,] 0.1750842 0.09107468 0.3099415
[117,] 0.1773288 0.09289617 0.3128655
[118,] 0.1728395 0.08743169 0.3099415
[119,] 0.1728395 0.08743169 0.3099415
[120,] 0.1728395 0.08743169 0.3099415
[121,] 0.1739618 0.08743169 0.3128655
[122,] 0.1717172 0.08743169 0.3070175
[123,] 0.1739618 0.08925319 0.3099415
[124,] 0.1762065 0.09289617 0.3099415
[125,] 0.1762065 0.09107468 0.3128655
[126,] 0.1750842 0.09107468 0.3099415
[127,] 0.1750842 0.09107468 0.3099415
[128,] 0.1739618 0.09107468 0.3070175
[129,] 0.1750842 0.09107468 0.3099415
[130,] 0.1762065 0.08925319 0.3157895
[131,] 0.1750842 0.08925319 0.3128655
[132,] 0.1750842 0.08925319 0.3128655
[133,] 0.1750842 0.08925319 0.3128655
[134,] 0.1750842 0.08743169 0.3157895
[135,] 0.1739618 0.08743169 0.3128655
[136,] 0.1739618 0.08743169 0.3128655
[137,] 0.1728395 0.08561020 0.3128655
[138,] 0.1739618 0.08925319 0.3099415
[139,] 0.1750842 0.08925319 0.3128655
[140,] 0.1739618 0.08561020 0.3157895
[141,] 0.1717172 0.08378871 0.3128655
[142,] 0.1717172 0.08561020 0.3099415
[143,] 0.1705948 0.08378871 0.3099415
[144,] 0.1717172 0.08378871 0.3128655
[145,] 0.1739618 0.08561020 0.3157895
[146,] 0.1762065 0.08743169 0.3187135
[147,] 0.1750842 0.08561020 0.3187135
[148,] 0.1728395 0.08378871 0.3157895
[149,] 0.1750842 0.08561020 0.3187135
[150,] 0.1728395 0.08561020 0.3128655
[151,] 0.1728395 0.08196721 0.3187135
[152,] 0.1705948 0.08378871 0.3099415
[153,] 0.1717172 0.08561020 0.3099415
[154,] 0.1762065 0.08925319 0.3157895
[155,] 0.1739618 0.08561020 0.3157895
[156,] 0.1739618 0.08743169 0.3128655
[157,] 0.1739618 0.08743169 0.3128655
[158,] 0.1762065 0.08925319 0.3157895
[159,] 0.1762065 0.09107468 0.3128655
[160,] 0.1728395 0.08925319 0.3070175
[161,] 0.1739618 0.08925319 0.3099415
[162,] 0.1762065 0.08925319 0.3157895
[163,] 0.1728395 0.08925319 0.3070175
[164,] 0.1739618 0.08925319 0.3099415
[165,] 0.1728395 0.08743169 0.3099415
[166,] 0.1739618 0.08925319 0.3099415
[167,] 0.1739618 0.08925319 0.3099415
[168,] 0.1705948 0.08378871 0.3099415
[169,] 0.1728395 0.08561020 0.3128655
[170,] 0.1717172 0.08561020 0.3099415
[171,] 0.1705948 0.08561020 0.3070175
[172,] 0.1683502 0.08561020 0.3011696
[173,] 0.1694725 0.08561020 0.3040936
[174,] 0.1717172 0.08561020 0.3099415
[175,] 0.1717172 0.08561020 0.3099415
[176,] 0.1694725 0.08378871 0.3070175
[177,] 0.1694725 0.08378871 0.3070175
[178,] 0.1694725 0.08561020 0.3040936
[179,] 0.1717172 0.08561020 0.3099415
[180,] 0.1728395 0.08743169 0.3099415
[181,] 0.1717172 0.08743169 0.3070175
[182,] 0.1717172 0.08743169 0.3070175
[183,] 0.1705948 0.08743169 0.3040936
[184,] 0.1705948 0.08561020 0.3070175
[185,] 0.1739618 0.08925319 0.3099415
[186,] 0.1705948 0.08561020 0.3070175
[187,] 0.1705948 0.08378871 0.3099415
[188,] 0.1683502 0.08196721 0.3070175
[189,] 0.1694725 0.08196721 0.3099415
[190,] 0.1672278 0.08196721 0.3040936
[191,] 0.1694725 0.08378871 0.3070175
[192,] 0.1705948 0.08561020 0.3070175
[193,] 0.1694725 0.08378871 0.3070175
[194,] 0.1694725 0.08378871 0.3070175
[195,] 0.1694725 0.08561020 0.3040936
[196,] 0.1739618 0.08925319 0.3099415
[197,] 0.1694725 0.08378871 0.3070175
[198,] 0.1694725 0.08378871 0.3070175
[199,] 0.1694725 0.08378871 0.3070175
[200,] 0.1705948 0.08561020 0.3070175
[201,] 0.1694725 0.08378871 0.3070175
[202,] 0.1694725 0.08561020 0.3040936
[203,] 0.1705948 0.08743169 0.3040936
[204,] 0.1705948 0.08743169 0.3040936
[205,] 0.1694725 0.08743169 0.3011696
[206,] 0.1728395 0.08925319 0.3070175
[207,] 0.1728395 0.09289617 0.3011696
[208,] 0.1739618 0.09107468 0.3070175
[209,] 0.1728395 0.09107468 0.3040936
[210,] 0.1728395 0.09107468 0.3040936
[211,] 0.1728395 0.09107468 0.3040936
[212,] 0.1728395 0.09107468 0.3040936
[213,] 0.1739618 0.09107468 0.3070175
[214,] 0.1739618 0.09107468 0.3070175
[215,] 0.1728395 0.09107468 0.3040936
[216,] 0.1728395 0.08925319 0.3070175
[217,] 0.1728395 0.08925319 0.3070175
[218,] 0.1717172 0.08925319 0.3040936
[219,] 0.1717172 0.08925319 0.3040936
[220,] 0.1717172 0.08925319 0.3040936
[221,] 0.1717172 0.08925319 0.3040936
[222,] 0.1717172 0.08925319 0.3040936
[223,] 0.1728395 0.09107468 0.3040936
[224,] 0.1739618 0.09107468 0.3070175
[225,] 0.1739618 0.09107468 0.3070175
[226,] 0.1750842 0.09107468 0.3099415
[227,] 0.1717172 0.08743169 0.3070175
[228,] 0.1717172 0.08925319 0.3040936
[229,] 0.1694725 0.08743169 0.3011696
[230,] 0.1683502 0.08743169 0.2982456
[231,] 0.1705948 0.08743169 0.3040936
[232,] 0.1717172 0.08743169 0.3070175
[233,] 0.1717172 0.08743169 0.3070175
[234,] 0.1694725 0.08743169 0.3011696
[235,] 0.1705948 0.08743169 0.3040936
[236,] 0.1705948 0.08743169 0.3040936
[237,] 0.1717172 0.08925319 0.3040936
[238,] 0.1728395 0.08743169 0.3099415
[239,] 0.1739618 0.08925319 0.3099415
[240,] 0.1728395 0.08743169 0.3099415
[241,] 0.1739618 0.08743169 0.3128655
[242,] 0.1739618 0.08743169 0.3128655
[243,] 0.1728395 0.08743169 0.3099415
[244,] 0.1728395 0.08743169 0.3099415
[245,] 0.1739618 0.08743169 0.3128655
[246,] 0.1739618 0.08743169 0.3128655
[247,] 0.1739618 0.08743169 0.3128655
[248,] 0.1717172 0.08743169 0.3070175
[249,] 0.1705948 0.08743169 0.3040936
[250,] 0.1705948 0.08743169 0.3040936
[251,] 0.1717172 0.08743169 0.3070175
[252,] 0.1728395 0.08743169 0.3099415
[253,] 0.1728395 0.08925319 0.3070175
[254,] 0.1717172 0.08743169 0.3070175
[255,] 0.1739618 0.08925319 0.3099415
[256,] 0.1728395 0.08743169 0.3099415
[257,] 0.1728395 0.08743169 0.3099415
[258,] 0.1739618 0.08925319 0.3099415
[259,] 0.1739618 0.08925319 0.3099415
[260,] 0.1728395 0.08925319 0.3070175
[261,] 0.1728395 0.08925319 0.3070175
[262,] 0.1739618 0.08925319 0.3099415
[263,] 0.1750842 0.08925319 0.3128655
[264,] 0.1750842 0.08925319 0.3128655
[265,] 0.1750842 0.08925319 0.3128655
[266,] 0.1739618 0.08925319 0.3099415
[267,] 0.1739618 0.08925319 0.3099415
[268,] 0.1728395 0.08743169 0.3099415
[269,] 0.1728395 0.08743169 0.3099415
[270,] 0.1739618 0.08925319 0.3099415
[271,] 0.1750842 0.08925319 0.3128655
[272,] 0.1750842 0.08925319 0.3128655
[273,] 0.1750842 0.08743169 0.3157895
[274,] 0.1762065 0.08743169 0.3187135
[275,] 0.1739618 0.08743169 0.3128655
[276,] 0.1739618 0.08925319 0.3099415
[277,] 0.1762065 0.09107468 0.3128655
[278,] 0.1750842 0.08925319 0.3128655
[279,] 0.1739618 0.08743169 0.3128655
[280,] 0.1739618 0.08743169 0.3128655
[281,] 0.1739618 0.08743169 0.3128655
[282,] 0.1728395 0.08743169 0.3099415
[283,] 0.1717172 0.08743169 0.3070175
[284,] 0.1728395 0.08743169 0.3099415
[285,] 0.1728395 0.08925319 0.3070175
[286,] 0.1728395 0.08925319 0.3070175
[287,] 0.1728395 0.08925319 0.3070175
[288,] 0.1728395 0.08925319 0.3070175
[289,] 0.1739618 0.08925319 0.3099415
[290,] 0.1728395 0.08925319 0.3070175
[291,] 0.1728395 0.08925319 0.3070175
[292,] 0.1750842 0.08925319 0.3128655
[293,] 0.1762065 0.08925319 0.3157895
[294,] 0.1750842 0.08925319 0.3128655
[295,] 0.1739618 0.08925319 0.3099415
[296,] 0.1739618 0.08925319 0.3099415
[297,] 0.1739618 0.08925319 0.3099415
[298,] 0.1739618 0.08925319 0.3099415
[299,] 0.1739618 0.08925319 0.3099415
[300,] 0.1739618 0.08925319 0.3099415
[301,] 0.1739618 0.08925319 0.3099415
[302,] 0.1750842 0.08925319 0.3128655
[303,] 0.1750842 0.08925319 0.3128655
[304,] 0.1762065 0.08925319 0.3157895
[305,] 0.1750842 0.08925319 0.3128655
[306,] 0.1739618 0.08925319 0.3099415
[307,] 0.1728395 0.08925319 0.3070175
[308,] 0.1728395 0.08925319 0.3070175
[309,] 0.1739618 0.08925319 0.3099415
[310,] 0.1739618 0.08925319 0.3099415
[311,] 0.1739618 0.08925319 0.3099415
[312,] 0.1739618 0.08925319 0.3099415
[313,] 0.1739618 0.08925319 0.3099415
[314,] 0.1739618 0.08925319 0.3099415
[315,] 0.1739618 0.08925319 0.3099415
[316,] 0.1739618 0.08925319 0.3099415
[317,] 0.1739618 0.08925319 0.3099415
[318,] 0.1739618 0.08925319 0.3099415
[319,] 0.1728395 0.08925319 0.3070175
[320,] 0.1728395 0.08925319 0.3070175
[321,] 0.1728395 0.08925319 0.3070175
[322,] 0.1728395 0.08925319 0.3070175
[323,] 0.1739618 0.08925319 0.3099415
[324,] 0.1728395 0.08925319 0.3070175
[325,] 0.1728395 0.08925319 0.3070175
[326,] 0.1728395 0.08925319 0.3070175
[327,] 0.1728395 0.08925319 0.3070175
[328,] 0.1728395 0.08925319 0.3070175
[329,] 0.1728395 0.08925319 0.3070175
[330,] 0.1717172 0.08743169 0.3070175
[331,] 0.1728395 0.08925319 0.3070175
[332,] 0.1728395 0.08925319 0.3070175
[333,] 0.1728395 0.08925319 0.3070175
[334,] 0.1728395 0.08925319 0.3070175
[335,] 0.1728395 0.08925319 0.3070175
[336,] 0.1728395 0.08925319 0.3070175
[337,] 0.1728395 0.08925319 0.3070175
[338,] 0.1728395 0.08925319 0.3070175
[339,] 0.1728395 0.08925319 0.3070175
[340,] 0.1728395 0.08925319 0.3070175
[341,] 0.1728395 0.08925319 0.3070175
[342,] 0.1728395 0.08925319 0.3070175
[343,] 0.1739618 0.08925319 0.3099415
[344,] 0.1739618 0.08925319 0.3099415
[345,] 0.1739618 0.08925319 0.3099415
[346,] 0.1739618 0.08925319 0.3099415
[347,] 0.1739618 0.08925319 0.3099415
[348,] 0.1750842 0.09107468 0.3099415
[349,] 0.1739618 0.09107468 0.3070175
[350,] 0.1750842 0.09107468 0.3099415
[351,] 0.1728395 0.08925319 0.3070175
[352,] 0.1750842 0.08925319 0.3128655
[353,] 0.1750842 0.08925319 0.3128655
[354,] 0.1739618 0.08925319 0.3099415
[355,] 0.1739618 0.08925319 0.3099415
[356,] 0.1717172 0.08743169 0.3070175
[357,] 0.1705948 0.08561020 0.3070175
[358,] 0.1728395 0.08743169 0.3099415
[359,] 0.1717172 0.08743169 0.3070175
[360,] 0.1717172 0.08561020 0.3099415
[361,] 0.1717172 0.08743169 0.3070175
[362,] 0.1705948 0.08743169 0.3040936
[363,] 0.1717172 0.08925319 0.3040936
[364,] 0.1717172 0.08743169 0.3070175
[365,] 0.1717172 0.08925319 0.3040936
[366,] 0.1728395 0.08925319 0.3070175
[367,] 0.1717172 0.08925319 0.3040936
[368,] 0.1739618 0.09107468 0.3070175
[369,] 0.1717172 0.08925319 0.3040936
[370,] 0.1728395 0.09107468 0.3040936
[371,] 0.1717172 0.08925319 0.3040936
[372,] 0.1728395 0.08925319 0.3070175
[373,] 0.1717172 0.08925319 0.3040936
[374,] 0.1717172 0.08925319 0.3040936
[375,] 0.1717172 0.08925319 0.3040936
[376,] 0.1717172 0.08925319 0.3040936
[377,] 0.1705948 0.08925319 0.3011696
[378,] 0.1705948 0.08925319 0.3011696
[379,] 0.1705948 0.08925319 0.3011696
[380,] 0.1717172 0.08925319 0.3040936
[381,] 0.1717172 0.08925319 0.3040936
[382,] 0.1694725 0.08925319 0.2982456
[383,] 0.1694725 0.08925319 0.2982456
[384,] 0.1694725 0.08925319 0.2982456
[385,] 0.1694725 0.08925319 0.2982456
[386,] 0.1694725 0.08925319 0.2982456
[387,] 0.1705948 0.09107468 0.2982456
[388,] 0.1705948 0.09107468 0.2982456
[389,] 0.1717172 0.09107468 0.3011696
[390,] 0.1717172 0.09107468 0.3011696
[391,] 0.1717172 0.09107468 0.3011696
[392,] 0.1717172 0.09107468 0.3011696
[393,] 0.1717172 0.09107468 0.3011696
[394,] 0.1717172 0.09107468 0.3011696
[395,] 0.1717172 0.09107468 0.3011696
[396,] 0.1717172 0.09107468 0.3011696
[397,] 0.1717172 0.09107468 0.3011696
[398,] 0.1705948 0.09107468 0.2982456
[399,] 0.1694725 0.08925319 0.2982456
[400,] 0.1705948 0.08925319 0.3011696
[401,] 0.1717172 0.09107468 0.3011696
[402,] 0.1717172 0.09107468 0.3011696
[403,] 0.1705948 0.09107468 0.2982456
[404,] 0.1705948 0.09107468 0.2982456
[405,] 0.1705948 0.09107468 0.2982456
[406,] 0.1717172 0.09107468 0.3011696
[407,] 0.1728395 0.09107468 0.3040936
[408,] 0.1705948 0.09107468 0.2982456
[409,] 0.1705948 0.09107468 0.2982456
[410,] 0.1717172 0.09107468 0.3011696
[411,] 0.1728395 0.09107468 0.3040936
[412,] 0.1717172 0.09107468 0.3011696
[413,] 0.1717172 0.09107468 0.3011696
[414,] 0.1717172 0.09107468 0.3011696
[415,] 0.1717172 0.09107468 0.3011696
[416,] 0.1717172 0.09107468 0.3011696
[417,] 0.1717172 0.09107468 0.3011696
[418,] 0.1717172 0.09107468 0.3011696
[419,] 0.1717172 0.09107468 0.3011696
[420,] 0.1717172 0.09107468 0.3011696
[421,] 0.1705948 0.09107468 0.2982456
[422,] 0.1705948 0.09107468 0.2982456
[423,] 0.1705948 0.09107468 0.2982456
[424,] 0.1705948 0.09107468 0.2982456
[425,] 0.1705948 0.09107468 0.2982456
[426,] 0.1705948 0.09107468 0.2982456
[427,] 0.1705948 0.09107468 0.2982456
[428,] 0.1705948 0.08925319 0.3011696
[429,] 0.1705948 0.08925319 0.3011696
[430,] 0.1705948 0.08925319 0.3011696
[431,] 0.1705948 0.08925319 0.3011696
[432,] 0.1705948 0.08925319 0.3011696
[433,] 0.1705948 0.08925319 0.3011696
[434,] 0.1717172 0.09107468 0.3011696
[435,] 0.1717172 0.09107468 0.3011696
[436,] 0.1717172 0.09107468 0.3011696
[437,] 0.1705948 0.08925319 0.3011696
[438,] 0.1705948 0.08925319 0.3011696
[439,] 0.1705948 0.08925319 0.3011696
[440,] 0.1705948 0.08925319 0.3011696
[441,] 0.1717172 0.09107468 0.3011696
[442,] 0.1705948 0.08925319 0.3011696
[443,] 0.1705948 0.08925319 0.3011696
[444,] 0.1705948 0.08925319 0.3011696
[445,] 0.1705948 0.09107468 0.2982456
[446,] 0.1694725 0.08925319 0.2982456
[447,] 0.1694725 0.08925319 0.2982456
[448,] 0.1717172 0.09107468 0.3011696
[449,] 0.1705948 0.08925319 0.3011696
[450,] 0.1705948 0.09107468 0.2982456
[451,] 0.1705948 0.09107468 0.2982456
[452,] 0.1705948 0.09107468 0.2982456
[453,] 0.1683502 0.08925319 0.2953216
[454,] 0.1672278 0.08743169 0.2953216
[455,] 0.1683502 0.08743169 0.2982456
[456,] 0.1694725 0.08925319 0.2982456
[457,] 0.1683502 0.08743169 0.2982456
[458,] 0.1694725 0.08743169 0.3011696
[459,] 0.1694725 0.08743169 0.3011696
[460,] 0.1694725 0.08743169 0.3011696
[461,] 0.1694725 0.08743169 0.3011696
[462,] 0.1705948 0.08925319 0.3011696
[463,] 0.1694725 0.08743169 0.3011696
[464,] 0.1705948 0.08925319 0.3011696
[465,] 0.1705948 0.08925319 0.3011696
[466,] 0.1705948 0.08925319 0.3011696
[467,] 0.1705948 0.08925319 0.3011696
[468,] 0.1694725 0.08925319 0.2982456
[469,] 0.1705948 0.08925319 0.3011696
[470,] 0.1694725 0.08925319 0.2982456
[471,] 0.1694725 0.08925319 0.2982456
[472,] 0.1705948 0.08925319 0.3011696
[473,] 0.1705948 0.08925319 0.3011696
[474,] 0.1705948 0.08925319 0.3011696
[475,] 0.1705948 0.08925319 0.3011696
[476,] 0.1705948 0.08925319 0.3011696
[477,] 0.1705948 0.08925319 0.3011696
[478,] 0.1705948 0.08925319 0.3011696
[479,] 0.1705948 0.08925319 0.3011696
[480,] 0.1705948 0.08925319 0.3011696
[481,] 0.1705948 0.08925319 0.3011696
[482,] 0.1683502 0.08561020 0.3011696
[483,] 0.1694725 0.08743169 0.3011696
[484,] 0.1694725 0.08743169 0.3011696
[485,] 0.1683502 0.08561020 0.3011696
[486,] 0.1683502 0.08561020 0.3011696
[487,] 0.1694725 0.08743169 0.3011696
[488,] 0.1694725 0.08561020 0.3040936
[489,] 0.1705948 0.08743169 0.3040936
[490,] 0.1694725 0.08561020 0.3040936
[491,] 0.1705948 0.08561020 0.3070175
[492,] 0.1694725 0.08378871 0.3070175
[493,] 0.1694725 0.08378871 0.3070175
[494,] 0.1694725 0.08561020 0.3040936
[495,] 0.1694725 0.08561020 0.3040936
[496,] 0.1694725 0.08561020 0.3040936
[497,] 0.1694725 0.08561020 0.3040936
[498,] 0.1683502 0.08561020 0.3011696
[499,] 0.1683502 0.08561020 0.3011696
[500,] 0.1683502 0.08561020 0.3011696

$confusion
    0   1 class.error
0 502  47   0.0856102
1 103 239   0.3011696

$votes
              0           1
1   0.910447761 0.089552239
2   0.010309278 0.989690722
3   0.632352941 0.367647059
4   0.005464481 0.994535519
5   1.000000000 0.000000000
6   0.979797980 0.020202020
7   0.812865497 0.187134503
8   0.634517766 0.365482234
9   0.451977401 0.548022599
10  0.068571429 0.931428571
11  0.296089385 0.703910615
12  0.224489796 0.775510204
13  0.990147783 0.009852217
14  0.957219251 0.042780749
15  0.416216216 0.583783784
16  0.167630058 0.832369942
17  0.898989899 0.101010101
18  0.939086294 0.060913706
19  0.403225806 0.596774194
20  0.268571429 0.731428571
21  0.953757225 0.046242775
22  0.982352941 0.017647059
23  0.391304348 0.608695652
24  0.807692308 0.192307692
25  0.844444444 0.155555556
26  0.977401130 0.022598870
27  0.963350785 0.036649215
28  0.517241379 0.482758621
29  0.305263158 0.694736842
30  0.994219653 0.005780347
31  0.653409091 0.346590909
32  0.050000000 0.950000000
33  0.327868852 0.672131148
34  0.823834197 0.176165803
35  0.327683616 0.672316384
36  0.615853659 0.384146341
37  0.989010989 0.010989011
38  1.000000000 0.000000000
39  0.550561798 0.449438202
40  0.577319588 0.422680412
41  0.789473684 0.210526316
42  0.096446701 0.903553299
43  0.891428571 0.108571429
44  0.134502924 0.865497076
45  0.111675127 0.888324873
46  0.976470588 0.023529412
47  0.911602210 0.088397790
48  0.169398907 0.830601093
49  0.758974359 0.241025641
50  0.466292135 0.533707865
51  0.910994764 0.089005236
52  0.963350785 0.036649215
53  0.000000000 1.000000000
54  0.050000000 0.950000000
55  0.839195980 0.160804020
56  0.927777778 0.072222222
57  0.201149425 0.798850575
58  0.972067039 0.027932961
59  0.056994819 0.943005181
60  0.988235294 0.011764706
61  0.978723404 0.021276596
62  0.016042781 0.983957219
63  0.690721649 0.309278351
64  0.824858757 0.175141243
65  0.790960452 0.209039548
66  0.570588235 0.429411765
67  0.090395480 0.909604520
68  0.968944099 0.031055901
69  0.757763975 0.242236025
70  0.972527473 0.027472527
71  0.919354839 0.080645161
72  0.807291667 0.192708333
73  0.921875000 0.078125000
74  0.820652174 0.179347826
75  0.286516854 0.713483146
76  0.984615385 0.015384615
77  1.000000000 0.000000000
78  0.937500000 0.062500000
79  0.179104478 0.820895522
80  0.603015075 0.396984925
81  1.000000000 0.000000000
82  0.984848485 0.015151515
83  0.154255319 0.845744681
84  0.684491979 0.315508021
85  0.120879121 0.879120879
86  0.721311475 0.278688525
87  0.865284974 0.134715026
88  0.638554217 0.361445783
89  0.192307692 0.807692308
90  1.000000000 0.000000000
91  0.971098266 0.028901734
92  1.000000000 0.000000000
93  0.693181818 0.306818182
94  0.896969697 0.103030303
95  1.000000000 0.000000000
96  0.927374302 0.072625698
97  0.760416667 0.239583333
98  0.756613757 0.243386243
99  0.041420118 0.958579882
100 0.918478261 0.081521739
101 0.390728477 0.609271523
102 0.995000000 0.005000000
103 0.659685864 0.340314136
104 0.971428571 0.028571429
105 0.937500000 0.062500000
106 1.000000000 0.000000000
107 0.487951807 0.512048193
108 1.000000000 0.000000000
109 1.000000000 0.000000000
110 0.362244898 0.637755102
111 0.865168539 0.134831461
112 0.442105263 0.557894737
113 1.000000000 0.000000000
114 0.684523810 0.315476190
115 0.455497382 0.544502618
116 0.971910112 0.028089888
117 0.994897959 0.005102041
118 0.895027624 0.104972376
119 0.601941748 0.398058252
120 0.786458333 0.213541667
121 0.941176471 0.058823529
122 0.994623656 0.005376344
123 0.841025641 0.158974359
124 0.015625000 0.984375000
125 0.857868020 0.142131980
126 0.771739130 0.228260870
127 0.966850829 0.033149171
128 1.000000000 0.000000000
129 0.324175824 0.675824176
130 0.918128655 0.081871345
131 0.983870968 0.016129032
132 0.989304813 0.010695187
133 0.631284916 0.368715084
134 0.040229885 0.959770115
135 0.994871795 0.005128205
136 0.855140187 0.144859813
137 0.059405941 0.940594059
138 0.510752688 0.489247312
139 0.948717949 0.051282051
140 0.564356436 0.435643564
141 0.220125786 0.779874214
142 0.497326203 0.502673797
143 0.480662983 0.519337017
144 0.978723404 0.021276596
145 0.969072165 0.030927835
146 0.777142857 0.222857143
147 0.967567568 0.032432432
148 0.782857143 0.217142857
149 0.805882353 0.194117647
150 0.795321637 0.204678363
151 0.955665025 0.044334975
152 0.025974026 0.974025974
153 0.994845361 0.005154639
154 0.870967742 0.129032258
155 0.979274611 0.020725389
156 0.691428571 0.308571429
157 0.104712042 0.895287958
158 0.978021978 0.021978022
159 1.000000000 0.000000000
160 0.977272727 0.022727273
161 0.857142857 0.142857143
162 0.032051282 0.967948718
163 0.973684211 0.026315789
164 1.000000000 0.000000000
165 0.841176471 0.158823529
166 0.707182320 0.292817680
167 0.011049724 0.988950276
168 0.920903955 0.079096045
169 0.769953052 0.230046948
170 0.310344828 0.689655172
171 0.954248366 0.045751634
172 0.973404255 0.026595745
173 0.375661376 0.624338624
174 0.968253968 0.031746032
175 0.690000000 0.310000000
176 0.882051282 0.117948718
177 0.950000000 0.050000000
178 0.075376884 0.924623116
179 0.966292135 0.033707865
180 0.900552486 0.099447514
181 0.874345550 0.125654450
182 0.850828729 0.149171271
183 0.888888889 0.111111111
184 0.293532338 0.706467662
185 0.458762887 0.541237113
186 0.877094972 0.122905028
187 0.186813187 0.813186813
188 0.670731707 0.329268293
189 0.841530055 0.158469945
190 1.000000000 0.000000000
191 0.029761905 0.970238095
192 0.981481481 0.018518519
193 0.702127660 0.297872340
194 0.112903226 0.887096774
195 0.333333333 0.666666667
196 0.050847458 0.949152542
197 0.974226804 0.025773196
198 0.910052910 0.089947090
199 0.191860465 0.808139535
200 0.072916667 0.927083333
201 0.925000000 0.075000000
202 0.989473684 0.010526316
203 0.958974359 0.041025641
204 0.969849246 0.030150754
205 0.994186047 0.005813953
206 0.179347826 0.820652174
207 0.947976879 0.052023121
208 0.922222222 0.077777778
209 0.127551020 0.872448980
210 0.894472362 0.105527638
211 0.960591133 0.039408867
212 0.071428571 0.928571429
213 1.000000000 0.000000000
214 0.985000000 0.015000000
215 0.881443299 0.118556701
216 0.005319149 0.994680851
217 0.562500000 0.437500000
218 0.846560847 0.153439153
219 0.016129032 0.983870968
220 0.989743590 0.010256410
221 0.973118280 0.026881720
222 1.000000000 0.000000000
223 0.994845361 0.005154639
224 0.989690722 0.010309278
225 0.808290155 0.191709845
226 0.994652406 0.005347594
227 0.995121951 0.004878049
228 0.993548387 0.006451613
229 0.984293194 0.015706806
230 0.964071856 0.035928144
231 0.005988024 0.994011976
232 0.976878613 0.023121387
233 0.944162437 0.055837563
234 0.901639344 0.098360656
235 0.994623656 0.005376344
236 0.233502538 0.766497462
237 0.943181818 0.056818182
238 0.058510638 0.941489362
239 0.889473684 0.110526316
240 0.955801105 0.044198895
241 0.477272727 0.522727273
242 0.255102041 0.744897959
243 0.977900552 0.022099448
244 0.944162437 0.055837563
245 0.963157895 0.036842105
246 0.458128079 0.541871921
247 0.353932584 0.646067416
248 0.086734694 0.913265306
249 0.709876543 0.290123457
250 0.926380368 0.073619632
251 0.966101695 0.033898305
252 0.659459459 0.340540541
253 0.864406780 0.135593220
254 0.989130435 0.010869565
255 0.532967033 0.467032967
256 0.646408840 0.353591160
257 0.010752688 0.989247312
258 0.016393443 0.983606557
259 0.005524862 0.994475138
260 0.120218579 0.879781421
261 0.876470588 0.123529412
262 0.920634921 0.079365079
263 0.696629213 0.303370787
264 0.960674157 0.039325843
265 0.366863905 0.633136095
266 0.982758621 0.017241379
267 1.000000000 0.000000000
268 0.994252874 0.005747126
269 0.088541667 0.911458333
270 0.000000000 1.000000000
271 0.585227273 0.414772727
272 0.939759036 0.060240964
273 0.048913043 0.951086957
274 0.641711230 0.358288770
275 0.128342246 0.871657754
276 0.100558659 0.899441341
277 0.630541872 0.369458128
278 0.962765957 0.037234043
279 0.984210526 0.015789474
280 0.568306011 0.431693989
281 0.988700565 0.011299435
282 0.971910112 0.028089888
283 0.940298507 0.059701493
284 0.993865031 0.006134969
285 0.902702703 0.097297297
286 0.978021978 0.021978022
287 0.936170213 0.063829787
288 1.000000000 0.000000000
289 0.932291667 0.067708333
290 0.185393258 0.814606742
291 0.065088757 0.934911243
292 0.016574586 0.983425414
293 0.796954315 0.203045685
294 0.635922330 0.364077670
295 1.000000000 0.000000000
296 0.707070707 0.292929293
297 0.985294118 0.014705882
298 0.165803109 0.834196891
299 0.659685864 0.340314136
300 0.071428571 0.928571429
301 0.394117647 0.605882353
302 0.964285714 0.035714286
303 0.873626374 0.126373626
304 0.343283582 0.656716418
305 0.964285714 0.035714286
306 0.281609195 0.718390805
307 0.032608696 0.967391304
308 0.023255814 0.976744186
309 0.857142857 0.142857143
310 0.005617978 0.994382022
311 0.005952381 0.994047619
312 0.078534031 0.921465969
313 0.043243243 0.956756757
314 1.000000000 0.000000000
315 0.882681564 0.117318436
316 0.621761658 0.378238342
317 0.202072539 0.797927461
318 0.951086957 0.048913043
319 0.193181818 0.806818182
320 0.011235955 0.988764045
321 1.000000000 0.000000000
322 0.907103825 0.092896175
323 0.055555556 0.944444444
324 0.077669903 0.922330097
325 0.938144330 0.061855670
326 0.016759777 0.983240223
327 0.973262032 0.026737968
328 0.073684211 0.926315789
329 0.654639175 0.345360825
330 0.036809816 0.963190184
331 0.359788360 0.640211640
332 0.637837838 0.362162162
333 0.606217617 0.393782383
334 0.838323353 0.161676647
335 0.022988506 0.977011494
336 1.000000000 0.000000000
337 0.621621622 0.378378378
338 0.020304569 0.979695431
339 1.000000000 0.000000000
340 0.752577320 0.247422680
341 0.164893617 0.835106383
342 0.272727273 0.727272727
343 0.989417989 0.010582011
344 0.995121951 0.004878049
345 0.954285714 0.045714286
346 0.333333333 0.666666667
347 0.166666667 0.833333333
348 0.481927711 0.518072289
349 0.200000000 0.800000000
350 0.956989247 0.043010753
351 1.000000000 0.000000000
352 0.737967914 0.262032086
353 0.724489796 0.275510204
354 0.977777778 0.022222222
355 1.000000000 0.000000000
356 0.926966292 0.073033708
357 0.000000000 1.000000000
358 0.033816425 0.966183575
359 0.133333333 0.866666667
360 0.125714286 0.874285714
361 0.972826087 0.027173913
362 0.908212560 0.091787440
363 0.637931034 0.362068966
364 1.000000000 0.000000000
365 0.541436464 0.458563536
366 0.989247312 0.010752688
367 0.011904762 0.988095238
368 0.141304348 0.858695652
369 0.132183908 0.867816092
370 0.011363636 0.988636364
371 0.456521739 0.543478261
372 0.938888889 0.061111111
373 0.966666667 0.033333333
374 0.666666667 0.333333333
375 0.696808511 0.303191489
376 0.005405405 0.994594595
377 0.386740331 0.613259669
378 0.532608696 0.467391304
379 0.973684211 0.026315789
380 1.000000000 0.000000000
381 0.027472527 0.972527473
382 0.233160622 0.766839378
383 0.870056497 0.129943503
384 0.038888889 0.961111111
385 0.960199005 0.039800995
386 0.891428571 0.108571429
387 0.721649485 0.278350515
388 0.033149171 0.966850829
389 0.989304813 0.010695187
390 0.132596685 0.867403315
391 0.615384615 0.384615385
392 0.994505495 0.005494505
393 0.935000000 0.065000000
394 0.000000000 1.000000000
395 0.420454545 0.579545455
396 0.962365591 0.037634409
397 0.484662577 0.515337423
398 0.962566845 0.037433155
399 0.983695652 0.016304348
400 0.065573770 0.934426230
401 0.973333333 0.026666667
402 0.978609626 0.021390374
403 0.733333333 0.266666667
404 0.972067039 0.027932961
405 0.716666667 0.283333333
406 0.974226804 0.025773196
407 0.988571429 0.011428571
408 0.100000000 0.900000000
409 0.967391304 0.032608696
410 0.920903955 0.079096045
411 1.000000000 0.000000000
412 0.869565217 0.130434783
413 0.026178010 0.973821990
414 0.980000000 0.020000000
415 0.947976879 0.052023121
416 0.561497326 0.438502674
417 0.063829787 0.936170213
418 0.087431694 0.912568306
419 0.973118280 0.026881720
420 0.491803279 0.508196721
421 0.984771574 0.015228426
422 0.968085106 0.031914894
423 0.972067039 0.027932961
424 0.566137566 0.433862434
425 0.896341463 0.103658537
426 0.988165680 0.011834320
427 0.118644068 0.881355932
428 0.063829787 0.936170213
429 0.952380952 0.047619048
430 0.978609626 0.021390374
431 0.602484472 0.397515528
432 0.517241379 0.482758621
433 0.261538462 0.738461538
434 0.960893855 0.039106145
435 0.477157360 0.522842640
436 0.150837989 0.849162011
437 0.845714286 0.154285714
438 0.202453988 0.797546012
439 0.623762376 0.376237624
440 0.927777778 0.072222222
441 0.242424242 0.757575758
442 0.994594595 0.005405405
443 0.710691824 0.289308176
444 0.060240964 0.939759036
445 0.970588235 0.029411765
446 0.280898876 0.719101124
447 0.044444444 0.955555556
448 0.553763441 0.446236559
449 0.175824176 0.824175824
450 0.744047619 0.255952381
451 0.842696629 0.157303371
452 0.966292135 0.033707865
453 0.720670391 0.279329609
454 0.514792899 0.485207101
455 0.890710383 0.109289617
456 0.988888889 0.011111111
457 0.861702128 0.138297872
458 0.041237113 0.958762887
459 0.202020202 0.797979798
460 0.948717949 0.051282051
461 0.623711340 0.376288660
462 0.994594595 0.005405405
463 0.777142857 0.222857143
464 0.937853107 0.062146893
465 1.000000000 0.000000000
466 1.000000000 0.000000000
467 1.000000000 0.000000000
468 0.758823529 0.241176471
469 0.983695652 0.016304348
470 0.081521739 0.918478261
471 0.994949495 0.005050505
472 0.974874372 0.025125628
473 0.058536585 0.941463415
474 0.134328358 0.865671642
475 0.627777778 0.372222222
476 0.649746193 0.350253807
477 0.955056180 0.044943820
478 0.936046512 0.063953488
479 1.000000000 0.000000000
480 0.386740331 0.613259669
481 0.983516484 0.016483516
482 0.960674157 0.039325843
483 0.989071038 0.010928962
484 0.820512821 0.179487179
485 0.551546392 0.448453608
486 0.867469880 0.132530120
487 0.005494505 0.994505495
488 0.709677419 0.290322581
489 0.970149254 0.029850746
490 0.553672316 0.446327684
491 0.961325967 0.038674033
492 0.989583333 0.010416667
493 0.769230769 0.230769231
494 0.748571429 0.251428571
495 1.000000000 0.000000000
496 0.781914894 0.218085106
497 0.011428571 0.988571429
498 0.945000000 0.055000000
499 0.106598985 0.893401015
500 0.959064327 0.040935673
501 1.000000000 0.000000000
502 0.061452514 0.938547486
503 0.113772455 0.886227545
504 0.549132948 0.450867052
505 0.024630542 0.975369458
506 0.403314917 0.596685083
507 0.053191489 0.946808511
508 0.619047619 0.380952381
509 0.932584270 0.067415730
510 0.560693642 0.439306358
511 0.979057592 0.020942408
512 0.978947368 0.021052632
513 0.476190476 0.523809524
514 0.015228426 0.984771574
515 1.000000000 0.000000000
516 0.767441860 0.232558140
517 0.116402116 0.883597884
518 0.899470899 0.100529101
519 0.101694915 0.898305085
520 0.958083832 0.041916168
521 0.009708738 0.990291262
522 1.000000000 0.000000000
523 0.995000000 0.005000000
524 0.034285714 0.965714286
525 0.980099502 0.019900498
526 0.988826816 0.011173184
527 0.176165803 0.823834197
528 0.666666667 0.333333333
529 0.813664596 0.186335404
530 0.752747253 0.247252747
531 0.202185792 0.797814208
532 0.972527473 0.027472527
533 0.725806452 0.274193548
534 0.337016575 0.662983425
535 0.561797753 0.438202247
536 0.039215686 0.960784314
537 0.514970060 0.485029940
538 0.015228426 0.984771574
539 1.000000000 0.000000000
540 0.083333333 0.916666667
541 0.104712042 0.895287958
542 0.962365591 0.037634409
543 0.952941176 0.047058824
544 0.972677596 0.027322404
545 0.355421687 0.644578313
546 0.942708333 0.057291667
547 0.111111111 0.888888889
548 0.956756757 0.043243243
549 0.945652174 0.054347826
550 0.449197861 0.550802139
551 0.652406417 0.347593583
552 0.932203390 0.067796610
553 0.958579882 0.041420118
554 0.994791667 0.005208333
555 0.592391304 0.407608696
556 0.866666667 0.133333333
557 0.143646409 0.856353591
558 0.651933702 0.348066298
559 0.020100503 0.979899497
560 0.677018634 0.322981366
561 0.973684211 0.026315789
562 0.948717949 0.051282051
563 0.961538462 0.038461538
564 0.982758621 0.017241379
565 0.663101604 0.336898396
566 0.906250000 0.093750000
567 1.000000000 0.000000000
568 0.467980296 0.532019704
569 0.979797980 0.020202020
570 0.989361702 0.010638298
571 1.000000000 0.000000000
572 0.084745763 0.915254237
573 0.468085106 0.531914894
574 0.291208791 0.708791209
575 0.882352941 0.117647059
576 1.000000000 0.000000000
577 0.035897436 0.964102564
578 0.017142857 0.982857143
579 0.524096386 0.475903614
580 0.926136364 0.073863636
581 0.099009901 0.900990099
582 0.011560694 0.988439306
583 0.989247312 0.010752688
584 0.637254902 0.362745098
585 0.851428571 0.148571429
586 0.040201005 0.959798995
587 0.964646465 0.035353535
588 0.791443850 0.208556150
589 1.000000000 0.000000000
590 0.988636364 0.011363636
591 0.994845361 0.005154639
592 0.020942408 0.979057592
593 0.989690722 0.010309278
594 0.361702128 0.638297872
595 0.949238579 0.050761421
596 0.956521739 0.043478261
597 0.098265896 0.901734104
598 0.884393064 0.115606936
599 0.984375000 0.015625000
600 0.465968586 0.534031414
601 0.137755102 0.862244898
602 1.000000000 0.000000000
603 0.910891089 0.089108911
604 0.948275862 0.051724138
605 0.756250000 0.243750000
606 0.967032967 0.032967033
607 0.989473684 0.010526316
608 0.610778443 0.389221557
609 0.112244898 0.887755102
610 0.029585799 0.970414201
611 0.700534759 0.299465241
612 0.971428571 0.028571429
613 0.312500000 0.687500000
614 0.956284153 0.043715847
615 1.000000000 0.000000000
616 0.106382979 0.893617021
617 0.898809524 0.101190476
618 0.329896907 0.670103093
619 0.095959596 0.904040404
620 1.000000000 0.000000000
621 0.877659574 0.122340426
622 0.836363636 0.163636364
623 0.497737557 0.502262443
624 0.994011976 0.005988024
625 0.973404255 0.026595745
626 0.949438202 0.050561798
627 0.905263158 0.094736842
628 0.027932961 0.972067039
629 0.994680851 0.005319149
630 0.994594595 0.005405405
631 0.861111111 0.138888889
632 1.000000000 0.000000000
633 0.730569948 0.269430052
634 0.952380952 0.047619048
635 0.954545455 0.045454545
636 0.048648649 0.951351351
637 0.860335196 0.139664804
638 0.863874346 0.136125654
639 0.844444444 0.155555556
640 0.993975904 0.006024096
641 1.000000000 0.000000000
642 0.011235955 0.988764045
643 0.857923497 0.142076503
644 0.483443709 0.516556291
645 0.103448276 0.896551724
646 0.438775510 0.561224490
647 1.000000000 0.000000000
648 0.908163265 0.091836735
649 1.000000000 0.000000000
650 0.496855346 0.503144654
651 1.000000000 0.000000000
652 0.047619048 0.952380952
653 1.000000000 0.000000000
654 0.164102564 0.835897436
655 0.197860963 0.802139037
656 0.924855491 0.075144509
657 1.000000000 0.000000000
658 0.319148936 0.680851064
659 1.000000000 0.000000000
660 0.611111111 0.388888889
661 0.767955801 0.232044199
662 0.970059880 0.029940120
663 0.793296089 0.206703911
664 0.994252874 0.005747126
665 0.978494624 0.021505376
666 0.865497076 0.134502924
667 0.994252874 0.005747126
668 1.000000000 0.000000000
669 0.914285714 0.085714286
670 0.030120482 0.969879518
671 0.098265896 0.901734104
672 0.629032258 0.370967742
673 0.775862069 0.224137931
674 0.984924623 0.015075377
675 0.994764398 0.005235602
676 1.000000000 0.000000000
677 1.000000000 0.000000000
678 0.775000000 0.225000000
679 0.770053476 0.229946524
680 0.695652174 0.304347826
681 0.134502924 0.865497076
682 0.719576720 0.280423280
683 1.000000000 0.000000000
684 1.000000000 0.000000000
685 0.880000000 0.120000000
686 0.605714286 0.394285714
687 1.000000000 0.000000000
688 0.979166667 0.020833333
689 0.969879518 0.030120482
690 0.052325581 0.947674419
691 0.738636364 0.261363636
692 0.327956989 0.672043011
693 0.350000000 0.650000000
694 0.947089947 0.052910053
695 0.873684211 0.126315789
696 0.979797980 0.020202020
697 0.961748634 0.038251366
698 0.091891892 0.908108108
699 0.482758621 0.517241379
700 0.958115183 0.041884817
701 0.046632124 0.953367876
702 0.505263158 0.494736842
703 0.434782609 0.565217391
704 0.870000000 0.130000000
705 0.881443299 0.118556701
706 0.973958333 0.026041667
707 0.141242938 0.858757062
708 0.486033520 0.513966480
709 0.105527638 0.894472362
710 0.670270270 0.329729730
711 0.073863636 0.926136364
712 0.456989247 0.543010753
713 0.820000000 0.180000000
714 0.898876404 0.101123596
715 0.967741935 0.032258065
716 1.000000000 0.000000000
717 0.011111111 0.988888889
718 0.124293785 0.875706215
719 0.879781421 0.120218579
720 0.966850829 0.033149171
721 0.033333333 0.966666667
722 0.945355191 0.054644809
723 0.922279793 0.077720207
724 0.941798942 0.058201058
725 0.743902439 0.256097561
726 1.000000000 0.000000000
727 0.343915344 0.656084656
728 0.175141243 0.824858757
729 0.867816092 0.132183908
730 0.561320755 0.438679245
731 0.031746032 0.968253968
732 0.452631579 0.547368421
733 0.988826816 0.011173184
734 0.994623656 0.005376344
735 0.994350282 0.005649718
736 0.957055215 0.042944785
737 0.786069652 0.213930348
738 0.610465116 0.389534884
739 1.000000000 0.000000000
740 0.994818653 0.005181347
741 0.687804878 0.312195122
742 0.513089005 0.486910995
743 0.094972067 0.905027933
744 0.978260870 0.021739130
745 0.948979592 0.051020408
746 0.776470588 0.223529412
747 0.860962567 0.139037433
748 0.044692737 0.955307263
749 0.537572254 0.462427746
750 0.958333333 0.041666667
751 0.112820513 0.887179487
752 0.448648649 0.551351351
753 0.877005348 0.122994652
754 1.000000000 0.000000000
755 0.108808290 0.891191710
756 0.158974359 0.841025641
757 0.947368421 0.052631579
758 0.961748634 0.038251366
759 0.995145631 0.004854369
760 0.005263158 0.994736842
761 1.000000000 0.000000000
762 0.982954545 0.017045455
763 0.994011976 0.005988024
764 0.147058824 0.852941176
765 0.983333333 0.016666667
766 0.021621622 0.978378378
767 0.765027322 0.234972678
768 0.176136364 0.823863636
769 0.804878049 0.195121951
770 0.908045977 0.091954023
771 0.985507246 0.014492754
772 0.975609756 0.024390244
773 0.125654450 0.874345550
774 0.989361702 0.010638298
775 0.231155779 0.768844221
776 0.994764398 0.005235602
777 0.901554404 0.098445596
778 0.333333333 0.666666667
779 0.740112994 0.259887006
780 0.041237113 0.958762887
781 0.160220994 0.839779006
782 0.021164021 0.978835979
783 0.516666667 0.483333333
784 0.950000000 0.050000000
785 0.968750000 0.031250000
786 0.979166667 0.020833333
787 0.456989247 0.543010753
788 0.984536082 0.015463918
789 0.362162162 0.637837838
790 0.655737705 0.344262295
791 0.983425414 0.016574586
792 0.862433862 0.137566138
793 0.920212766 0.079787234
794 0.684210526 0.315789474
795 0.983870968 0.016129032
796 0.951612903 0.048387097
797 0.080459770 0.919540230
798 0.835000000 0.165000000
799 0.933701657 0.066298343
800 0.548571429 0.451428571
801 0.925133690 0.074866310
802 0.129213483 0.870786517
803 0.309782609 0.690217391
804 0.510989011 0.489010989
805 0.965116279 0.034883721
806 0.919354839 0.080645161
807 0.941489362 0.058510638
808 0.410256410 0.589743590
809 0.958139535 0.041860465
810 0.022471910 0.977528090
811 0.988950276 0.011049724
812 0.939560440 0.060439560
813 0.978378378 0.021621622
814 0.764044944 0.235955056
815 0.989743590 0.010256410
816 0.929824561 0.070175439
817 0.429292929 0.570707071
818 0.819672131 0.180327869
819 0.935483871 0.064516129
820 0.950000000 0.050000000
821 0.026178010 0.973821990
822 0.988636364 0.011363636
823 0.960227273 0.039772727
824 0.405000000 0.595000000
825 0.916201117 0.083798883
826 0.984375000 0.015625000
827 0.442786070 0.557213930
828 0.276595745 0.723404255
829 0.989189189 0.010810811
830 0.090909091 0.909090909
831 0.807291667 0.192708333
832 0.083798883 0.916201117
833 0.941176471 0.058823529
834 1.000000000 0.000000000
835 0.969072165 0.030927835
836 0.006250000 0.993750000
837 1.000000000 0.000000000
838 0.954802260 0.045197740
839 0.317073171 0.682926829
840 0.899521531 0.100478469
841 0.966101695 0.033898305
842 0.903225806 0.096774194
843 0.103626943 0.896373057
844 0.988571429 0.011428571
845 1.000000000 0.000000000
846 0.962365591 0.037634409
847 0.978947368 0.021052632
848 0.977272727 0.022727273
849 0.822916667 0.177083333
850 0.000000000 1.000000000
851 0.760479042 0.239520958
852 0.960674157 0.039325843
853 0.278074866 0.721925134
854 0.079787234 0.920212766
855 0.033898305 0.966101695
856 0.702247191 0.297752809
857 0.102857143 0.897142857
858 0.585365854 0.414634146
859 0.261780105 0.738219895
860 0.895348837 0.104651163
861 0.965714286 0.034285714
862 0.914141414 0.085858586
863 0.063583815 0.936416185
864 0.910526316 0.089473684
865 0.994152047 0.005847953
866 0.084210526 0.915789474
867 0.271794872 0.728205128
868 0.858638743 0.141361257
869 0.983783784 0.016216216
870 0.296703297 0.703296703
871 0.994949495 0.005050505
872 0.032608696 0.967391304
873 0.929648241 0.070351759
874 0.978142077 0.021857923
875 0.146919431 0.853080569
876 0.183333333 0.816666667
877 0.988023952 0.011976048
878 1.000000000 0.000000000
879 1.000000000 0.000000000
880 0.068783069 0.931216931
881 0.106951872 0.893048128
882 0.988372093 0.011627907
883 0.454022989 0.545977011
884 0.971098266 0.028901734
885 0.978021978 0.021978022
886 0.741573034 0.258426966
887 0.994623656 0.005376344
888 0.057142857 0.942857143
889 0.650000000 0.350000000
890 0.600000000 0.400000000
891 0.979487179 0.020512821
attr(,"class")
[1] "matrix" "votes" 

> 
> # Get importance
> importance    <- importance(rf_model)
> varImportance <- data.frame(Variables = row.names(importance), 
+                             Importance = round(importance[ ,'MeanDecreaseGini'],2))
> 
> # Create a rank variable based on importance
> rankImportance <- varImportance %>%
+   mutate(Rank = paste0('#',dense_rank(desc(Importance))))
> 
> # Use ggplot2 to visualize the relative importance of variables
> ggplot(rankImportance, aes(x = reorder(Variables, Importance), 
+     y = Importance, fill = Importance)) +
+   geom_bar(stat='identity') + 
+   geom_text(aes(x = Variables, y = 0.5, label = Rank),
+     hjust=0, vjust=0.55, size = 4, colour = 'red') +
+   labs(x = 'Variables') +
+   coord_flip() + 
+   theme_few()
> 
> # Predict using the test set
> prediction <- predict(rf_model, test)
> 
> # Save the solution to a dataframe with two columns: PassengerId and Survived (prediction)
> solution <- data.frame(PassengerID = test$PassengerId, Survived = prediction)
> 
> # Write the solution to file
> write.csv(solution, file = 'rf_mod_Solution.csv', row.names = F)
> 
> proc.time()
   user  system elapsed 
  2.203   0.243   2.470 
