
R version 3.6.1 (2019-07-05) -- "Action of the Toes"
Copyright (C) 2019 The R Foundation for Statistical Computing
Platform: x86_64-apple-darwin15.6.0 (64-bit)

R is free software and comes with ABSOLUTELY NO WARRANTY.
You are welcome to redistribute it under certain conditions.
Type 'license()' or 'licence()' for distribution details.

  Natural language support but running in an English locale

R is a collaborative project with many contributors.
Type 'contributors()' for more information and
'citation()' on how to cite R or R packages in publications.

Type 'demo()' for some demos, 'help()' for on-line help, or
'help.start()' for an HTML browser interface to help.
Type 'q()' to quit R.

> ## ---- message=FALSE--------------------------------------------------------------------------------------------------------------------------------------------------------------------------------------------------------------
> library(caret)
Loading required package: lattice
Loading required package: ggplot2
Warning message:
package ‘ggplot2’ was built under R version 3.6.2 
> library(ggplot2)
> library(randomForest)# Random forest tree
randomForest 4.6-14
Type rfNews() to see new features/changes/bug fixes.

Attaching package: ‘randomForest’

The following object is masked from ‘package:ggplot2’:

    margin

> library(mice)        # md.pattern looking for missing values

Attaching package: ‘mice’

The following objects are masked from ‘package:base’:

    cbind, rbind

Warning message:
package ‘mice’ was built under R version 3.6.2 
> library(VIM)         # Visualize the missing value
Loading required package: colorspace
Loading required package: grid
VIM is ready to use.

Suggestions and bug-reports can be submitted at: https://github.com/statistikat/VIM/issues

Attaching package: ‘VIM’

The following object is masked from ‘package:datasets’:

    sleep

> library(party)       # Cforest
Loading required package: mvtnorm
Loading required package: modeltools
Loading required package: stats4
Loading required package: strucchange
Loading required package: zoo

Attaching package: ‘zoo’

The following objects are masked from ‘package:base’:

    as.Date, as.Date.numeric

Loading required package: sandwich
Warning messages:
1: package ‘party’ was built under R version 3.6.2 
2: package ‘zoo’ was built under R version 3.6.2 
> library(rpart)       # Decision tree
> library(rpart.plot)  # Plot decision tree
> library(doSNOW)      # For multi-core training
Error in library(doSNOW) : there is no package called ‘doSNOW’
Execution halted
