
R version 3.6.1 (2019-07-05) -- "Action of the Toes"
Copyright (C) 2019 The R Foundation for Statistical Computing
Platform: x86_64-apple-darwin15.6.0 (64-bit)

R is free software and comes with ABSOLUTELY NO WARRANTY.
You are welcome to redistribute it under certain conditions.
Type 'license()' or 'licence()' for distribution details.

  Natural language support but running in an English locale

R is a collaborative project with many contributors.
Type 'contributors()' for more information and
'citation()' on how to cite R or R packages in publications.

Type 'demo()' for some demos, 'help()' for on-line help, or
'help.start()' for an HTML browser interface to help.
Type 'q()' to quit R.

> 
> ## Importing packages
> 
> # This R environment comes with all of CRAN and many other helpful packages preinstalled.
> # You can see which packages are installed by checking out the kaggle/rstats docker image: 
> # https://github.com/kaggle/docker-rstats
> 
> library(tidyverse) # metapackage with lots of helpful functions
â”€â”€ [1mAttaching packages[22m â”€â”€â”€â”€â”€â”€â”€â”€â”€â”€â”€â”€â”€â”€â”€â”€â”€â”€â”€â”€â”€â”€â”€â”€â”€â”€â”€â”€â”€â”€â”€â”€â”€â”€â”€â”€â”€â”€â”€â”€â”€â”€â”€â”€â”€â”€â”€â”€â”€â”€â”€â”€â”€â”€â”€â”€â”€â”€â”€â”€â”€â”€â”€â”€â”€â”€â”€â”€â”€â”€â”€â”€â”€â”€â”€â”€â”€â”€â”€â”€â”€â”€â”€â”€â”€â”€â”€â”€â”€â”€â”€â”€â”€â”€â”€â”€â”€â”€â”€â”€â”€â”€ tidyverse 1.3.0 â”€â”€
[32mâœ“[39m [34mggplot2[39m 3.3.2     [32mâœ“[39m [34mpurrr  [39m 0.3.4
[32mâœ“[39m [34mtibble [39m 3.0.1     [32mâœ“[39m [34mdplyr  [39m 1.0.2
[32mâœ“[39m [34mtidyr  [39m 1.1.0     [32mâœ“[39m [34mstringr[39m 1.4.0
[32mâœ“[39m [34mreadr  [39m 1.3.1     [32mâœ“[39m [34mforcats[39m 0.5.0
â”€â”€ [1mConflicts[22m â”€â”€â”€â”€â”€â”€â”€â”€â”€â”€â”€â”€â”€â”€â”€â”€â”€â”€â”€â”€â”€â”€â”€â”€â”€â”€â”€â”€â”€â”€â”€â”€â”€â”€â”€â”€â”€â”€â”€â”€â”€â”€â”€â”€â”€â”€â”€â”€â”€â”€â”€â”€â”€â”€â”€â”€â”€â”€â”€â”€â”€â”€â”€â”€â”€â”€â”€â”€â”€â”€â”€â”€â”€â”€â”€â”€â”€â”€â”€â”€â”€â”€â”€â”€â”€â”€â”€â”€â”€â”€â”€â”€â”€â”€â”€â”€â”€â”€â”€â”€â”€â”€â”€â”€â”€ tidyverse_conflicts() â”€â”€
[31mx[39m [34mdplyr[39m::[32mfilter()[39m masks [34mstats[39m::filter()
[31mx[39m [34mdplyr[39m::[32mlag()[39m    masks [34mstats[39m::lag()
Warning messages:
1: package â€˜ggplot2â€™ was built under R version 3.6.2 
2: package â€˜tibbleâ€™ was built under R version 3.6.2 
3: package â€˜tidyrâ€™ was built under R version 3.6.2 
4: package â€˜purrrâ€™ was built under R version 3.6.2 
5: package â€˜dplyrâ€™ was built under R version 3.6.2 
> 
> ## Running code
> 
> # In a notebook, you can run a single code cell by clicking in the cell and then hitting 
> # the blue arrow to the left, or by clicking in the cell and pressing Shift+Enter. In a script, 
> # you can run code by highlighting the code you want to run and then clicking the blue arrow
> # at the bottom of this window.
> 
> ## Reading in files
> 
> # You can access files from datasets you've added to this kernel in the "../input/" directory.
> # You can see the files added to this kernel by running the code below. 
> 
> list.files(path = "../input")
[1] "gender_submission.csv" "test.csv"              "train.csv"            
> 
> ## Saving data
> 
> # If you save any files or images, these will be put in the "output" directory. You 
> # can see the output directory by committing and running your kernel (using the 
> # Commit & Run button) and then checking out the compiled version of your kernel.
> 
> # load packages
> library(dplyr)
> library(magrittr)

Attaching package: â€˜magrittrâ€™

The following object is masked from â€˜package:purrrâ€™:

    set_names

The following object is masked from â€˜package:tidyrâ€™:

    extract

> library(ggplot2)
> library(ggthemes)
> library(car)
Loading required package: carData

Attaching package: â€˜carâ€™

The following object is masked from â€˜package:dplyrâ€™:

    recode

The following object is masked from â€˜package:purrrâ€™:

    some

Warning messages:
1: package â€˜carâ€™ was built under R version 3.6.2 
2: package â€˜carDataâ€™ was built under R version 3.6.2 
> library(corrplot)
corrplot 0.84 loaded
> library(caret)
Loading required package: lattice

Attaching package: â€˜caretâ€™

The following object is masked from â€˜package:purrrâ€™:

    lift

> library(makedummies)
Error in library(makedummies) : there is no package called â€˜makedummiesâ€™
Execution halted
