
R version 3.6.1 (2019-07-05) -- "Action of the Toes"
Copyright (C) 2019 The R Foundation for Statistical Computing
Platform: x86_64-apple-darwin15.6.0 (64-bit)

R is free software and comes with ABSOLUTELY NO WARRANTY.
You are welcome to redistribute it under certain conditions.
Type 'license()' or 'licence()' for distribution details.

  Natural language support but running in an English locale

R is a collaborative project with many contributors.
Type 'contributors()' for more information and
'citation()' on how to cite R or R packages in publications.

Type 'demo()' for some demos, 'help()' for on-line help, or
'help.start()' for an HTML browser interface to help.
Type 'q()' to quit R.

> ## ----setup, include=FALSE--------------------------------------------------------------------------------------------------------------------------------------------------------------------------------------------------------
> knitr::opts_chunk$set(echo = TRUE)
> 
> rm(list = ls())
> 
> library(reshape2)
Warning message:
package ‘reshape2’ was built under R version 3.6.2 
> library(ggplot2)
Warning message:
package ‘ggplot2’ was built under R version 3.6.2 
> library(GGally)
Registered S3 method overwritten by 'GGally':
  method from   
  +.gg   ggplot2
Warning message:
package ‘GGally’ was built under R version 3.6.2 
> library(Hmisc)
Loading required package: lattice
Loading required package: survival
Loading required package: Formula

Attaching package: ‘Hmisc’

The following objects are masked from ‘package:base’:

    format.pval, units

Warning message:
package ‘survival’ was built under R version 3.6.2 
> library(plyr)

Attaching package: ‘plyr’

The following objects are masked from ‘package:Hmisc’:

    is.discrete, summarize

> library(gridExtra)
> 
> library(gbm)
Loaded gbm 2.1.8
Warning message:
package ‘gbm’ was built under R version 3.6.2 
> library(np)
Error in library(np) : there is no package called ‘np’
Execution halted
