
R version 3.6.1 (2019-07-05) -- "Action of the Toes"
Copyright (C) 2019 The R Foundation for Statistical Computing
Platform: x86_64-apple-darwin15.6.0 (64-bit)

R is free software and comes with ABSOLUTELY NO WARRANTY.
You are welcome to redistribute it under certain conditions.
Type 'license()' or 'licence()' for distribution details.

  Natural language support but running in an English locale

R is a collaborative project with many contributors.
Type 'contributors()' for more information and
'citation()' on how to cite R or R packages in publications.

Type 'demo()' for some demos, 'help()' for on-line help, or
'help.start()' for an HTML browser interface to help.
Type 'q()' to quit R.

> ## ----setup, include=FALSE--------------------------------------------------------------------------------------------------------------------------------------------------------------------------------------------------------
> knitr::opts_chunk$set(echo = TRUE, warning = F,message = F)
> 
> library(ggplot2)
Warning message:
package ‘ggplot2’ was built under R version 3.6.2 
> library(dplyr)

Attaching package: ‘dplyr’

The following objects are masked from ‘package:stats’:

    filter, lag

The following objects are masked from ‘package:base’:

    intersect, setdiff, setequal, union

Warning message:
package ‘dplyr’ was built under R version 3.6.2 
> library(knitr)
> library(caret)
Loading required package: lattice
> library(randomForest)
randomForest 4.6-14
Type rfNews() to see new features/changes/bug fixes.

Attaching package: ‘randomForest’

The following object is masked from ‘package:dplyr’:

    combine

The following object is masked from ‘package:ggplot2’:

    margin

> library(arules)
Loading required package: Matrix

Attaching package: ‘arules’

The following object is masked from ‘package:dplyr’:

    recode

The following objects are masked from ‘package:base’:

    abbreviate, write

Warning message:
package ‘arules’ was built under R version 3.6.2 
> library(gridExtra)

Attaching package: ‘gridExtra’

The following object is masked from ‘package:randomForest’:

    combine

The following object is masked from ‘package:dplyr’:

    combine

> library(ggpubr)
Warning message:
package ‘ggpubr’ was built under R version 3.6.2 
> library(class)
> library(gbm)
Loaded gbm 2.1.8
Warning message:
package ‘gbm’ was built under R version 3.6.2 
> library(tree)
Error in library(tree) : there is no package called ‘tree’
Execution halted
