
R version 3.6.1 (2019-07-05) -- "Action of the Toes"
Copyright (C) 2019 The R Foundation for Statistical Computing
Platform: x86_64-apple-darwin15.6.0 (64-bit)

R is free software and comes with ABSOLUTELY NO WARRANTY.
You are welcome to redistribute it under certain conditions.
Type 'license()' or 'licence()' for distribution details.

  Natural language support but running in an English locale

R is a collaborative project with many contributors.
Type 'contributors()' for more information and
'citation()' on how to cite R or R packages in publications.

Type 'demo()' for some demos, 'help()' for on-line help, or
'help.start()' for an HTML browser interface to help.
Type 'q()' to quit R.

> 
> # Necessary Libraries 
> suppressMessages(library(gridExtra))
> suppressMessages(library(grid))
> suppressMessages(library(ggplot2))
Warning message:
package ‘ggplot2’ was built under R version 3.6.2 
> 
> suppressMessages(library(lattice))
> suppressMessages(library(caret))
> 
> # for validate missing data 
> suppressMessages(library(mice)) 
Warning message:
package ‘mice’ was built under R version 3.6.2 
> suppressMessages(library(VIM))
> 
> suppressMessages(library(dplyr))
Warning message:
package ‘dplyr’ was built under R version 3.6.2 
> suppressMessages(library(plyr))
> 
> suppressMessages(library(party))
Warning messages:
1: package ‘party’ was built under R version 3.6.2 
2: package ‘zoo’ was built under R version 3.6.2 
> 
> # h2o modeling kit
> suppressMessages(library(h2o))
Error in library(h2o) : there is no package called ‘h2o’
Calls: suppressMessages -> withCallingHandlers -> library
Execution halted
