
R version 3.6.1 (2019-07-05) -- "Action of the Toes"
Copyright (C) 2019 The R Foundation for Statistical Computing
Platform: x86_64-apple-darwin15.6.0 (64-bit)

R is free software and comes with ABSOLUTELY NO WARRANTY.
You are welcome to redistribute it under certain conditions.
Type 'license()' or 'licence()' for distribution details.

  Natural language support but running in an English locale

R is a collaborative project with many contributors.
Type 'contributors()' for more information and
'citation()' on how to cite R or R packages in publications.

Type 'demo()' for some demos, 'help()' for on-line help, or
'help.start()' for an HTML browser interface to help.
Type 'q()' to quit R.

> ## ---- message = FALSE------------------------------------------------------------------------------------------------------------------------------------------------------------------------------------------------------------
> library(tidyverse)
â”€â”€ [1mAttaching packages[22m â”€â”€â”€â”€â”€â”€â”€â”€â”€â”€â”€â”€â”€â”€â”€â”€â”€â”€â”€â”€â”€â”€â”€â”€â”€â”€â”€â”€â”€â”€â”€â”€â”€â”€â”€â”€â”€â”€â”€â”€â”€â”€â”€â”€â”€â”€â”€â”€â”€â”€â”€â”€â”€â”€â”€â”€â”€â”€â”€â”€â”€â”€â”€â”€â”€â”€â”€â”€â”€â”€â”€â”€â”€â”€â”€â”€â”€â”€â”€â”€â”€â”€â”€â”€â”€â”€â”€â”€â”€â”€â”€â”€â”€â”€â”€â”€â”€â”€â”€â”€â”€â”€ tidyverse 1.3.0 â”€â”€
[32mâœ“[39m [34mggplot2[39m 3.3.2     [32mâœ“[39m [34mpurrr  [39m 0.3.4
[32mâœ“[39m [34mtibble [39m 3.0.1     [32mâœ“[39m [34mdplyr  [39m 1.0.2
[32mâœ“[39m [34mtidyr  [39m 1.1.0     [32mâœ“[39m [34mstringr[39m 1.4.0
[32mâœ“[39m [34mreadr  [39m 1.3.1     [32mâœ“[39m [34mforcats[39m 0.5.0
â”€â”€ [1mConflicts[22m â”€â”€â”€â”€â”€â”€â”€â”€â”€â”€â”€â”€â”€â”€â”€â”€â”€â”€â”€â”€â”€â”€â”€â”€â”€â”€â”€â”€â”€â”€â”€â”€â”€â”€â”€â”€â”€â”€â”€â”€â”€â”€â”€â”€â”€â”€â”€â”€â”€â”€â”€â”€â”€â”€â”€â”€â”€â”€â”€â”€â”€â”€â”€â”€â”€â”€â”€â”€â”€â”€â”€â”€â”€â”€â”€â”€â”€â”€â”€â”€â”€â”€â”€â”€â”€â”€â”€â”€â”€â”€â”€â”€â”€â”€â”€â”€â”€â”€â”€â”€â”€â”€â”€â”€â”€ tidyverse_conflicts() â”€â”€
[31mx[39m [34mdplyr[39m::[32mfilter()[39m masks [34mstats[39m::filter()
[31mx[39m [34mdplyr[39m::[32mlag()[39m    masks [34mstats[39m::lag()
Warning messages:
1: package â€˜ggplot2â€™ was built under R version 3.6.2 
2: package â€˜tibbleâ€™ was built under R version 3.6.2 
3: package â€˜tidyrâ€™ was built under R version 3.6.2 
4: package â€˜purrrâ€™ was built under R version 3.6.2 
5: package â€˜dplyrâ€™ was built under R version 3.6.2 
> 
> 
> ## ---- collapse = TRUE------------------------------------------------------------------------------------------------------------------------------------------------------------------------------------------------------------
> train <- read_csv("../input/train.csv")
Parsed with column specification:
cols(
  PassengerId = [32mcol_double()[39m,
  Survived = [32mcol_double()[39m,
  Pclass = [32mcol_double()[39m,
  Name = [31mcol_character()[39m,
  Sex = [31mcol_character()[39m,
  Age = [32mcol_double()[39m,
  SibSp = [32mcol_double()[39m,
  Parch = [32mcol_double()[39m,
  Ticket = [31mcol_character()[39m,
  Fare = [32mcol_double()[39m,
  Cabin = [31mcol_character()[39m,
  Embarked = [31mcol_character()[39m
)
> test <- read_csv("../input/test.csv")
Parsed with column specification:
cols(
  PassengerId = [32mcol_double()[39m,
  Pclass = [32mcol_double()[39m,
  Name = [31mcol_character()[39m,
  Sex = [31mcol_character()[39m,
  Age = [32mcol_double()[39m,
  SibSp = [32mcol_double()[39m,
  Parch = [32mcol_double()[39m,
  Ticket = [31mcol_character()[39m,
  Fare = [32mcol_double()[39m,
  Cabin = [31mcol_character()[39m,
  Embarked = [31mcol_character()[39m
)
> 
> 
> ## ---- collapse = TRUE------------------------------------------------------------------------------------------------------------------------------------------------------------------------------------------------------------
> str(train)
tibble [891 Ã— 12] (S3: spec_tbl_df/tbl_df/tbl/data.frame)
 $ PassengerId: num [1:891] 1 2 3 4 5 6 7 8 9 10 ...
 $ Survived   : num [1:891] 0 1 1 1 0 0 0 0 1 1 ...
 $ Pclass     : num [1:891] 3 1 3 1 3 3 1 3 3 2 ...
 $ Name       : chr [1:891] "Braund, Mr. Owen Harris" "Cumings, Mrs. John Bradley (Florence Briggs Thayer)" "Heikkinen, Miss. Laina" "Futrelle, Mrs. Jacques Heath (Lily May Peel)" ...
 $ Sex        : chr [1:891] "male" "female" "female" "female" ...
 $ Age        : num [1:891] 22 38 26 35 35 NA 54 2 27 14 ...
 $ SibSp      : num [1:891] 1 1 0 1 0 0 0 3 0 1 ...
 $ Parch      : num [1:891] 0 0 0 0 0 0 0 1 2 0 ...
 $ Ticket     : chr [1:891] "A/5 21171" "PC 17599" "STON/O2. 3101282" "113803" ...
 $ Fare       : num [1:891] 7.25 71.28 7.92 53.1 8.05 ...
 $ Cabin      : chr [1:891] NA "C85" NA "C123" ...
 $ Embarked   : chr [1:891] "S" "C" "S" "S" ...
 - attr(*, "spec")=
  .. cols(
  ..   PassengerId = [32mcol_double()[39m,
  ..   Survived = [32mcol_double()[39m,
  ..   Pclass = [32mcol_double()[39m,
  ..   Name = [31mcol_character()[39m,
  ..   Sex = [31mcol_character()[39m,
  ..   Age = [32mcol_double()[39m,
  ..   SibSp = [32mcol_double()[39m,
  ..   Parch = [32mcol_double()[39m,
  ..   Ticket = [31mcol_character()[39m,
  ..   Fare = [32mcol_double()[39m,
  ..   Cabin = [31mcol_character()[39m,
  ..   Embarked = [31mcol_character()[39m
  .. )
> 
> 
> ## ---- collapse = TRUE------------------------------------------------------------------------------------------------------------------------------------------------------------------------------------------------------------
> str(test)
tibble [418 Ã— 11] (S3: spec_tbl_df/tbl_df/tbl/data.frame)
 $ PassengerId: num [1:418] 892 893 894 895 896 897 898 899 900 901 ...
 $ Pclass     : num [1:418] 3 3 2 3 3 3 3 2 3 3 ...
 $ Name       : chr [1:418] "Kelly, Mr. James" "Wilkes, Mrs. James (Ellen Needs)" "Myles, Mr. Thomas Francis" "Wirz, Mr. Albert" ...
 $ Sex        : chr [1:418] "male" "female" "male" "male" ...
 $ Age        : num [1:418] 34.5 47 62 27 22 14 30 26 18 21 ...
 $ SibSp      : num [1:418] 0 1 0 0 1 0 0 1 0 2 ...
 $ Parch      : num [1:418] 0 0 0 0 1 0 0 1 0 0 ...
 $ Ticket     : chr [1:418] "330911" "363272" "240276" "315154" ...
 $ Fare       : num [1:418] 7.83 7 9.69 8.66 12.29 ...
 $ Cabin      : chr [1:418] NA NA NA NA ...
 $ Embarked   : chr [1:418] "Q" "S" "Q" "S" ...
 - attr(*, "spec")=
  .. cols(
  ..   PassengerId = [32mcol_double()[39m,
  ..   Pclass = [32mcol_double()[39m,
  ..   Name = [31mcol_character()[39m,
  ..   Sex = [31mcol_character()[39m,
  ..   Age = [32mcol_double()[39m,
  ..   SibSp = [32mcol_double()[39m,
  ..   Parch = [32mcol_double()[39m,
  ..   Ticket = [31mcol_character()[39m,
  ..   Fare = [32mcol_double()[39m,
  ..   Cabin = [31mcol_character()[39m,
  ..   Embarked = [31mcol_character()[39m
  .. )
> 
> 
> ## ---- collapse = TRUE------------------------------------------------------------------------------------------------------------------------------------------------------------------------------------------------------------
> 
> names(train) <- tolower(names(train))
> 
> names(test) <- tolower(names(test))
> 
> 
> 
> ## --------------------------------------------------------------------------------------------------------------------------------------------------------------------------------------------------------------------------------
> 
> train %>%
+ 
+     select(sex, survived) %>%
+ 
+     mutate(survived = recode(as.character(survived), "0" = "No", "1" = "Yes")) %>%
+ 
+     group_by(sex, survived) %>%
+ 
+     summarize(num_obs = n()) %>%
+ 
+     group_by(sex) %>%
+ 
+     mutate(freq = num_obs/ sum(num_obs)) %>%
+ 
+     kable(align = 'c')
`summarise()` regrouping output by 'sex' (override with `.groups` argument)
Error in kable(., align = "c") : could not find function "kable"
Calls: %>% ... eval -> _fseq -> freduce -> withVisible -> <Anonymous>
Execution halted
