
R version 3.6.1 (2019-07-05) -- "Action of the Toes"
Copyright (C) 2019 The R Foundation for Statistical Computing
Platform: x86_64-apple-darwin15.6.0 (64-bit)

R is free software and comes with ABSOLUTELY NO WARRANTY.
You are welcome to redistribute it under certain conditions.
Type 'license()' or 'licence()' for distribution details.

  Natural language support but running in an English locale

R is a collaborative project with many contributors.
Type 'contributors()' for more information and
'citation()' on how to cite R or R packages in publications.

Type 'demo()' for some demos, 'help()' for on-line help, or
'help.start()' for an HTML browser interface to help.
Type 'q()' to quit R.

> ## ---- message=FALSE, warning=FALSE-----------------------------------------------------------------------------------------------------------------------------------------------------------------------------------------------
> suppressMessages(library(tidyverse))
Warning messages:
1: package â€˜ggplot2â€™ was built under R version 3.6.2 
2: package â€˜tibbleâ€™ was built under R version 3.6.2 
3: package â€˜tidyrâ€™ was built under R version 3.6.2 
4: package â€˜purrrâ€™ was built under R version 3.6.2 
5: package â€˜dplyrâ€™ was built under R version 3.6.2 
> 
> rm(list=ls())
> seed <- 123456789
> set.seed(seed)
> apprentissage <- read_csv('../input/train.csv')
Parsed with column specification:
cols(
  PassengerId = [32mcol_double()[39m,
  Survived = [32mcol_double()[39m,
  Pclass = [32mcol_double()[39m,
  Name = [31mcol_character()[39m,
  Sex = [31mcol_character()[39m,
  Age = [32mcol_double()[39m,
  SibSp = [32mcol_double()[39m,
  Parch = [32mcol_double()[39m,
  Ticket = [31mcol_character()[39m,
  Fare = [32mcol_double()[39m,
  Cabin = [31mcol_character()[39m,
  Embarked = [31mcol_character()[39m
)
> 
> pourletest    <- read_csv('../input/test.csv')
Parsed with column specification:
cols(
  PassengerId = [32mcol_double()[39m,
  Pclass = [32mcol_double()[39m,
  Name = [31mcol_character()[39m,
  Sex = [31mcol_character()[39m,
  Age = [32mcol_double()[39m,
  SibSp = [32mcol_double()[39m,
  Parch = [32mcol_double()[39m,
  Ticket = [31mcol_character()[39m,
  Fare = [32mcol_double()[39m,
  Cabin = [31mcol_character()[39m,
  Embarked = [31mcol_character()[39m
)
> titanic  <- bind_rows(apprentissage, pourletest)
> rm("apprentissage","pourletest")
> summary(titanic)
  PassengerId      Survived          Pclass          Name          
 Min.   :   1   Min.   :0.0000   Min.   :1.000   Length:1309       
 1st Qu.: 328   1st Qu.:0.0000   1st Qu.:2.000   Class :character  
 Median : 655   Median :0.0000   Median :3.000   Mode  :character  
 Mean   : 655   Mean   :0.3838   Mean   :2.295                     
 3rd Qu.: 982   3rd Qu.:1.0000   3rd Qu.:3.000                     
 Max.   :1309   Max.   :1.0000   Max.   :3.000                     
                NA's   :418                                        
     Sex                 Age            SibSp            Parch      
 Length:1309        Min.   : 0.17   Min.   :0.0000   Min.   :0.000  
 Class :character   1st Qu.:21.00   1st Qu.:0.0000   1st Qu.:0.000  
 Mode  :character   Median :28.00   Median :0.0000   Median :0.000  
                    Mean   :29.88   Mean   :0.4989   Mean   :0.385  
                    3rd Qu.:39.00   3rd Qu.:1.0000   3rd Qu.:0.000  
                    Max.   :80.00   Max.   :8.0000   Max.   :9.000  
                    NA's   :263                                     
    Ticket               Fare            Cabin             Embarked        
 Length:1309        Min.   :  0.000   Length:1309        Length:1309       
 Class :character   1st Qu.:  7.896   Class :character   Class :character  
 Mode  :character   Median : 14.454   Mode  :character   Mode  :character  
                    Mean   : 33.295                                        
                    3rd Qu.: 31.275                                        
                    Max.   :512.329                                        
                    NA's   :1                                              
> 
> 
> ## ---- message=FALSE, warning=FALSE-----------------------------------------------------------------------------------------------------------------------------------------------------------------------------------------------
> titanic$Name %>%
+   head
[1] "Braund, Mr. Owen Harris"                            
[2] "Cumings, Mrs. John Bradley (Florence Briggs Thayer)"
[3] "Heikkinen, Miss. Laina"                             
[4] "Futrelle, Mrs. Jacques Heath (Lily May Peel)"       
[5] "Allen, Mr. William Henry"                           
[6] "Moran, Mr. James"                                   
> 
> 
> ## ---- message=FALSE, warning=FALSE-----------------------------------------------------------------------------------------------------------------------------------------------------------------------------------------------
> suppressMessages(library(gsubfn))
> 
> titanic %>% 
+   filter(!is.na(Survived)) %>%
+   transmute(Titre = as.factor(sapply(gsub('(.*, )|(\\..*)', '', Name),
+                         switch,Mlle="Miss",Ms="Miss",Mrs="Mrs",
+                         Mr="Mr",Miss="Miss","TitreRare")),
+             Survivant = ordered(as.character(lapply(as.character(Survived),switch,`0`="Non",`1`="Oui")) 
+                                      ,levels=c("Oui","Non"))      ) %>%
+   ggplot() + 
+     geom_histogram(mapping = aes(Titre, fill=Survivant), color='black' , alpha=.6 ,stat="count",position = "dodge")
Warning message:
Ignoring unknown parameters: binwidth, bins, pad 
> 
> 
> ## ---- message=FALSE, warning=FALSE-----------------------------------------------------------------------------------------------------------------------------------------------------------------------------------------------
> suppressMessages(library(gsubfn))
> 
> titanic %>% 
+   filter(!is.na(Survived)) %>%
+   transmute( TailleFamille = as.factor(sapply(as.character(SibSp + Parch + 1),switch,
+                                           `1`="Celibataire",`2`="Petite",`3`="Petite",`4`="Petite","Grande")),
+              Survivant = ordered(as.character(lapply(as.character(Survived),switch,`0`="Non",`1`="Oui")) 
+                                      ,levels=c("Oui","Non"))      ) %>%
+   ggplot() + 
+     geom_histogram(mapping = aes(TailleFamille, fill=Survivant), color='black' , alpha=.6 ,stat="count",position = "dodge")
Warning message:
Ignoring unknown parameters: binwidth, bins, pad 
> 
> 
> ## ---- message=FALSE, warning=FALSE-----------------------------------------------------------------------------------------------------------------------------------------------------------------------------------------------
> suppressMessages(library(gsubfn))
> 
> titanic %>% 
+   mutate(Titre = as.factor(sapply(gsub('(.*, )|(\\..*)', '', Name),
+                         switch,Mlle="Miss",Ms="Miss",Mrs="Mrs",
+                         Mr="Mr",Miss="Miss","TitreRare")),
+          Sex = as.factor(sapply(Sex,switch,male="Homme",female="Femme")),
+          Homme = as.factor(sapply(Sex,switch,male="Oui",female="Non")),
+          Femme  = as.character(sapply(Sex,switch,male="Non",female="SansEnfant")),
+          Survivant = ordered(as.character(lapply(as.character(Survived),switch,`0`="Non",`1`="Oui")) 
+                                      ,levels=c("Oui","Non"))) %>%
+   as.data.frame     -> temp
There were 50 or more warnings (use warnings() to see the first 50)
> 
> 
> temp$Femme[temp$Femme == "SansEnfant" & temp$Parch  > 0 & temp$Titre != "Miss"] <- "Mere"
> temp$Femme <- as.factor(temp$Femme)
> 
> 
> ggplot(temp) + 
+     geom_histogram(mapping = aes(Homme, fill=Survivant), color='black' , alpha=.6 ,stat="count",position = "dodge")
Warning message:
Ignoring unknown parameters: binwidth, bins, pad 
> ggplot(temp) + 
+     geom_histogram(mapping = aes(Femme, fill=Survivant), color='black' , alpha=.6 ,stat="count",position = "dodge")
Warning message:
Ignoring unknown parameters: binwidth, bins, pad 
> rm('temp')
> 
> 
> ## ----fig.align = 'default', message=FALSE, warning=FALSE-------------------------------------------------------------------------------------------------------------------------------------------------------------------------
> suppressMessages(library(gsubfn))
> 
> titanic %>% 
+   mutate(Titre = as.factor(sapply(gsub('(.*, )|(\\..*)', '', Name),
+                         switch,Mlle="Miss",Ms="Miss",Mrs="Mrs",
+                         Mr="Mr",Miss="Miss","TitreRare")),
+          TailleFamille = as.factor(sapply(as.character(SibSp + Parch + 1),switch,
+                                           `1`="Celibataire",`2`="Petite",`3`="Petite",`4`="Petite","Grande")),
+          Sex = as.factor(sapply(Sex,switch,male="Homme",female="Femme")),
+          Homme = as.factor(sapply(Sex,switch,male="Oui",female="Non")),
+          Femme  = as.character(sapply(Sex,switch,male="Non",female="SansEnfant")),
+          Survivant = Survived,
+          Classe = Pclass,
+          Ticket = Fare,
+          Port = Embarked) %>%
+   as.data.frame     -> donnees
There were 50 or more warnings (use warnings() to see the first 50)
> 
> donnees$Femme[donnees$Femme == "SansEnfant" & donnees$Parch  > 0 & donnees$Titre != "Miss"] <- "MÃ¨re"
> donnees$Femme <- as.factor(donnees$Femme)
> donnees$Port[is.na(donnees$Port)] <- "_"
> donnees$Port <- as.factor(donnees$Port)
> 
> row.names(donnees) <- donnees$PassengerId
> 
> donnees %>% 
+   select (Survivant, Titre, Homme, Femme, Age, TailleFamille, Classe, Port, Ticket) -> donnees
> 
> rm('titanic','temp')
Warning message:
In rm("titanic", "temp") : object 'temp' not found
> summary(donnees)
   Survivant            Titre     Homme            Femme          Age       
 Min.   :0.0000   Miss     :264   Non:843   MÃ¨re      :134   Min.   : 0.17  
 1st Qu.:0.0000   Mr       :757   Oui:466   Non       :466   1st Qu.:21.00  
 Median :0.0000   Mrs      :197             SansEnfant:709   Median :28.00  
 Mean   :0.3838   TitreRare: 91                              Mean   :29.88  
 3rd Qu.:1.0000                                              3rd Qu.:39.00  
 Max.   :1.0000                                              Max.   :80.00  
 NA's   :418                                                 NA's   :263    
     TailleFamille     Classe      Port        Ticket       
 Celibataire:790   Min.   :1.000   _:  2   Min.   :  0.000  
 Grande     : 82   1st Qu.:2.000   C:270   1st Qu.:  7.896  
 Petite     :437   Median :3.000   Q:123   Median : 14.454  
                   Mean   :2.295   S:914   Mean   : 33.295  
                   3rd Qu.:3.000           3rd Qu.: 31.275  
                   Max.   :3.000           Max.   :512.329  
                                           NA's   :1        
> 
> 
> ## ---- message=FALSE, warning=FALSE-----------------------------------------------------------------------------------------------------------------------------------------------------------------------------------------------
> 
> transformQualiValeur <- function(donnees,colonne){
+     valColonne <- as.factor(donnees[,colonne])
+     noms <- names(donnees)
+     colonnes <- paste(colonne,levels(as.factor(as.integer(valColonne))),sep = "_")
+     valeurs <- levels(valColonne)
+     for ( i in 1:length(valeurs)){
+       donnees[,colonnes[i]] <- as.factor(as.integer(valColonne == valeurs[i]))
+     }
+     donnees %>% 
+       select ( -colonne) ->> donnees
+ }
> 
> 
> transformQualiNom <- function(donnees,colonne){
+     valColonne <- as.factor(donnees[,colonne])
+     noms <- names(donnees)
+     colonnes <- paste(colonne,levels(valColonne),sep = "_")
+     valeurs <- levels(valColonne)
+     for ( i in 1:length(valeurs)){
+       donnees[,colonnes[i]] <- as.factor(as.integer(valColonne == valeurs[i]))
+     }
+     donnees %>% 
+       select ( -colonne) ->> donnees
+ }
> 
> transformQualiNom(donnees,"TailleFamille")
Note: Using an external vector in selections is ambiguous.
[34mâ„¹[39m Use `all_of(colonne)` instead of `colonne` to silence this message.
[34mâ„¹[39m See <https://tidyselect.r-lib.org/reference/faq-external-vector.html>.
[90mThis message is displayed once per session.[39m
> transformQualiNom(donnees,"Titre")
> transformQualiNom(donnees,"Homme")
> transformQualiNom(donnees,"Femme")
> 
> donnees %>%
+    select (-Homme_Non,-Femme_Non) -> donnees
> 
> str(donnees)
'data.frame':	1309 obs. of  15 variables:
 $ Survivant                : num  0 1 1 1 0 0 0 0 1 1 ...
 $ Age                      : num  22 38 26 35 35 NA 54 2 27 14 ...
 $ Classe                   : num  3 1 3 1 3 3 1 3 3 2 ...
 $ Port                     : Factor w/ 4 levels "_","C","Q","S": 4 2 4 4 4 3 4 4 4 2 ...
 $ Ticket                   : num  7.25 71.28 7.92 53.1 8.05 ...
 $ TailleFamille_Celibataire: Factor w/ 2 levels "0","1": 1 1 2 1 2 2 2 1 1 1 ...
 $ TailleFamille_Grande     : Factor w/ 2 levels "0","1": 1 1 1 1 1 1 1 2 1 1 ...
 $ TailleFamille_Petite     : Factor w/ 2 levels "0","1": 2 2 1 2 1 1 1 1 2 2 ...
 $ Titre_Miss               : Factor w/ 2 levels "0","1": 1 1 2 1 1 1 1 1 1 1 ...
 $ Titre_Mr                 : Factor w/ 2 levels "0","1": 2 1 1 1 2 2 2 1 1 1 ...
 $ Titre_Mrs                : Factor w/ 2 levels "0","1": 1 2 1 2 1 1 1 1 2 2 ...
 $ Titre_TitreRare          : Factor w/ 2 levels "0","1": 1 1 1 1 1 1 1 2 1 1 ...
 $ Homme_Oui                : Factor w/ 2 levels "0","1": 1 2 2 2 1 1 1 1 2 2 ...
 $ Femme_MÃ¨re               : Factor w/ 2 levels "0","1": 1 1 1 1 1 1 1 2 1 1 ...
 $ Femme_SansEnfant         : Factor w/ 2 levels "0","1": 2 1 1 1 2 2 2 1 1 1 ...
> 
> 
> ## ---- message=FALSE, warning=FALSE-----------------------------------------------------------------------------------------------------------------------------------------------------------------------------------------------
> suppressMessages(library('ggplot2'))
> suppressMessages(library('scales'))
Warning message:
package â€˜scalesâ€™ was built under R version 3.6.2 
> 
> donnees %>% 
+   filter ( Ticket !=0 & !is.na(Ticket) & (Port == 'S' | Port == 'C')) %>% 
+   ggplot(aes(x = Port, y = Ticket, fill = factor(Classe))) +
+       geom_boxplot() +
+       geom_hline(aes(yintercept=80), 
+                  colour='red', linetype='dashed', lwd=1) +
+       scale_y_continuous(labels=dollar_format()) 
> 
> 
> ## --------------------------------------------------------------------------------------------------------------------------------------------------------------------------------------------------------------------------------
> donnees %>% 
+   filter ( Ticket !=0 & !is.na(Ticket) & Classe == '3' & Port == 'S') %>% 
+   ggplot(aes(x = Ticket)) +
+       geom_density(fill = "yellow", alpha=0.1) + 
+       geom_vline(aes(xintercept=median(Ticket, na.rm=T)),
+                  colour='red', linetype='dashed', lwd=1) +
+       scale_x_continuous(labels=dollar_format()) 
> 
> 
> ## ----fig.align = 'default', message=FALSE, warning=FALSE-------------------------------------------------------------------------------------------------------------------------------------------------------------------------
> donnees %>% 
+   filter ( Ticket !=0 & !is.na(Ticket) & Classe == '3' & Port == 'S') %>% 
+   select( Ticket) -> valeur
> 
> donnees$Ticket[is.na(donnees$Ticket)] <- median(valeur$Ticket)
> rm('valeur')
> 
> 
> ## ----fig.align = 'default', message=FALSE, warning=FALSE-------------------------------------------------------------------------------------------------------------------------------------------------------------------------
> library(timereg)
Error in library(timereg) : there is no package called â€˜timeregâ€™
Execution halted
