
R version 3.6.1 (2019-07-05) -- "Action of the Toes"
Copyright (C) 2019 The R Foundation for Statistical Computing
Platform: x86_64-apple-darwin15.6.0 (64-bit)

R is free software and comes with ABSOLUTELY NO WARRANTY.
You are welcome to redistribute it under certain conditions.
Type 'license()' or 'licence()' for distribution details.

  Natural language support but running in an English locale

R is a collaborative project with many contributors.
Type 'contributors()' for more information and
'citation()' on how to cite R or R packages in publications.

Type 'demo()' for some demos, 'help()' for on-line help, or
'help.start()' for an HTML browser interface to help.
Type 'q()' to quit R.

[Previously saved workspace restored]

> ## ----message=FALSE---------------------------------------------------------------------------------------------------------------------------------------------------------------------------------------------------------------
> library(ggplot2) #charting
Warning message:
package ‘ggplot2’ was built under R version 3.6.2 
> library(scales) #charting
Warning message:
package ‘scales’ was built under R version 3.6.2 
> library(grid) #charting
> library(plyr) #data wrangling
> library(dplyr) #data wrangling

Attaching package: ‘dplyr’

The following objects are masked from ‘package:plyr’:

    arrange, count, desc, failwith, id, mutate, rename, summarise,
    summarize

The following objects are masked from ‘package:stats’:

    filter, lag

The following objects are masked from ‘package:base’:

    intersect, setdiff, setequal, union

Warning message:
package ‘dplyr’ was built under R version 3.6.2 
> library(tidyr) #data wrangling
Warning message:
package ‘tidyr’ was built under R version 3.6.2 
> library(Hmisc) #data wrangling
Loading required package: lattice
Loading required package: survival
Loading required package: Formula

Attaching package: ‘Hmisc’

The following objects are masked from ‘package:dplyr’:

    src, summarize

The following objects are masked from ‘package:plyr’:

    is.discrete, summarize

The following objects are masked from ‘package:base’:

    format.pval, units

Warning message:
package ‘survival’ was built under R version 3.6.2 
> library(mice) #imputing variables

Attaching package: ‘mice’

The following objects are masked from ‘package:base’:

    cbind, rbind

Warning message:
package ‘mice’ was built under R version 3.6.2 
> library(randomForest) #modelling
randomForest 4.6-14
Type rfNews() to see new features/changes/bug fixes.

Attaching package: ‘randomForest’

The following object is masked from ‘package:dplyr’:

    combine

The following object is masked from ‘package:ggplot2’:

    margin

> library(caret) #modelling

Attaching package: ‘caret’

The following object is masked from ‘package:survival’:

    cluster

> 
> 
> traindata <- read.csv('../input/train.csv', stringsAsFactors = F)
> testdata <- read.csv('../input/test.csv', stringsAsFactors = F)
> 
> c(object.size(traindata),object.size(testdata))
[1] 193176  93128
> 
> testdata$Survived <- "NA"
> merged <- rbind(traindata,testdata)
> 
> length(unique(merged$PassengerId)) == length(merged$PassengerId) # check no duped entries
[1] TRUE
> 
> 
> ## --------------------------------------------------------------------------------------------------------------------------------------------------------------------------------------------------------------------------------
> head(merged)
  PassengerId Survived Pclass
1           1        0      3
2           2        1      1
3           3        1      3
4           4        1      1
5           5        0      3
6           6        0      3
                                                 Name    Sex Age SibSp Parch
1                             Braund, Mr. Owen Harris   male  22     1     0
2 Cumings, Mrs. John Bradley (Florence Briggs Thayer) female  38     1     0
3                              Heikkinen, Miss. Laina female  26     0     0
4        Futrelle, Mrs. Jacques Heath (Lily May Peel) female  35     1     0
5                            Allen, Mr. William Henry   male  35     0     0
6                                    Moran, Mr. James   male  NA     0     0
            Ticket    Fare Cabin Embarked
1        A/5 21171  7.2500              S
2         PC 17599 71.2833   C85        C
3 STON/O2. 3101282  7.9250              S
4           113803 53.1000  C123        S
5           373450  8.0500              S
6           330877  8.4583              Q
> colSums(is.na(merged))
PassengerId    Survived      Pclass        Name         Sex         Age 
          0           0           0           0           0         263 
      SibSp       Parch      Ticket        Fare       Cabin    Embarked 
          0           0           0           1           0           0 
> colSums(merged=="")
PassengerId    Survived      Pclass        Name         Sex         Age 
          0           0           0           0           0          NA 
      SibSp       Parch      Ticket        Fare       Cabin    Embarked 
          0           0           0          NA        1014           2 
> 
> 
> ## --------------------------------------------------------------------------------------------------------------------------------------------------------------------------------------------------------------------------------
> a <- colSums(is.na(testdata))+colSums(testdata=="")
> a <- names(a[is.na(a)|a!=0])
> a
[1] "Age"   "Fare"  "Cabin"
> 
> missing <- c()
> 
> for (i in a) {
+   missing <- paste(missing,as.integer(!is.na(merged[i])^!merged[i]==""),sep="")
+                  }
> 
> merged[missing=="100",] 
     PassengerId Survived Pclass               Name  Sex  Age SibSp Parch
1044        1044       NA      3 Storey, Mr. Thomas male 60.5     0     0
     Ticket Fare Cabin Embarked
1044   3701   NA              S
> 
> #There is only one example of this combination and its in the test set. I will discuss this later.
> 
> table(missing)
missing
010 011 100 110 111 
240  23   1 773 272 
> merged$Missing <- missing
> 
> 
> ## --------------------------------------------------------------------------------------------------------------------------------------------------------------------------------------------------------------------------------
> merged$Pclass <- as.factor(merged$Pclass)
> merged$Sex <- as.factor(merged$Sex)
> 
> g <- ggplot(merged[1:891,], aes(x=Pclass,fill=factor(Survived))) + geom_bar(pos  = "dodge") + labs(fill = "Survived",title="Survivor split by ticket class")
> 
> dftemp <- merged[1:891,] %>%
+     group_by(Pclass) %>%
+     summarise(Survive = sum(Survived == 1) / n(),
+               DidNotSurvive = sum(Survived == 0) / n()) %>%
+     gather(key = Group,value = Surv,Survive:DidNotSurvive)
`summarise()` ungrouping output (override with `.groups` argument)
> 
> gn <- ggplot(dftemp, aes(x = Pclass,
+                             y = Surv, 
+                             fill = as.factor(Group))) + 
+     geom_bar(position = "dodge",stat = "identity") + 
+     scale_y_continuous(labels = percent_format()) +
+     labs(y = "Proportion Survived",title="Survivor split by ticket class - Normalized") +
+     theme(legend.title=element_blank(), plot.title = element_text(size=14))
> 
> 
> vp <- viewport(width = 0.3, height = 0.3, x = 0.85,
+      y = 0.85)
> 
> print(gn)
> theme_set(theme_bw(base_size = 8))
> print(g,vp=vp)
> 
> g <- ggplot(merged[1:891,], aes(x=Pclass,fill=factor(Survived))) + geom_bar(pos  = "fill") + facet_wrap(~Sex) + labs(y = "Proportion Survived",fill = "Survived",title="Survivor split by ticket class and gender")
> g + theme(plot.title = element_text(size=14))
> 
> 
> ## --------------------------------------------------------------------------------------------------------------------------------------------------------------------------------------------------------------------------------
> qplot(merged$Age,fill=I("red"),xlab = "Age")
`stat_bin()` using `bins = 30`. Pick better value with `binwidth`.
Warning message:
Removed 263 rows containing non-finite values (stat_bin). 
> 
> agebrackets <- c(0,13,18,30,55)
> merged$Agebracket <- findInterval(merged$Age,agebrackets)
> 
> agetable <- data.frame(Agebracket=c(1,2,3,4,5),Age_range=c("<13","13-17","18-29","30-54","55+"))
> merged <- join(merged,agetable,by="Agebracket")
> merged$Agebracket <- as.factor(merged$Agebracket)
> 
> g <- ggplot(merged[1:891,], aes(x=Age_range,fill=factor(Survived))) + geom_bar(pos="dodge") + labs(fill = "Survived",title="Survivor split by age group") + theme(axis.text.x = element_text(angle = 90, hjust = 1))
> 
> dftemp <- merged[1:891,] %>%
+     group_by(Age_range) %>%
+     summarise(Survive = sum(Survived == 1) / n(),
+               DidNotSurvive = sum(Survived == 0) / n()) %>%
+     gather(key = Group,value = Surv,Survive:DidNotSurvive)
`summarise()` ungrouping output (override with `.groups` argument)
> 
> gn <- ggplot(dftemp, aes(x = Age_range,
+                             y = Surv, 
+                             fill = as.factor(Group))) + 
+     geom_bar(position = "dodge",stat = "identity") + 
+     scale_y_continuous(labels = percent_format()) +
+     labs(y = "Proportion Survived",title="Survivor split by age group - Normalized") +
+     theme(legend.title=element_blank(),plot.title = element_text(size=14))
> 
> vp <- viewport(width = 0.3, height = 0.3, x = 0.85,
+      y = 0.85)
> 
> print(gn)
> theme_set(theme_bw(base_size = 8))
> print(g,vp=vp)
> 
> g <- ggplot(merged[1:891,], aes(x=Age_range,fill=factor(Survived))) + geom_bar(pos="fill") + labs(y = "Proportion Survived",fill = "Survived",title="Survivor split by age and gender - Normalized") + facet_wrap(~Sex)
> g + theme(plot.title = element_text(size=14))
> 
> 
> ## --------------------------------------------------------------------------------------------------------------------------------------------------------------------------------------------------------------------------------
> head(merged$Cabin,30)
 [1] ""            "C85"         ""            "C123"        ""           
 [6] ""            "E46"         ""            ""            ""           
[11] "G6"          "C103"        ""            ""            ""           
[16] ""            ""            ""            ""            ""           
[21] ""            "D56"         ""            "A6"          ""           
[26] ""            ""            "C23 C25 C27" ""            ""           
> length(unique(merged$Cabin))/length(merged$Cabin) ## only 14% are unique so there are a lot shared.
[1] 0.1428571
> merged$Cabin[28] # this looks strange, multiple cabins on one ticket
[1] "C23 C25 C27"
> subset(merged,Cabin == "C23 C25 C27") # it was one family, the Fortunes
    PassengerId Survived Pclass                                Name    Sex Age
28           28        0      1      Fortune, Mr. Charles Alexander   male  19
89           89        1      1          Fortune, Miss. Mabel Helen female  23
342         342        1      1      Fortune, Miss. Alice Elizabeth female  24
439         439        0      1                   Fortune, Mr. Mark   male  64
945         945       NA      1          Fortune, Miss. Ethel Flora female  28
961         961       NA      1 Fortune, Mrs. Mark (Mary McDougald) female  60
    SibSp Parch Ticket Fare       Cabin Embarked Missing Agebracket Age_range
28      3     2  19950  263 C23 C25 C27        S     111          3     18-29
89      3     2  19950  263 C23 C25 C27        S     111          3     18-29
342     3     2  19950  263 C23 C25 C27        S     111          3     18-29
439     1     4  19950  263 C23 C25 C27        S     111          5       55+
945     3     2  19950  263 C23 C25 C27        S     111          3     18-29
961     1     4  19950  263 C23 C25 C27        S     111          5       55+
> 
> merged$HasCabin <- as.factor(!(merged$Cabin==""))
> 
> g <- ggplot(merged[1:891,], aes(x=HasCabin,fill=factor(Survived))) + geom_bar()
> g <- g +facet_wrap(~Pclass) + labs(title="Survivor split by class and Cabin") + theme(axis.text.x = element_text(angle = 90, hjust = 1))
> 
> gn <- ggplot(merged[1:891,], aes(x=HasCabin,fill=factor(Survived))) + geom_bar(pos="fill")
> gn <- gn +facet_wrap(~Pclass) +labs(y = "Proportion Survived",fill = "Survived",title="Survivor split by class and Cabin - Normalized") + theme(plot.title = element_text(size=14))
> 
> vp <- viewport(width = 0.35, height = 0.35, x = 0.85,
+      y = 0.8)
> 
> print(gn)
> theme_set(theme_bw(base_size = 8))
> print(g,vp=vp)
> 
> 
> 
> ## --------------------------------------------------------------------------------------------------------------------------------------------------------------------------------------------------------------------------------
> qplot(merged$Fare,bins=150,fill=I("red"),xlab = "Fare")
Warning message:
Removed 1 rows containing non-finite values (stat_bin). 
> 
> 
> ## --------------------------------------------------------------------------------------------------------------------------------------------------------------------------------------------------------------------------------
> a <- subset(merged,is.na(merged$Fare))
> a
     PassengerId Survived Pclass               Name  Sex  Age SibSp Parch
1044        1044       NA      3 Storey, Mr. Thomas male 60.5     0     0
     Ticket Fare Cabin Embarked Missing Agebracket Age_range HasCabin
1044   3701   NA              S     100          5       55+    FALSE
> merged[a[,1],]$Fare <- mean(subset(merged,Pclass==3)$Fare,na.rm=TRUE)
> 
> merged$Farebracket <- as.factor(cut2(merged$Fare,g=5))
> 
> g <- ggplot(merged[1:891,], aes(x=Farebracket,fill=factor(Survived))) + geom_bar(pos="fill")
> g <- g +facet_wrap(~Pclass) + labs(y = "Proportion Survived",fill = "Survived",title="Survivor split by class and Fare Bracket - Normalized")
> g <- g + theme(axis.text.x = element_text(angle = 90, hjust = 1),plot.title = element_text(size=14))
> g 
> 
> subset(merged,Fare==0)
     PassengerId Survived Pclass                                  Name  Sex Age
180          180        0      3                   Leonard, Mr. Lionel male  36
264          264        0      1                 Harrison, Mr. William male  40
272          272        1      3          Tornquist, Mr. William Henry male  25
278          278        0      2           Parkes, Mr. Francis "Frank" male  NA
303          303        0      3       Johnson, Mr. William Cahoone Jr male  19
414          414        0      2        Cunningham, Mr. Alfred Fleming male  NA
467          467        0      2                 Campbell, Mr. William male  NA
482          482        0      2      Frost, Mr. Anthony Wood "Archie" male  NA
598          598        0      3                   Johnson, Mr. Alfred male  49
634          634        0      1         Parr, Mr. William Henry Marsh male  NA
675          675        0      2            Watson, Mr. Ennis Hastings male  NA
733          733        0      2                  Knight, Mr. Robert J male  NA
807          807        0      1                Andrews, Mr. Thomas Jr male  39
816          816        0      1                      Fry, Mr. Richard male  NA
823          823        0      1       Reuchlin, Jonkheer. John George male  38
1158        1158       NA      1 Chisholm, Mr. Roderick Robert Crispin male  NA
1264        1264       NA      1               Ismay, Mr. Joseph Bruce male  49
     SibSp Parch Ticket Fare       Cabin Embarked Missing Agebracket Age_range
180      0     0   LINE    0                    S     110          4     30-54
264      0     0 112059    0         B94        S     111          4     30-54
272      0     0   LINE    0                    S     110          3     18-29
278      0     0 239853    0                    S     010       <NA>      <NA>
303      0     0   LINE    0                    S     110          3     18-29
414      0     0 239853    0                    S     010       <NA>      <NA>
467      0     0 239853    0                    S     010       <NA>      <NA>
482      0     0 239854    0                    S     010       <NA>      <NA>
598      0     0   LINE    0                    S     110          4     30-54
634      0     0 112052    0                    S     010       <NA>      <NA>
675      0     0 239856    0                    S     010       <NA>      <NA>
733      0     0 239855    0                    S     010       <NA>      <NA>
807      0     0 112050    0         A36        S     111          4     30-54
816      0     0 112058    0        B102        S     011       <NA>      <NA>
823      0     0  19972    0                    S     110          4     30-54
1158     0     0 112051    0                    S     010       <NA>      <NA>
1264     0     0 112058    0 B52 B54 B56        S     111          4     30-54
     HasCabin    Farebracket
180     FALSE [ 0.00,  7.88)
264      TRUE [ 0.00,  7.88)
272     FALSE [ 0.00,  7.88)
278     FALSE [ 0.00,  7.88)
303     FALSE [ 0.00,  7.88)
414     FALSE [ 0.00,  7.88)
467     FALSE [ 0.00,  7.88)
482     FALSE [ 0.00,  7.88)
598     FALSE [ 0.00,  7.88)
634     FALSE [ 0.00,  7.88)
675     FALSE [ 0.00,  7.88)
733     FALSE [ 0.00,  7.88)
807      TRUE [ 0.00,  7.88)
816      TRUE [ 0.00,  7.88)
823     FALSE [ 0.00,  7.88)
1158    FALSE [ 0.00,  7.88)
1264     TRUE [ 0.00,  7.88)
> 
> 
> ## --------------------------------------------------------------------------------------------------------------------------------------------------------------------------------------------------------------------------------
> head(order(merged$Fare,decreasing = TRUE))
[1]  259  680  738 1235   28   89
> merged[259,]
    PassengerId Survived Pclass             Name    Sex Age SibSp Parch
259         259        1      1 Ward, Miss. Anna female  35     0     0
      Ticket     Fare Cabin Embarked Missing Agebracket Age_range HasCabin
259 PC 17755 512.3292              C     110          4     30-54    FALSE
       Farebracket
259 [42.40,512.33]
> 
> subset(merged,Fare==merged$Fare[259])
     PassengerId Survived Pclass
259          259        1      1
680          680        1      1
738          738        1      1
1235        1235       NA      1
                                                                Name    Sex Age
259                                                 Ward, Miss. Anna female  35
680                               Cardeza, Mr. Thomas Drake Martinez   male  36
738                                           Lesurer, Mr. Gustave J   male  35
1235 Cardeza, Mrs. James Warburton Martinez (Charlotte Wardle Drake) female  58
     SibSp Parch   Ticket     Fare       Cabin Embarked Missing Agebracket
259      0     0 PC 17755 512.3292                    C     110          4
680      0     1 PC 17755 512.3292 B51 B53 B55        C     111          4
738      0     0 PC 17755 512.3292        B101        C     111          4
1235     0     1 PC 17755 512.3292 B51 B53 B55        C     111          5
     Age_range HasCabin    Farebracket
259      30-54    FALSE [42.40,512.33]
680      30-54     TRUE [42.40,512.33]
738      30-54     TRUE [42.40,512.33]
1235       55+     TRUE [42.40,512.33]
> 
> 
> ## --------------------------------------------------------------------------------------------------------------------------------------------------------------------------------------------------------------------------------
> g <- ggplot(merged[1:891,],aes(x=Fare,y=Age,shape=factor(Survived),color=factor(Survived))) + geom_point() + scale_shape_manual(values=c(1,3)) + xlim(0, 300)
> 
> g <- g +facet_wrap(~Pclass) + labs(fill="Survived",title="Survival scatterplot of Fare and Age, Split by Class") + theme(plot.title = element_text(size=14))
> g
Warning message:
Removed 180 rows containing missing values (geom_point). 
> 
> 
> ## --------------------------------------------------------------------------------------------------------------------------------------------------------------------------------------------------------------------------------
> merged$Title <- gsub('(.*, )|(\\..*)', '', merged$Name)
> 
> count(merged,Title)
          Title   n
1          Capt   1
2           Col   4
3           Don   1
4          Dona   1
5            Dr   8
6      Jonkheer   1
7          Lady   1
8         Major   2
9        Master  61
10         Miss 260
11         Mlle   2
12          Mme   1
13           Mr 757
14          Mrs 197
15           Ms   2
16          Rev   8
17          Sir   1
18 the Countess   1
> 
> merged$Title <- as.factor(merged$Title)
> 
> a <- count(merged,Title)
> 
> a <- a[a$n>2,]$Title
> dftemp <- merged[1:891,]
> dftemp <- dftemp[dftemp$Title %in% a,]
> 
> g <- ggplot(dftemp, aes(x=Title,fill=factor(Survived))) + geom_bar(pos="fill")
> g <- g +facet_wrap(~Pclass) + labs(y = "Proportion Survived",fill = "Survived",title="Survivor split by class and Title - Normalized") + theme(plot.title = element_text(size=14))
> g
> 
> 
> ## --------------------------------------------------------------------------------------------------------------------------------------------------------------------------------------------------------------------------------
> merged <- ddply(merged,.(Ticket),transform,Ticketsize=length(Ticket))
> merged$Ticketsize <- as.factor(merged$Ticketsize)
> merged <- merged[order(merged$PassengerId),] # ddply mixes up order
> 
> 
> ## --------------------------------------------------------------------------------------------------------------------------------------------------------------------------------------------------------------------------------
> count(merged,Embarked)
  Embarked   n
1            2
2        C 270
3        Q 123
4        S 914
> subset(merged,Embarked == "")
   PassengerId Survived Pclass                                      Name    Sex
59          62        1      1                       Icard, Miss. Amelie female
60         830        1      1 Stone, Mrs. George Nelson (Martha Evelyn) female
   Age SibSp Parch Ticket Fare Cabin Embarked Missing Agebracket Age_range
59  38     0     0 113572   80   B28              111          4     30-54
60  62     0     0 113572   80   B28              111          5       55+
   HasCabin    Farebracket Title Ticketsize
59     TRUE [42.40,512.33]  Miss          2
60     TRUE [42.40,512.33]   Mrs          2
> merged[c(62,830),"Embarked"] <- "S"
> merged$Embarked <- as.factor(merged$Embarked)
> 
> 
> ## --------------------------------------------------------------------------------------------------------------------------------------------------------------------------------------------------------------------------------
> m1 <- merged[, !names(merged) %in% c("Agebracket","Age_range")]
> mice_ages <- mice(m1[, !names(m1) %in% c('PassengerId','Name','Ticket','Cabin','Family','Surname','Survived','Missing')], method='rf',seed = 1234)

 iter imp variable
  1   1  Age
  1   2  Age
  1   3  Age
  1   4  Age
  1   5  Age
  2   1  Age
  2   2  Age
  2   3  Age
  2   4  Age
  2   5  Age
  3   1  Age
  3   2  Age
  3   3  Age
  3   4  Age
  3   5  Age
  4   1  Age
  4   2  Age
  4   3  Age
  4   4  Age
  4   5  Age
  5   1  Age
  5   2  Age
  5   3  Age
  5   4  Age
  5   5  Age
> mice_out <- mice::complete(mice_ages)
> 
> merged$Age <- mice_out$Age
> merged$Agebracket <- findInterval(merged$Age,agebrackets)
> merged <- join(merged,agetable,by="Agebracket")
> 
> colSums(is.na(merged))+colSums(merged=="")
PassengerId    Survived      Pclass        Name         Sex         Age 
          0           0           0           0           0           0 
      SibSp       Parch      Ticket        Fare       Cabin    Embarked 
          0           0           0           0        1014           0 
    Missing  Agebracket   Age_range    HasCabin Farebracket       Title 
          0           0          NA           0           0           0 
 Ticketsize   Age_range 
          0           0 
> 
> 
> 
> ## --------------------------------------------------------------------------------------------------------------------------------------------------------------------------------------------------------------------------------
> mergedtrain <- merged[1:891,]
> mergedtest <- merged[892:1309,]
> mergedtrain$Survived <- as.factor(traindata$Survived)
> 
> set.seed(414)
> inTrain<- createDataPartition(y=mergedtrain$Survived,p=0.75, list=FALSE)
> train <- mergedtrain[inTrain,]
> test <- mergedtrain[-inTrain,]
> 
> 
> ## --------------------------------------------------------------------------------------------------------------------------------------------------------------------------------------------------------------------------------
> set.seed(414)
> 
> rf_agegroups <- randomForest(factor(Survived) ~ Pclass + Sex + Farebracket + Agebracket + HasCabin + Ticketsize + Embarked + Title,
+                        data = mergedtrain ,na.action = na.pass,nodesize=20)
> 
> rf_agegroups

Call:
 randomForest(formula = factor(Survived) ~ Pclass + Sex + Farebracket +      Agebracket + HasCabin + Ticketsize + Embarked + Title, data = mergedtrain,      nodesize = 20, na.action = na.pass) 
               Type of random forest: classification
                     Number of trees: 500
No. of variables tried at each split: 2

        OOB estimate of  error rate: 16.72%
Confusion matrix:
    0   1 class.error
0 496  53  0.09653916
1  96 246  0.28070175
> 
> rf_age <- randomForest(factor(Survived) ~ Pclass + Sex + Farebracket + Age + HasCabin + Ticketsize + Embarked + Title,
+                        data = mergedtrain ,na.action = na.pass,nodesize=20)
> 
> rf_age

Call:
 randomForest(formula = factor(Survived) ~ Pclass + Sex + Farebracket +      Age + HasCabin + Ticketsize + Embarked + Title, data = mergedtrain,      nodesize = 20, na.action = na.pass) 
               Type of random forest: classification
                     Number of trees: 500
No. of variables tried at each split: 2

        OOB estimate of  error rate: 16.95%
Confusion matrix:
    0   1 class.error
0 493  56   0.1020036
1  95 247   0.2777778
> rf_age$confusion
    0   1 class.error
0 493  56   0.1020036
1  95 247   0.2777778
> varImpPlot(rf_age)
> importance(rf_age)
            MeanDecreaseGini
Pclass             25.765185
Sex                52.828732
Farebracket        15.900967
Age                23.310195
HasCabin           14.123759
Ticketsize         26.571887
Embarked            6.026045
Title              70.611637
> 
> 
> ## --------------------------------------------------------------------------------------------------------------------------------------------------------------------------------------------------------------------------------
> 
> unique(merged$Missing)
[1] "110" "111" "010" "011" "100"
> 
> dftemp <- mergedtrain[,c("Survived","Pclass","Sex","Fare","Age","HasCabin","Ticketsize","Embarked","Title","Missing")]
> 
> rf110 <- randomForest(factor(Survived) ~ .,
+                         data = subset(dftemp[,!names(dftemp) %in% c("HasCabin")],dftemp$Missing=="110"))
> 
> rf111 <- randomForest(factor(Survived) ~ .,
+                         data = subset(dftemp[,!names(dftemp) %in% c()],dftemp$Missing=="111"))
> 
> rf010 <- randomForest(factor(Survived) ~ .,
+                         data = subset(dftemp[,!names(dftemp) %in% c("Age","HasCabin")],dftemp$Missing=="010"))
> 
> rf011 <- randomForest(factor(Survived) ~ .,
+                         data = subset(dftemp[,!names(dftemp) %in% c("Age")],dftemp$Missing=="011"))
> 
> rf100 <- rf111
> 
> rf110$confusion
    0   1 class.error
0 339  25  0.06868132
1  62 103  0.37575758
> rf111$confusion
   0   1 class.error
0 39  21       0.350
1 22 103       0.176
> rf010$confusion
    0  1 class.error
0 108  9  0.07692308
1  12 29  0.29268293
> rf011$confusion
  0 1 class.error
0 7 1   0.1250000
1 4 7   0.3636364
> 
> 
> ## --------------------------------------------------------------------------------------------------------------------------------------------------------------------------------------------------------------------------------
> p110 <- predict(rf110,mergedtest[mergedtest$Missing=="110",])
> p111 <- predict(rf110,mergedtest[mergedtest$Missing=="111",])
> p010 <- predict(rf110,mergedtest[mergedtest$Missing=="010",])
> p011 <- predict(rf110,mergedtest[mergedtest$Missing=="011",])
> p100 <- predict(rf110,mergedtest[mergedtest$Missing=="100",])
> 
> 
> ## --------------------------------------------------------------------------------------------------------------------------------------------------------------------------------------------------------------------------------
> submission <- rbind(data.frame(PassengerId=names(p110),Survived=p110),data.frame(PassengerId=names(p111),Survived=p111),data.frame(PassengerId=names(p010),Survived=p010),data.frame(PassengerId=names(p011),Survived=p011),data.frame(PassengerId=names(p100),Survived=p100))
> 
> if(!file.exists("./predictions.csv")) {
+         write.csv(submission, file = "./predictions.csv",row.names = F)}
> 
> 
> proc.time()
   user  system elapsed 
  7.435   0.404   7.857 
