
R version 3.6.1 (2019-07-05) -- "Action of the Toes"
Copyright (C) 2019 The R Foundation for Statistical Computing
Platform: x86_64-apple-darwin15.6.0 (64-bit)

R is free software and comes with ABSOLUTELY NO WARRANTY.
You are welcome to redistribute it under certain conditions.
Type 'license()' or 'licence()' for distribution details.

  Natural language support but running in an English locale

R is a collaborative project with many contributors.
Type 'contributors()' for more information and
'citation()' on how to cite R or R packages in publications.

Type 'demo()' for some demos, 'help()' for on-line help, or
'help.start()' for an HTML browser interface to help.
Type 'q()' to quit R.

> 
> library(readr) # Reading in data
> library(dplyr) # Data manipulation

Attaching package: â€˜dplyrâ€™

The following objects are masked from â€˜package:statsâ€™:

    filter, lag

The following objects are masked from â€˜package:baseâ€™:

    intersect, setdiff, setequal, union

Warning message:
package â€˜dplyrâ€™ was built under R version 3.6.2 
> library(tibble) # Data manipulation
Warning message:
package â€˜tibbleâ€™ was built under R version 3.6.2 
> library(ggplot2) # Data visualization
Warning message:
package â€˜ggplot2â€™ was built under R version 3.6.2 
> library(ggthemes) # Data visualization
> library(RColorBrewer) # Data visualization
> 
> titanic <- read_csv("../input/train.csv")
Parsed with column specification:
cols(
  PassengerId = [32mcol_double()[39m,
  Survived = [32mcol_double()[39m,
  Pclass = [32mcol_double()[39m,
  Name = [31mcol_character()[39m,
  Sex = [31mcol_character()[39m,
  Age = [32mcol_double()[39m,
  SibSp = [32mcol_double()[39m,
  Parch = [32mcol_double()[39m,
  Ticket = [31mcol_character()[39m,
  Fare = [32mcol_double()[39m,
  Cabin = [31mcol_character()[39m,
  Embarked = [31mcol_character()[39m
)
> head(titanic)
[90m# A tibble: 6 x 12[39m
  PassengerId Survived Pclass Name  Sex     Age SibSp Parch Ticket  Fare Cabin
        [3m[90m<dbl>[39m[23m    [3m[90m<dbl>[39m[23m  [3m[90m<dbl>[39m[23m [3m[90m<chr>[39m[23m [3m[90m<chr>[39m[23m [3m[90m<dbl>[39m[23m [3m[90m<dbl>[39m[23m [3m[90m<dbl>[39m[23m [3m[90m<chr>[39m[23m  [3m[90m<dbl>[39m[23m [3m[90m<chr>[39m[23m
[90m1[39m           1        0      3 Brauâ€¦ male     22     1     0 A/5 2â€¦  7.25 [31mNA[39m   
[90m2[39m           2        1      1 Cumiâ€¦ femaâ€¦    38     1     0 PC 17â€¦ 71.3  C85  
[90m3[39m           3        1      3 Heikâ€¦ femaâ€¦    26     0     0 STON/â€¦  7.92 [31mNA[39m   
[90m4[39m           4        1      1 Futrâ€¦ femaâ€¦    35     1     0 113803 53.1  C123 
[90m5[39m           5        0      3 Alleâ€¦ male     35     0     0 373450  8.05 [31mNA[39m   
[90m6[39m           6        0      3 Moraâ€¦ male     [31mNA[39m     0     0 330877  8.46 [31mNA[39m   
[90m# â€¦ with 1 more variable: Embarked [3m[90m<chr>[90m[23m[39m
> 
> titanic <- titanic %>%
+   mutate(Pclass = factor(Pclass), 
+          Survived = factor(Survived), 
+          Sex = factor(Sex)) 
> 
> survival <- table(titanic$Survived) %>%
+   as_tibble() %>%
+   rename(Survived = Var1, Count = n)
Error: Column 1 must be named.
Use `names(dimnames(x)) <- ...` to assign names to a table.
Backtrace:
[90m     [39mâ–ˆ
[90m  1. [39mâ””â”€`%>%`(...)
[90m  2. [39m  â”œâ”€base::withVisible(eval(quote(`_fseq`(`_lhs`)), env, env))
[90m  3. [39m  â””â”€base::eval(quote(`_fseq`(`_lhs`)), env, env)
[90m  4. [39m    â””â”€base::eval(quote(`_fseq`(`_lhs`)), env, env)
[90m  5. [39m      â””â”€`_fseq`(`_lhs`)
[90m  6. [39m        â””â”€magrittr::freduce(value, `_function_list`)
[90m  7. [39m          â””â”€function_list[[i]](value)
[90m  8. [39m            â”œâ”€tibble::as_tibble(.)
[90m  9. [39m            â””â”€tibble:::as_tibble.table(.)
[90m 10. [39m              â””â”€tibble:::repaired_names(...)
[90m 11. [39m                â””â”€tibble:::subclass_name_repair_errors(...)
[90m 12. [39m                  â””â”€base::tryCatch(...)
[90m 13. [39m                    â””â”€base:::tryCatchList(expr, classes, parentenv, handlers)
[90m 14. [39m                      â”œ
Execution halted
