
R version 3.6.1 (2019-07-05) -- "Action of the Toes"
Copyright (C) 2019 The R Foundation for Statistical Computing
Platform: x86_64-apple-darwin15.6.0 (64-bit)

R is free software and comes with ABSOLUTELY NO WARRANTY.
You are welcome to redistribute it under certain conditions.
Type 'license()' or 'licence()' for distribution details.

  Natural language support but running in an English locale

R is a collaborative project with many contributors.
Type 'contributors()' for more information and
'citation()' on how to cite R or R packages in publications.

Type 'demo()' for some demos, 'help()' for on-line help, or
'help.start()' for an HTML browser interface to help.
Type 'q()' to quit R.

> 
> #Load libraries
> library(ggplot2) # Data visualization
Warning message:
package â€˜ggplot2â€™ was built under R version 3.6.2 
> library(readr) # CSV file I/O, e.g. the read_csv function
> library(caret) # Machine learning toolbox
Loading required package: lattice
> library(tidyverse) #Data manipulation
â”€â”€ [1mAttaching packages[22m â”€â”€â”€â”€â”€â”€â”€â”€â”€â”€â”€â”€â”€â”€â”€â”€â”€â”€â”€â”€â”€â”€â”€â”€â”€â”€â”€â”€â”€â”€â”€â”€â”€â”€â”€â”€â”€â”€â”€â”€â”€â”€â”€â”€â”€â”€â”€â”€â”€â”€â”€â”€â”€â”€â”€â”€â”€â”€â”€â”€â”€â”€â”€â”€â”€â”€â”€â”€â”€â”€â”€â”€â”€â”€â”€â”€â”€â”€â”€â”€â”€â”€â”€â”€â”€â”€â”€â”€â”€â”€â”€â”€â”€â”€â”€â”€â”€â”€â”€â”€â”€â”€ tidyverse 1.3.0 â”€â”€
[32mâœ“[39m [34mtibble [39m 3.0.1     [32mâœ“[39m [34mdplyr  [39m 1.0.2
[32mâœ“[39m [34mtidyr  [39m 1.1.0     [32mâœ“[39m [34mstringr[39m 1.4.0
[32mâœ“[39m [34mpurrr  [39m 0.3.4     [32mâœ“[39m [34mforcats[39m 0.5.0
â”€â”€ [1mConflicts[22m â”€â”€â”€â”€â”€â”€â”€â”€â”€â”€â”€â”€â”€â”€â”€â”€â”€â”€â”€â”€â”€â”€â”€â”€â”€â”€â”€â”€â”€â”€â”€â”€â”€â”€â”€â”€â”€â”€â”€â”€â”€â”€â”€â”€â”€â”€â”€â”€â”€â”€â”€â”€â”€â”€â”€â”€â”€â”€â”€â”€â”€â”€â”€â”€â”€â”€â”€â”€â”€â”€â”€â”€â”€â”€â”€â”€â”€â”€â”€â”€â”€â”€â”€â”€â”€â”€â”€â”€â”€â”€â”€â”€â”€â”€â”€â”€â”€â”€â”€â”€â”€â”€â”€â”€â”€ tidyverse_conflicts() â”€â”€
[31mx[39m [34mdplyr[39m::[32mfilter()[39m masks [34mstats[39m::filter()
[31mx[39m [34mdplyr[39m::[32mlag()[39m    masks [34mstats[39m::lag()
[31mx[39m [34mpurrr[39m::[32mlift()[39m   masks [34mcaret[39m::lift()
Warning messages:
1: package â€˜tibbleâ€™ was built under R version 3.6.2 
2: package â€˜tidyrâ€™ was built under R version 3.6.2 
3: package â€˜purrrâ€™ was built under R version 3.6.2 
4: package â€˜dplyrâ€™ was built under R version 3.6.2 
> library(magrittr) #Make code easier to read 

Attaching package: â€˜magrittrâ€™

The following object is masked from â€˜package:purrrâ€™:

    set_names

The following object is masked from â€˜package:tidyrâ€™:

    extract

> library(repr) #Control plot size
Error in library(repr) : there is no package called â€˜reprâ€™
Execution halted
